Component: ARM Compiler 5.06 update 6 (build 750) Tool: armlink [4d35ed]

==============================================================================

Section Cross References

    startup_stm32f103xb.o(RESET) refers to startup_stm32f103xb.o(STACK) for __initial_sp
    startup_stm32f103xb.o(RESET) refers to startup_stm32f103xb.o(.text) for Reset_Handler
    startup_stm32f103xb.o(RESET) refers to stm32f1xx_it.o(i.NMI_Handler) for NMI_Handler
    startup_stm32f103xb.o(RESET) refers to stm32f1xx_it.o(i.HardFault_Handler) for HardFault_Handler
    startup_stm32f103xb.o(RESET) refers to stm32f1xx_it.o(i.MemManage_Handler) for MemManage_Handler
    startup_stm32f103xb.o(RESET) refers to stm32f1xx_it.o(i.BusFault_Handler) for BusFault_Handler
    startup_stm32f103xb.o(RESET) refers to stm32f1xx_it.o(i.UsageFault_Handler) for UsageFault_Handler
    startup_stm32f103xb.o(RESET) refers to port.o(.emb_text) for SVC_Handler
    startup_stm32f103xb.o(RESET) refers to stm32f1xx_it.o(i.DebugMon_Handler) for DebugMon_Handler
    startup_stm32f103xb.o(RESET) refers to port.o(i.SysTick_Handler) for SysTick_Handler
    startup_stm32f103xb.o(RESET) refers to stm32f1xx_it.o(i.DMA1_Channel1_IRQHandler) for DMA1_Channel1_IRQHandler
    startup_stm32f103xb.o(RESET) refers to stm32f1xx_it.o(i.USB_LP_CAN1_RX0_IRQHandler) for USB_LP_CAN1_RX0_IRQHandler
    startup_stm32f103xb.o(RESET) refers to stm32f1xx_it.o(i.TIM1_UP_IRQHandler) for TIM1_UP_IRQHandler
    startup_stm32f103xb.o(.text) refers to system_stm32f1xx.o(i.SystemInit) for SystemInit
    startup_stm32f103xb.o(.text) refers to entry.o(.ARM.Collect$$$$00000000) for __main
    process.o(i.Contol_Out) refers to process.o(i.PWM_Out) for PWM_Out
    process.o(i.Contol_Out) refers to freertos.o(.bss) for shift_geer
    process.o(i.Data_Collect) refers to stm32f1xx_hal_gpio.o(i.HAL_GPIO_ReadPin) for HAL_GPIO_ReadPin
    process.o(i.Data_Collect) refers to printf1.o(i.__0printf$1) for __2printf
    process.o(i.Data_Collect) refers to freertos.o(.bss) for shift_geer
    process.o(i.Data_Collect) refers to freertos.o(.bss) for data_collect
    process.o(i.Data_Process) refers to adc.o(i.ADC_Filter) for ADC_Filter
    process.o(i.Data_Process) refers to freertos.o(.bss) for shift_geer
    process.o(i.Data_Process) refers to freertos.o(.bss) for data_collect
    process.o(i.Default_Data_Init) refers to freertos.o(.bss) for shift_geer
    process.o(i.Default_Data_Init) refers to freertos.o(.bss) for data_collect
    process.o(i.Geer_Can_Data) refers to printf1.o(i.__0printf$1) for __2printf
    process.o(i.Geer_Can_Data) refers to freertos.o(.bss) for shift_geer
    process.o(i.PWM_Out) refers to tim.o(.bss) for htim3
    main.o(i.HAL_TIM_PeriodElapsedCallback) refers to stm32f1xx_hal.o(i.HAL_IncTick) for HAL_IncTick
    main.o(i.SystemClock_Config) refers to memseta.o(.text) for __aeabi_memclr4
    main.o(i.SystemClock_Config) refers to stm32f1xx_hal_rcc.o(i.HAL_RCC_OscConfig) for HAL_RCC_OscConfig
    main.o(i.SystemClock_Config) refers to stm32f1xx_hal_rcc.o(i.HAL_RCC_ClockConfig) for HAL_RCC_ClockConfig
    main.o(i.SystemClock_Config) refers to stm32f1xx_hal_rcc_ex.o(i.HAL_RCCEx_PeriphCLKConfig) for HAL_RCCEx_PeriphCLKConfig
    main.o(i.main) refers to stm32f1xx_hal.o(i.HAL_Init) for HAL_Init
    main.o(i.main) refers to main.o(i.SystemClock_Config) for SystemClock_Config
    main.o(i.main) refers to gpio.o(i.MX_GPIO_Init) for MX_GPIO_Init
    main.o(i.main) refers to dma.o(i.MX_DMA_Init) for MX_DMA_Init
    main.o(i.main) refers to adc.o(i.MX_ADC1_Init) for MX_ADC1_Init
    main.o(i.main) refers to iwdg.o(i.MX_IWDG_Init) for MX_IWDG_Init
    main.o(i.main) refers to can.o(i.MX_CAN_Init) for MX_CAN_Init
    main.o(i.main) refers to i2c.o(i.MX_I2C1_Init) for MX_I2C1_Init
    main.o(i.main) refers to tim.o(i.MX_TIM2_Init) for MX_TIM2_Init
    main.o(i.main) refers to tim.o(i.MX_TIM3_Init) for MX_TIM3_Init
    main.o(i.main) refers to usart.o(i.MX_USART1_UART_Init) for MX_USART1_UART_Init
    main.o(i.main) refers to can.o(i.CAN_User_Init) for CAN_User_Init
    main.o(i.main) refers to printf1.o(i.__0printf$1) for __2printf
    main.o(i.main) refers to stm32f1xx_hal_adc_ex.o(i.HAL_ADCEx_Calibration_Start) for HAL_ADCEx_Calibration_Start
    main.o(i.main) refers to stm32f1xx_hal_tim.o(i.HAL_TIM_PWM_Start) for HAL_TIM_PWM_Start
    main.o(i.main) refers to stm32f1xx_hal_adc.o(i.HAL_ADC_Start_DMA) for HAL_ADC_Start_DMA
    main.o(i.main) refers to process.o(i.Default_Data_Init) for Default_Data_Init
    main.o(i.main) refers to i2c.o(i.EEPROM_DATA_Init) for EEPROM_DATA_Init
    main.o(i.main) refers to freertos.o(i.MX_FREERTOS_Init) for MX_FREERTOS_Init
    main.o(i.main) refers to cmsis_os.o(i.osKernelStart) for osKernelStart
    main.o(i.main) refers to adc.o(.bss) for hadc1
    main.o(i.main) refers to tim.o(.bss) for htim2
    main.o(i.main) refers to freertos.o(.bss) for data_collect
[...]
    i.HAL_ADC_Init                           0x08000ad0   Section        0  stm32f1xx_hal_adc.o(i.HAL_ADC_Init)
    i.HAL_ADC_MspInit                        0x08000bec   Section        0  adc.o(i.HAL_ADC_MspInit)
    i.HAL_ADC_Start_DMA                      0x08000ca0   Section        0  stm32f1xx_hal_adc.o(i.HAL_ADC_Start_DMA)
    i.HAL_CAN_ActivateNotification           0x08000dac   Section        0  stm32f1xx_hal_can.o(i.HAL_CAN_ActivateNotification)
    i.HAL_CAN_AddTxMessage                   0x08000dd0   Section        0  stm32f1xx_hal_can.o(i.HAL_CAN_AddTxMessage)
    i.HAL_CAN_ConfigFilter                   0x08000e98   Section        0  stm32f1xx_hal_can.o(i.HAL_CAN_ConfigFilter)
    i.HAL_CAN_ErrorCallback                  0x08000f86   Section        0  stm32f1xx_hal_can.o(i.HAL_CAN_ErrorCallback)
    i.HAL_CAN_GetRxMessage                   0x08000f88   Section        0  stm32f1xx_hal_can.o(i.HAL_CAN_GetRxMessage)
    i.HAL_CAN_IRQHandler                     0x08001070   Section        0  stm32f1xx_hal_can.o(i.HAL_CAN_IRQHandler)
    i.HAL_CAN_Init                           0x0800126c   Section        0  stm32f1xx_hal_can.o(i.HAL_CAN_Init)
    i.HAL_CAN_MspInit                        0x08001388   Section        0  can.o(i.HAL_CAN_MspInit)
    i.HAL_CAN_RxFifo0FullCallback            0x08001404   Section        0  stm32f1xx_hal_can.o(i.HAL_CAN_RxFifo0FullCallback)
    i.HAL_CAN_RxFifo0MsgPendingCallback      0x08001408   Section        0  can.o(i.HAL_CAN_RxFifo0MsgPendingCallback)
    i.HAL_CAN_RxFifo1FullCallback            0x08001498   Section        0  stm32f1xx_hal_can.o(i.HAL_CAN_RxFifo1FullCallback)
    i.HAL_CAN_RxFifo1MsgPendingCallback      0x0800149a   Section        0  stm32f1xx_hal_can.o(i.HAL_CAN_RxFifo1MsgPendingCallback)
    i.HAL_CAN_SleepCallback                  0x0800149c   Section        0  stm32f1xx_hal_can.o(i.HAL_CAN_SleepCallback)
    i.HAL_CAN_Start                          0x080014a0   Section        0  stm32f1xx_hal_can.o(i.HAL_CAN_Start)
    i.HAL_CAN_TxMailbox0AbortCallback        0x080014f8   Section        0  stm32f1xx_hal_can.o(i.HAL_CAN_TxMailbox0AbortCallback)
    i.HAL_CAN_TxMailbox0CompleteCallback     0x080014fa   Section        0  stm32f1xx_hal_can.o(i.HAL_CAN_TxMailbox0CompleteCallback)
    i.HAL_CAN_TxMailbox1AbortCallback        0x080014fc   Section        0  stm32f1xx_hal_can.o(i.HAL_CAN_TxMailbox1AbortCallback)
    i.HAL_CAN_TxMailbox1CompleteCallback     0x080014fe   Section        0  stm32f1xx_hal_can.o(i.HAL_CAN_TxMailbox1CompleteCallback)
    i.HAL_CAN_TxMailbox2AbortCallback        0x08001500   Section        0  stm32f1xx_hal_can.o(i.HAL_CAN_TxMailbox2AbortCallback)
    i.HAL_CAN_TxMailbox2CompleteCallback     0x08001502   Section        0  stm32f1xx_hal_can.o(i.HAL_CAN_TxMailbox2CompleteCallback)
    i.HAL_CAN_WakeUpFromRxMsgCallback        0x08001504   Section        0  stm32f1xx_hal_can.o(i.HAL_CAN_WakeUpFromRxMsgCallback)
    i.HAL_DMA_IRQHandler                     0x08001508   Section        0  stm32f1xx_hal_dma.o(i.HAL_DMA_IRQHandler)
    i.HAL_DMA_Init                           0x0800165c   Section        0  stm32f1xx_hal_dma.o(i.HAL_DMA_Init)
    i.HAL_DMA_Start_IT                       0x080016b8   Section        0  stm32f1xx_hal_dma.o(i.HAL_DMA_Start_IT)
    i.HAL_Delay                              0x08001728   Section        0  stm32f1xx_hal.o(i.HAL_Delay)
    i.HAL_GPIO_Init                          0x0800174c   Section        0  stm32f1xx_hal_gpio.o(i.HAL_GPIO_Init)
    i.HAL_GPIO_ReadPin                       0x0800192c   Section        0  stm32f1xx_hal_gpio.o(i.HAL_GPIO_ReadPin)
    i.HAL_GPIO_TogglePin                     0x08001936   Section        0  stm32f1xx_hal_gpio.o(i.HAL_GPIO_TogglePin)
    i.HAL_GPIO_WritePin                      0x08001946   Section        0  stm32f1xx_hal_gpio.o(i.HAL_GPIO_WritePin)
    i.HAL_GetTick                            0x08001950   Section        0  stm32f1xx_hal.o(i.HAL_GetTick)
    i.HAL_I2C_Init                           0x0800195c   Section        0  stm32f1xx_hal_i2c.o(i.HAL_I2C_Init)
    i.HAL_I2C_Mem_Read                       0x08001ae4   Section        0  stm32f1xx_hal_i2c.o(i.HAL_I2C_Mem_Read)
    i.HAL_I2C_Mem_Write                      0x08001d34   Section        0  stm32f1xx_hal_i2c.o(i.HAL_I2C_Mem_Write)
    i.HAL_I2C_MspInit                        0x08001e64   Section        0  i2c.o(i.HAL_I2C_MspInit)
    i.HAL_IWDG_Init                          0x08001ec0   Section        0  stm32f1xx_hal_iwdg.o(i.HAL_IWDG_Init)
    i.HAL_IWDG_Refresh                       0x08001f1a   Section        0  stm32f1xx_hal_iwdg.o(i.HAL_IWDG_Refresh)
    i.HAL_IncTick                            0x08001f28   Section        0  stm32f1xx_hal.o(i.HAL_IncTick)
    i.HAL_Init                               0x08001f38   Section        0  stm32f1xx_hal.o(i.HAL_Init)
    i.HAL_InitTick                           0x08001f5c   Section        0  stm32f1xx_hal_timebase_tim.o(i.HAL_InitTick)
    i.HAL_MspInit                            0x08001fd0   Section        0  stm32f1xx_hal_msp.o(i.HAL_MspInit)
    i.HAL_NVIC_EnableIRQ                     0x08002018   Section        0  stm32f1xx_hal_cortex.o(i.HAL_NVIC_EnableIRQ)
    i.HAL_NVIC_SetPriority                   0x08002034   Section        0  stm32f1xx_hal_cortex.o(i.HAL_NVIC_SetPriority)
    i.HAL_NVIC_SetPriorityGrouping           0x08002074   Section        0  stm32f1xx_hal_cortex.o(i.HAL_NVIC_SetPriorityGrouping)
    i.HAL_RCCEx_GetPeriphCLKFreq             0x08002098   Section        0  stm32f1xx_hal_rcc_ex.o(i.HAL_RCCEx_GetPeriphCLKFreq)
    i.HAL_RCCEx_PeriphCLKConfig              0x08002160   Section        0  stm32f1xx_hal_rcc_ex.o(i.HAL_RCCEx_PeriphCLKConfig)
    i.HAL_RCC_ClockConfig                    0x0800224c   Section        0  stm32f1xx_hal_rcc.o(i.HAL_RCC_ClockConfig)
    i.HAL_RCC_GetClockConfig                 0x08002378   Section        0  stm32f1xx_hal_rcc.o(i.HAL_RCC_GetClockConfig)
    i.HAL_RCC_GetPCLK1Freq                   0x080023b8   Section        0  stm32f1xx_hal_rcc.o(i.HAL_RCC_GetPCLK1Freq)
    i.HAL_RCC_GetPCLK2Freq                   0x080023d8   Section        0  stm32f1xx_hal_rcc.o(i.HAL_RCC_GetPCLK2Freq)
    i.HAL_RCC_GetSysClockFreq                0x080023f8   Section        0  stm32f1xx_hal_rcc.o(i.HAL_RCC_GetSysClockFreq)
    i.HAL_RCC_OscConfig                      0x08002464   Section        0  stm32f1xx_hal_rcc.o(i.HAL_RCC_OscConfig)
    i.HAL_TIMEx_BreakCallback                0x08002784   Section        0  stm32f1xx_hal_tim_ex.o(i.HAL_TIMEx_BreakCallback)
    i.HAL_TIMEx_CommutCallback               0x08002786   Section        0  stm32f1xx_hal_tim_ex.o(i.HAL_TIMEx_CommutCallback)
    i.HAL_TIMEx_MasterConfigSynchronization  0x08002788   Section        0  stm32f1xx_hal_tim_ex.o(i.HAL_TIMEx_MasterConfigSynchronization)
    i.HAL_TIM_Base_Init                      0x080027f0   Section        0  stm32f1xx_hal_tim.o(i.HAL_TIM_Base_Init)
    i.HAL_TIM_Base_MspInit                   0x0800284c   Section        0  tim.o(i.HAL_TIM_Base_MspInit)
    i.HAL_TIM_Base_Start_IT                  0x08002888   Section        0  stm32f1xx_hal_tim.o(i.HAL_TIM_Base_Start_IT)
    i.HAL_TIM_ConfigClockSource              0x080028e0   Section        0  stm32f1xx_hal_tim.o(i.HAL_TIM_ConfigClockSource)
    i.HAL_TIM_IC_CaptureCallback             0x080029b6   Section        0  stm32f1xx_hal_tim.o(i.HAL_TIM_IC_CaptureCallback)
    i.HAL_TIM_IRQHandler                     0x080029b8   Section        0  stm32f1xx_hal_tim.o(i.HAL_TIM_IRQHandler)
    i.HAL_TIM_MspPostInit                    0x08002b20   Section        0  tim.o(i.HAL_TIM_MspPostInit)
    i.HAL_TIM_OC_DelayElapsedCallback        0x08002b84   Section        0  stm32f1xx_hal_tim.o(i.HAL_TIM_OC_DelayElapsedCallback)
    i.HAL_TIM_PWM_ConfigChannel              0x08002b86   Section        0  stm32f1xx_hal_tim.o(i.HAL_TIM_PWM_ConfigChannel)
    i.HAL_TIM_PWM_Init                       0x08002c4c   Section        0  stm32f1xx_hal_tim.o(i.HAL_TIM_PWM_Init)
    i.HAL_TIM_PWM_MspInit                    0x08002ca6   Section        0  stm32f1xx_hal_tim.o(i.HAL_TIM_PWM_MspInit)
    i.HAL_TIM_PWM_PulseFinishedCallback      0x08002ca8   Section        0  stm32f1xx_hal_tim.o(i.HAL_TIM_PWM_PulseFinishedCallback)
    i.HAL_TIM_PWM_Start                      0x08002cac   Section        0  stm32f1xx_hal_tim.o(i.HAL_TIM_PWM_Start)
    i.HAL_TIM_PeriodElapsedCallback          0x08002d48   Section        0  main.o(i.HAL_TIM_PeriodElapsedCallback)
    i.HAL_TIM_TriggerCallback                0x08002d5c   Section        0  stm32f1xx_hal_tim.o(i.HAL_TIM_TriggerCallback)
    i.HAL_UART_Init                          0x08002d5e   Section        0  stm32f1xx_hal_uart.o(i.HAL_UART_Init)
    i.HAL_UART_MspInit                       0x08002dc0   Section        0  usart.o(i.HAL_UART_MspInit)
    i.HAL_UART_Transmit                      0x08002e30   Section        0  stm32f1xx_hal_uart.o(i.HAL_UART_Transmit)
    i.HardFault_Handler                      0x08002ee2   Section        0  stm32f1xx_it.o(i.HardFault_Handler)
    i.I2C_IsAcknowledgeFailed                0x08002ee4   Section        0  stm32f1xx_hal_i2c.o(i.I2C_IsAcknowledgeFailed)
    I2C_IsAcknowledgeFailed                  0x08002ee5   Thumb Code    46  stm32f1xx_hal_i2c.o(i.I2C_IsAcknowledgeFailed)
    i.I2C_RequestMemoryRead                  0x08002f14   Section        0  stm32f1xx_hal_i2c.o(i.I2C_RequestMemoryRead)
    I2C_RequestMemoryRead                    0x08002f15   Thumb Code   246  stm32f1xx_hal_i2c.o(i.I2C_RequestMemoryRead)
    i.I2C_RequestMemoryWrite                 0x08003010   Section        0  stm32f1xx_hal_i2c.o(i.I2C_RequestMemoryWrite)
    I2C_RequestMemoryWrite                   0x08003011   Thumb Code   162  stm32f1xx_hal_i2c.o(i.I2C_RequestMemoryWrite)
    i.I2C_WaitOnBTFFlagUntilTimeout          0x080030b8   Section        0  stm32f1xx_hal_i2c.o(i.I2C_WaitOnBTFFlagUntilTimeout)
    I2C_WaitOnBTFFlagUntilTimeout            0x080030b9   Thumb Code    76  stm32f1xx_hal_i2c.o(i.I2C_WaitOnBTFFlagUntilTimeout)
    i.I2C_WaitOnFlagUntilTimeout             0x08003104   Section        0  stm32f1xx_hal_i2c.o(i.I2C_WaitOnFlagUntilTimeout)
    I2C_WaitOnFlagUntilTimeout               0x08003105   Thumb Code   104  stm32f1xx_hal_i2c.o(i.I2C_WaitOnFlagUntilTimeout)
    i.I2C_WaitOnMasterAddressFlagUntilTimeout 0x0800316c   Section        0  stm32f1xx_hal_i2c.o(i.I2C_WaitOnMasterAddressFlagUntilTimeout)
    I2C_WaitOnMasterAddressFlagUntilTimeout  0x0800316d   Thumb Code   150  stm32f1xx_hal_i2c.o(i.I2C_WaitOnMasterAddressFlagUntilTimeout)
    i.I2C_WaitOnRXNEFlagUntilTimeout         0x08003202   Section        0  stm32f1xx_hal_i2c.o(i.I2C_WaitOnRXNEFlagUntilTimeout)
    I2C_WaitOnRXNEFlagUntilTimeout           0x08003203   Thumb Code   102  stm32f1xx_hal_i2c.o(i.I2C_WaitOnRXNEFlagUntilTimeout)
    i.I2C_WaitOnTXEFlagUntilTimeout          0x08003268   Section        0  stm32f1xx_hal_i2c.o(i.I2C_WaitOnTXEFlagUntilTimeout)
    I2C_WaitOnTXEFlagUntilTimeout            0x08003269   Thumb Code    76  stm32f1xx_hal_i2c.o(i.I2C_WaitOnTXEFlagUntilTimeout)
    i.MX_ADC1_Init                           0x080032b4   Section        0  adc.o(i.MX_ADC1_Init)
    i.MX_CAN_Init                            0x0800331c   Section        0  can.o(i.MX_CAN_Init)
    i.MX_DMA_Init                            0x08003360   Section        0  dma.o(i.MX_DMA_Init)
    i.MX_FREERTOS_Init                       0x0800338c   Section        0  freertos.o(i.MX_FREERTOS_Init)
    i.MX_GPIO_Init                           0x080033f4   Section        0  gpio.o(i.MX_GPIO_Init)
    i.MX_I2C1_Init                           0x08003478   Section        0  i2c.o(i.MX_I2C1_Init)
    i.MX_IWDG_Init                           0x080034b8   Section        0  iwdg.o(i.MX_IWDG_Init)
    i.MX_TIM2_Init                           0x080034e4   Section        0  tim.o(i.MX_TIM2_Init)
    i.MX_TIM3_Init                           0x0800357c   Section        0  tim.o(i.MX_TIM3_Init)
    i.MX_USART1_UART_Init                    0x08003614   Section        0  usart.o(i.MX_USART1_UART_Init)
    i.MemManage_Handler                      0x0800364c   Section        0  stm32f1xx_it.o(i.MemManage_Handler)
    i.NMI_Handler                            0x0800364e   Section        0  stm32f1xx_it.o(i.NMI_Handler)
    i.PWM_Out                                0x08003650   Section        0  process.o(i.PWM_Out)
    i.Read_EEPROM                            0x08003670   Section        0  i2c.o(i.Read_EEPROM)
    i.StartDefaultTask                       0x080036a0   Section        0  freertos.o(i.StartDefaultTask)
    i.SysTick_Handler                        0x0800373c   Section        0  port.o(i.SysTick_Handler)
    i.SystemClock_Config                     0x08003768   Section        0  main.o(i.SystemClock_Config)
    i.SystemInit                             0x080037e8   Section        0  system_stm32f1xx.o(i.SystemInit)
    i.TIM1_UP_IRQHandler                     0x080037ec   Section        0  stm32f1xx_it.o(i.TIM1_UP_IRQHandler)
    i.TIM_Base_SetConfig                     0x080037f8   Section        0  stm32f1xx_hal_tim.o(i.TIM_Base_SetConfig)
    i.TIM_CCxChannelCmd                      0x08003864   Section        0  stm32f1xx_hal_tim.o(i.TIM_CCxChannelCmd)
    i.TIM_ETR_SetConfig                      0x0800387e   Section        0  stm32f1xx_hal_tim.o(i.TIM_ETR_SetConfig)
    i.TIM_ITRx_SetConfig                     0x08003892   Section        0  stm32f1xx_hal_tim.o(i.TIM_ITRx_SetConfig)
    TIM_ITRx_SetConfig                       0x08003893   Thumb Code    16  stm32f1xx_hal_tim.o(i.TIM_ITRx_SetConfig)
    i.TIM_OC1_SetConfig                      0x080038a4   Section        0  stm32f1xx_hal_tim.o(i.TIM_OC1_SetConfig)
    TIM_OC1_SetConfig                        0x080038a5   Thumb Code    74  stm32f1xx_hal_tim.o(i.TIM_OC1_SetConfig)
    i.TIM_OC2_SetConfig                      0x080038f4   Section        0  stm32f1xx_hal_tim.o(i.TIM_OC2_SetConfig)
    i.TIM_OC3_SetConfig                      0x0800394c   Section        0  stm32f1xx_hal_tim.o(i.TIM_OC3_SetConfig)
    TIM_OC3_SetConfig                        0x0800394d   Thumb Code    82  stm32f1xx_hal_tim.o(i.TIM_OC3_SetConfig)
    i.TIM_OC4_SetConfig                      0x080039a4   Section        0  stm32f1xx_hal_tim.o(i.TIM_OC4_SetConfig)
    TIM_OC4_SetConfig                        0x080039a5   Thumb Code    64  stm32f1xx_hal_tim.o(i.TIM_OC4_SetConfig)
    i.TIM_TI1_ConfigInputStage               0x080039e8   Section        0  stm32f1xx_hal_tim.o(i.TIM_TI1_ConfigInputStage)
    TIM_TI1_ConfigInputStage                 0x080039e9   Thumb Code    34  stm32f1xx_hal_tim.o(i.TIM_TI1_ConfigInputStage)
    i.TIM_TI2_ConfigInputStage               0x08003a0a   Section        0  stm32f1xx_hal_tim.o(i.TIM_TI2_ConfigInputStage)
    TIM_TI2_ConfigInputStage                 0x08003a0b   Thumb Code    36  stm32f1xx_hal_tim.o(i.TIM_TI2_ConfigInputStage)
    i.Task_CAN_Tx                            0x08003a2e   Section        0  freertos.o(i.Task_CAN_Tx)
    i.Task_MyHeart                           0x08003a40   Section        0  freertos.o(i.Task_MyHeart)
    i.Task_Process                           0x08003a84   Section        0  freertos.o(i.Task_Process)
    i.UART_SetConfig                         0x08003a98   Section        0  stm32f1xx_hal_uart.o(i.UART_SetConfig)
    UART_SetConfig                           0x08003a99   Thumb Code   178  stm32f1xx_hal_uart.o(i.UART_SetConfig)
    i.UART_WaitOnFlagUntilTimeout            0x08003b50   Section        0  stm32f1xx_hal_uart.o(i.UART_WaitOnFlagUntilTimeout)
    UART_WaitOnFlagUntilTimeout              0x08003b51   Thumb Code   100  stm32f1xx_hal_uart.o(i.UART_WaitOnFlagUntilTimeout)
    i.USB_LP_CAN1_RX0_IRQHandler             0x08003bb4   Section        0  stm32f1xx_it.o(i.USB_LP_CAN1_RX0_IRQHandler)
    i.UsageFault_Handler                     0x08003bc0   Section        0  stm32f1xx_it.o(i.UsageFault_Handler)
    i.__0printf$1                            0x08003bc4   Section        0  printf1.o(i.__0printf$1)
    i.__NVIC_SetPriority                     0x08003be4   Section        0  stm32f1xx_hal_cortex.o(i.__NVIC_SetPriority)
    __NVIC_SetPriority                       0x08003be5   Thumb Code    32  stm32f1xx_hal_cortex.o(i.__NVIC_SetPriority)
    i.__scatterload_copy                     0x08003c04   Section       14  handlers.o(i.__scatterload_copy)
    i.__scatterload_null                     0x08003c12   Section        2  handlers.o(i.__scatterload_null)
    i.__scatterload_zeroinit                 0x08003c14   Section       14  handlers.o(i.__scatterload_zeroinit)
    i._printf_core                           0x08003c24   Section        0  printf1.o(i._printf_core)
    _printf_core                             0x08003c25   Thumb Code   336  printf1.o(i._printf_core)
    i.fputc                                  0x08003d78   Section        0  usart.o(i.fputc)
    i.main                                   0x08003d90   Section        0  main.o(i.main)
    i.makeFreeRtosPriority                   0x08003e4c   Section        0  cmsis_os.o(i.makeFreeRtosPriority)
    makeFreeRtosPriority                     0x08003e4d   Thumb Code    12  cmsis_os.o(i.makeFreeRtosPriority)
    i.osDelay                                0x08003e58   Section        0  cmsis_os.o(i.osDelay)
    i.osKernelStart                          0x08003e66   Section        0  cmsis_os.o(i.osKernelStart)
    i.osThreadCreate                         0x08003e70   Section        0  cmsis_os.o(i.osThreadCreate)
    i.prvAddCurrentTaskToDelayedList         0x08003ec4   Section        0  tasks.o(i.prvAddCurrentTaskToDelayedList)
    prvAddCurrentTaskToDelayedList           0x08003ec5   Thumb Code   102  tasks.o(i.prvAddCurrentTaskToDelayedList)
    i.prvAddNewTaskToReadyList               0x08003f34   Section        0  tasks.o(i.prvAddNewTaskToReadyList)
    prvAddNewTaskToReadyList                 0x08003f35   Thumb Code   194  tasks.o(i.prvAddNewTaskToReadyList)
    i.prvDeleteTCB                           0x08004004   Section        0  tasks.o(i.prvDeleteTCB)
    prvDeleteTCB                             0x08004005   Thumb Code    52  tasks.o(i.prvDeleteTCB)
    i.prvHeapInit                            0x08004038   Section        0  heap_4.o(i.prvHeapInit)
    prvHeapInit                              0x08004039   Thumb Code    66  heap_4.o(i.prvHeapInit)
    i.prvIdleTask                            0x08004084   Section        0  tasks.o(i.prvIdleTask)
    prvIdleTask                              0x08004085   Thumb Code    82  tasks.o(i.prvIdleTask)
    i.prvInitialiseNewTask                   0x080040e4   Section        0  tasks.o(i.prvInitialiseNewTask)
    prvInitialiseNewTask                     0x080040e5   Thumb Code   142  tasks.o(i.prvInitialiseNewTask)
    i.prvInsertBlockIntoFreeList             0x08004174   Section        0  heap_4.o(i.prvInsertBlockIntoFreeList)
    prvInsertBlockIntoFreeList               0x08004175   Thumb Code    72  heap_4.o(i.prvInsertBlockIntoFreeList)
    i.prvResetNextTaskUnblockTime            0x080041c0   Section        0  tasks.o(i.prvResetNextTaskUnblockTime)
    prvResetNextTaskUnblockTime              0x080041c1   Thumb Code    26  tasks.o(i.prvResetNextTaskUnblockTime)
    i.prvTaskExitError                       0x080041e0   Section        0  port.o(i.prvTaskExitError)
    prvTaskExitError                         0x080041e1   Thumb Code    36  port.o(i.prvTaskExitError)
    i.pvPortMalloc                           0x08004208   Section        0  heap_4.o(i.pvPortMalloc)
    i.pxPortInitialiseStack                  0x080042e0   Section        0  port.o(i.pxPortInitialiseStack)
    i.uxListRemove                           0x08004304   Section        0  list.o(i.uxListRemove)
    i.vApplicationGetIdleTaskMemory          0x0800432c   Section        0  freertos.o(i.vApplicationGetIdleTaskMemory)
    i.vListInitialise                        0x08004340   Section        0  list.o(i.vListInitialise)
    i.vListInitialiseItem                    0x08004356   Section        0  list.o(i.vListInitialiseItem)
    i.vListInsert                            0x0800435c   Section        0  list.o(i.vListInsert)
    i.vListInsertEnd                         0x0800438c   Section        0  list.o(i.vListInsertEnd)
    i.vPortEnterCritical                     0x080043a4   Section        0  port.o(i.vPortEnterCritical)
    i.vPortExitCritical                      0x080043e4   Section        0  port.o(i.vPortExitCritical)
    i.vPortFree                              0x0800440c   Section        0  heap_4.o(i.vPortFree)
    i.vPortSetupTimerInterrupt               0x08004468   Section        0  port.o(i.vPortSetupTimerInterrupt)
    i.vTaskDelay                             0x0800448c   Section        0  tasks.o(i.vTaskDelay)
    i.vTaskStartScheduler                    0x080044d8   Section        0  tasks.o(i.vTaskStartScheduler)
    i.vTaskSuspendAll                        0x08004544   Section        0  tasks.o(i.vTaskSuspendAll)
    i.vTaskSwitchContext                     0x08004554   Section        0  tasks.o(i.vTaskSwitchContext)
    i.xPortStartScheduler                    0x080045b0   Section        0  port.o(i.xPortStartScheduler)
    i.xTaskCreate                            0x08004658   Section        0  tasks.o(i.xTaskCreate)
    i.xTaskCreateStatic                      0x080046b2   Section        0  tasks.o(i.xTaskCreateStatic)
    i.xTaskIncrementTick                     0x08004708   Section        0  tasks.o(i.xTaskIncrementTick)
    i.xTaskResumeAll                         0x080047d0   Section        0  tasks.o(i.xTaskResumeAll)
    .constdata                               0x08004894   Section      112  freertos.o(.constdata)
    .constdata                               0x08004904   Section       16  system_stm32f1xx.o(.constdata)
    .constdata                               0x08004914   Section        8  system_stm32f1xx.o(.constdata)
    .conststring                             0x0800491c   Section       47  freertos.o(.conststring)
    .data                                    0x20000000   Section       16  freertos.o(.data)
    .data                                    0x20000010   Section       20  can.o(.data)
    .data                                    0x20000024   Section       12  stm32f1xx_hal.o(.data)
    .data                                    0x20000030   Section        4  system_stm32f1xx.o(.data)
    .data                                    0x20000034   Section       60  tasks.o(.data)
    pxDelayedTaskList                        0x20000038   Data           4  tasks.o(.data)
    pxOverflowDelayedTaskList                0x2000003c   Data           4  tasks.o(.data)
    uxDeletedTasksWaitingCleanUp             0x20000040   Data           4  tasks.o(.data)
    uxCurrentNumberOfTasks                   0x20000044   Data           4  tasks.o(.data)
    xTickCount                               0x20000048   Data           4  tasks.o(.data)
    uxTopReadyPriority                       0x2000004c   Data           4  tasks.o(.data)
    xSchedulerRunning                        0x20000050   Data           4  tasks.o(.data)
    uxPendedTicks                            0x20000054   Data           4  tasks.o(.data)
    xYieldPending                            0x20000058   Data           4  tasks.o(.data)
    xNumOfOverflows                          0x2000005c   Data           4  tasks.o(.data)
    uxTaskNumber                             0x20000060   Data           4  tasks.o(.data)
    xNextTaskUnblockTime                     0x20000064   Data           4  tasks.o(.data)
    xIdleTaskHandle                          0x20000068   Data           4  tasks.o(.data)
    uxSchedulerSuspended                     0x2000006c   Data           4  tasks.o(.data)
    .data                                    0x20000070   Section       24  heap_4.o(.data)
    pxEnd                                    0x20000070   Data           4  heap_4.o(.data)
    xFreeBytesRemaining                      0x20000074   Data           4  heap_4.o(.data)
    xMinimumEverFreeBytesRemaining           0x20000078   Data           4  heap_4.o(.data)
    xBlockAllocatedBit                       0x2000007c   Data           4  heap_4.o(.data)
    xStart                                   0x20000080   Data           8  heap_4.o(.data)
    .data                                    0x20000088   Section       12  port.o(.data)
    ucMaxSysCallPriority                     0x20000088   Data           1  port.o(.data)
    uxCriticalNesting                        0x2000008c   Data           4  port.o(.data)
    ulMaxPRIGROUPValue                       0x20000090   Data           4  port.o(.data)
    .data                                    0x20000094   Section        4  stdout.o(.data)
    .bss                                     0x20000098   Section      780  freertos.o(.bss)
    xIdleTaskTCBBuffer                       0x20000250   Data          84  freertos.o(.bss)
    xIdleStack                               0x200002a4   Data         256  freertos.o(.bss)
    .bss                                     0x200003a4   Section      416  freertos.o(.bss)
    .bss                                     0x20000544   Section      116  adc.o(.bss)
    .bss                                     0x200005b8   Section       92  can.o(.bss)
    .bss                                     0x20000614   Section       84  i2c.o(.bss)
    .bss                                     0x20000668   Section       12  iwdg.o(.bss)
    .bss                                     0x20000674   Section      144  tim.o(.bss)
    .bss                                     0x20000704   Section       68  usart.o(.bss)
    .bss                                     0x20000748   Section       72  stm32f1xx_hal_timebase_tim.o(.bss)
    .bss                                     0x20000790   Section      240  tasks.o(.bss)
    pxReadyTasksLists                        0x20000790   Data         140  tasks.o(.bss)
    xDelayedTaskList1                        0x2000081c   Data          20  tasks.o(.bss)
    xDelayedTaskList2                        0x20000830   Data          20  tasks.o(.bss)
    xPendingReadyList                        0x20000844   Data          20  tasks.o(.bss)
    xTasksWaitingTermination                 0x20000858   Data          20  tasks.o(.bss)
    xSuspendedTaskList                       0x2000086c   Data          20  tasks.o(.bss)
    .bss                                     0x20000880   Section     3072  heap_4.o(.bss)
    ucHeap                                   0x20000880   Data        3072  heap_4.o(.bss)
    STACK                                    0x20001480   Section     1024  startup_stm32f103xb.o(STACK)

    Global Symbols

    Symbol Name                              Value     Ov Type        Size  Object(Section)

    BuildAttributes$$THM_ISAv4$P$D$K$B$S$PE$A:L22UL41UL21$X:L11$S22US41US21$IEEE1$IW$USESV6$~STKCKD$USESV7$~SHL$OTIME$ROPI$EBA8$MICROLIB$REQ8$PRES8$EABIv2 0x00000000   Number         0  anon$$obj.o ABSOLUTE
    __ARM_use_no_argv                        0x00000000   Number         0  main.o ABSOLUTE
    _printf_a                                0x00000000   Number         0  stubs.o ABSOLUTE
    _printf_c                                0x00000000   Number         0  stubs.o ABSOLUTE
    _printf_charcount                        0x00000000   Number         0  stubs.o ABSOLUTE
    _printf_d                                0x00000000   Number         0  stubs.o ABSOLUTE
    _printf_e                                0x00000000   Number         0  stubs.o ABSOLUTE
    _printf_f                                0x00000000   Number         0  stubs.o ABSOLUTE
    _printf_flags                            0x00000000   Number         0  stubs.o ABSOLUTE
    _printf_fp_dec                           0x00000000   Number         0  stubs.o ABSOLUTE
    _printf_fp_hex                           0x00000000   Number         0  stubs.o ABSOLUTE
    _printf_g                                0x00000000   Number         0  stubs.o ABSOLUTE
    _printf_i                                0x00000000   Number         0  stubs.o ABSOLUTE
    _printf_int_dec                          0x00000000   Number         0  stubs.o ABSOLUTE
    _printf_l                                0x00000000   Number         0  stubs.o ABSOLUTE
    _printf_lc                               0x00000000   Number         0  stubs.o ABSOLUTE
    _printf_ll                               0x00000000   Number         0  stubs.o ABSOLUTE
    _printf_lld                              0x00000000   Number         0  stubs.o ABSOLUTE
    _printf_lli                              0x00000000   Number         0  stubs.o ABSOLUTE
    _printf_llo                              0x00000000   Number         0  stubs.o ABSOLUTE
    _printf_llu                              0x00000000   Number         0  stubs.o ABSOLUTE
    _printf_llx                              0x00000000   Number         0  stubs.o ABSOLUTE
    _printf_longlong_dec                     0x00000000   Number         0  stubs.o ABSOLUTE
    _printf_longlong_hex                     0x00000000   Number         0  stubs.o ABSOLUTE
    _printf_longlong_oct                     0x00000000   Number         0  stubs.o ABSOLUTE
    _printf_ls                               0x00000000   Number         0  stubs.o ABSOLUTE
    _printf_mbtowc                           0x00000000   Number         0  stubs.o ABSOLUTE
    _printf_n                                0x00000000   Number         0  stubs.o ABSOLUTE
    _printf_o                                0x00000000   Number         0  stubs.o ABSOLUTE
    _printf_p                                0x00000000   Number         0  stubs.o ABSOLUTE
    _printf_percent                          0x00000000   Number         0  stubs.o ABSOLUTE
    _printf_pre_padding                      0x00000000   Number         0  stubs.o ABSOLUTE
    _printf_return_value                     0x00000000   Number         0  stubs.o ABSOLUTE
    _printf_s                                0x00000000   Number         0  stubs.o ABSOLUTE
    _printf_sizespec                         0x00000000   Number         0  stubs.o ABSOLUTE
    _printf_str                              0x00000000   Number         0  stubs.o ABSOLUTE
    _printf_truncate_signed                  0x00000000   Number         0  stubs.o ABSOLUTE
    _printf_truncate_unsigned                0x00000000   Number         0  stubs.o ABSOLUTE
    _printf_u                                0x00000000   Number         0  stubs.o ABSOLUTE
    _printf_wc                               0x00000000   Number         0  stubs.o ABSOLUTE
    _printf_wctomb                           0x00000000   Number         0  stubs.o ABSOLUTE
    _printf_widthprec                        0x00000000   Number         0  stubs.o ABSOLUTE
    _printf_x                                0x00000000   Number         0  stubs.o ABSOLUTE
    __cpp_initialize__aeabi_                  - Undefined Weak Reference
    __cxa_finalize                            - Undefined Weak Reference
    __decompress                              - Undefined Weak Reference
    _clock_init                               - Undefined Weak Reference
    _microlib_exit                            - Undefined Weak Reference
    __Vectors_Size                           0x000000ec   Number         0  startup_stm32f103xb.o ABSOLUTE
    __Vectors                                0x08000000   Data           4  startup_stm32f103xb.o(RESET)
    __Vectors_End                            0x080000ec   Data           0  startup_stm32f103xb.o(RESET)
    __main                                   0x080000ed   Thumb Code     0  entry.o(.ARM.Collect$$$$00000000)
    _main_stk                                0x080000ed   Thumb Code     0  entry2.o(.ARM.Collect$$$$00000001)
    _main_scatterload                        0x080000f1   Thumb Code     0  entry5.o(.ARM.Collect$$$$00000004)
    __main_after_scatterload                 0x080000f5   Thumb Code     0  entry5.o(.ARM.Collect$$$$00000004)
    _main_clock                              0x080000f5   Thumb Code     0  entry7b.o(.ARM.Collect$$$$00000008)
    _main_cpp_init                           0x080000f5   Thumb Code     0  entry8b.o(.ARM.Collect$$$$0000000A)
    _main_init                               0x080000f5   Thumb Code     0  entry9a.o(.ARM.Collect$$$$0000000B)
    __rt_final_cpp                           0x080000fd   Thumb Code     0  entry10a.o(.ARM.Collect$$$$0000000D)
    __rt_final_exit                          0x080000fd   Thumb Code     0  entry11a.o(.ARM.Collect$$$$0000000F)
    SVC_Handler                              0x08000101   Thumb Code    32  port.o(.emb_text)
    __asm___6_port_c_39a90d8d__prvStartFirstTask 0x08000125   Thumb Code    28  port.o(.emb_text)
    PendSV_Handler                           0x08000145   Thumb Code    72  port.o(.emb_text)
    vPortGetIPSR                             0x08000191   Thumb Code     6  port.o(.emb_text)
    Reset_Handler                            0x08000199   Thumb Code     8  startup_stm32f103xb.o(.text)
    ADC1_2_IRQHandler                        0x080001b3   Thumb Code     0  startup_stm32f103xb.o(.text)
    CAN1_RX1_IRQHandler                      0x080001b3   Thumb Code     0  startup_stm32f103xb.o(.text)
    CAN1_SCE_IRQHandler                      0x080001b3   Thumb Code     0  startup_stm32f103xb.o(.text)
    DMA1_Channel2_IRQHandler                 0x080001b3   Thumb Code     0  startup_stm32f103xb.o(.text)
    DMA1_Channel3_IRQHandler                 0x080001b3   Thumb Code     0  startup_stm32f103xb.o(.text)
    DMA1_Channel4_IRQHandler                 0x080001b3   Thumb Code     0  startup_stm32f103xb.o(.text)
    DMA1_Channel5_IRQHandler                 0x080001b3   Thumb Code     0  startup_stm32f103xb.o(.text)
    DMA1_Channel6_IRQHandler                 0x080001b3   Thumb Code     0  startup_stm32f103xb.o(.text)
    DMA1_Channel7_IRQHandler                 0x080001b3   Thumb Code     0  startup_stm32f103xb.o(.text)
    EXTI0_IRQHandler                         0x080001b3   Thumb Code     0  startup_stm32f103xb.o(.text)
    EXTI15_10_IRQHandler                     0x080001b3   Thumb Code     0  startup_stm32f103xb.o(.text)
    EXTI1_IRQHandler                         0x080001b3   Thumb Code     0  startup_stm32f103xb.o(.text)
    EXTI2_IRQHandler                         0x080001b3   Thumb Code     0  startup_stm32f103xb.o(.text)
    EXTI3_IRQHandler                         0x080001b3   Thumb Code     0  startup_stm32f103xb.o(.text)
    EXTI4_IRQHandler                         0x080001b3   Thumb Code     0  startup_stm32f103xb.o(.text)
    EXTI9_5_IRQHandler                       0x080001b3   Thumb Code     0  startup_stm32f103xb.o(.text)
    FLASH_IRQHandler                         0x080001b3   Thumb Code     0  startup_stm32f103xb.o(.text)
    I2C1_ER_IRQHandler                       0x080001b3   Thumb Code     0  startup_stm32f103xb.o(.text)
    I2C1_EV_IRQHandler                       0x080001b3   Thumb Code     0  startup_stm32f103xb.o(.text)
    I2C2_ER_IRQHandler                       0x080001b3   Thumb Code     0  startup_stm32f103xb.o(.text)
    I2C2_EV_IRQHandler                       0x080001b3   Thumb Code     0  startup_stm32f103xb.o(.text)
    PVD_IRQHandler                           0x080001b3   Thumb Code     0  startup_stm32f103xb.o(.text)
    RCC_IRQHandler                           0x080001b3   Thumb Code     0  startup_stm32f103xb.o(.text)
    RTC_Alarm_IRQHandler                     0x080001b3   Thumb Code     0  startup_stm32f103xb.o(.text)
    RTC_IRQHandler                           0x080001b3   Thumb Code     0  startup_stm32f103xb.o(.text)
    SPI1_IRQHandler                          0x080001b3   Thumb Code     0  startup_stm32f103xb.o(.text)
    SPI2_IRQHandler                          0x080001b3   Thumb Code     0  startup_stm32f103xb.o(.text)
    TAMPER_IRQHandler                        0x080001b3   Thumb Code     0  startup_stm32f103xb.o(.text)
    TIM1_BRK_IRQHandler                      0x080001b3   Thumb Code     0  startup_stm32f103xb.o(.text)
    TIM1_CC_IRQHandler                       0x080001b3   Thumb Code     0  startup_stm32f103xb.o(.text)
    TIM1_TRG_COM_IRQHandler                  0x080001b3   Thumb Code     0  startup_stm32f103xb.o(.text)
    TIM2_IRQHandler                          0x080001b3   Thumb Code     0  startup_stm32f103xb.o(.text)
    TIM3_IRQHandler                          0x080001b3   Thumb Code     0  startup_stm32f103xb.o(.text)
    TIM4_IRQHandler                          0x080001b3   Thumb Code     0  startup_stm32f103xb.o(.text)
    USART1_IRQHandler                        0x080001b3   Thumb Code     0  startup_stm32f103xb.o(.text)
    USART2_IRQHandler                        0x080001b3   Thumb Code     0  startup_stm32f103xb.o(.text)
    USART3_IRQHandler                        0x080001b3   Thumb Code     0  startup_stm32f103xb.o(.text)
    USBWakeUp_IRQHandler                     0x080001b3   Thumb Code     0  startup_stm32f103xb.o(.text)
    USB_HP_CAN1_TX_IRQHandler                0x080001b3   Thumb Code     0  startup_stm32f103xb.o(.text)
    WWDG_IRQHandler                          0x080001b3   Thumb Code     0  startup_stm32f103xb.o(.text)
    __aeabi_memcpy                           0x080001bd   Thumb Code    36  memcpya.o(.text)
    __aeabi_memcpy4                          0x080001bd   Thumb Code     0  memcpya.o(.text)
    __aeabi_memcpy8                          0x080001bd   Thumb Code     0  memcpya.o(.text)
    __aeabi_memset                           0x080001e1   Thumb Code    14  memseta.o(.text)
    __aeabi_memset4                          0x080001e1   Thumb Code     0  memseta.o(.text)
    __aeabi_memset8                          0x080001e1   Thumb Code     0  memseta.o(.text)
    __aeabi_memclr                           0x080001ef   Thumb Code     4  memseta.o(.text)
    __aeabi_memclr4                          0x080001ef   Thumb Code     0  memseta.o(.text)
    __aeabi_memclr8                          0x080001ef   Thumb Code     0  memseta.o(.text)
    memset                                   0x080001f3   Thumb Code    18  memseta.o(.text)
    __aeabi_ui2f                             0x08000205   Thumb Code    10  ffltui.o(.text)
    __aeabi_f2uiz                            0x0800020f   Thumb Code    40  ffixui.o(.text)
    __aeabi_uidiv                            0x08000237   Thumb Code     0  uidiv.o(.text)
    __aeabi_uidivmod                         0x08000237   Thumb Code    44  uidiv.o(.text)
    __I$use$fp                               0x08000263   Thumb Code     0  iusefp.o(.text)
    _float_round                             0x08000263   Thumb Code    18  fepilogue.o(.text)
    _float_epilogue                          0x08000275   Thumb Code    92  fepilogue.o(.text)
    __scatterload                            0x080002d1   Thumb Code    28  init.o(.text)
    __scatterload_rt2                        0x080002d1   Thumb Code     0  init.o(.text)
    ADC_ConversionStop_Disable               0x080002f5   Thumb Code    86  stm32f1xx_hal_adc.o(i.ADC_ConversionStop_Disable)
    ADC_DMAConvCplt                          0x0800034b   Thumb Code    78  stm32f1xx_hal_adc.o(i.ADC_DMAConvCplt)
    ADC_DMAError                             0x08000399   Thumb Code    26  stm32f1xx_hal_adc.o(i.ADC_DMAError)
    ADC_DMAHalfConvCplt                      0x080003b3   Thumb Code    10  stm32f1xx_hal_adc.o(i.ADC_DMAHalfConvCplt)
    ADC_Enable                               0x080003bd   Thumb Code   114  stm32f1xx_hal_adc.o(i.ADC_Enable)
    ADC_Filter                               0x08000439   Thumb Code    58  adc.o(i.ADC_Filter)
    AT24C02_Read                             0x08000475   Thumb Code    24  i2c.o(i.AT24C02_Read)
    AT24C02_ReadLenByte                      0x08000491   Thumb Code    54  i2c.o(i.AT24C02_ReadLenByte)
    AT24C02_Write                            0x080004c9   Thumb Code    24  i2c.o(i.AT24C02_Write)
    AT24C02_WriteLenByte                     0x080004e5   Thumb Code    32  i2c.o(i.AT24C02_WriteLenByte)
    AT24CXX_Check                            0x08000505   Thumb Code    74  i2c.o(i.AT24CXX_Check)
    At24c02_Read_Byte                        0x08000551   Thumb Code    26  i2c.o(i.At24c02_Read_Byte)
    BusFault_Handler                         0x08000571   Thumb Code     2  stm32f1xx_it.o(i.BusFault_Handler)
    CAN_Transmit_1                           0x08000575   Thumb Code    94  can.o(i.CAN_Transmit_1)
    CAN_User_Init                            0x080005e5   Thumb Code    80  can.o(i.CAN_User_Init)
    Contol_Out                               0x08000661   Thumb Code    14  process.o(i.Contol_Out)
    DMA1_Channel1_IRQHandler                 0x08000675   Thumb Code     6  stm32f1xx_it.o(i.DMA1_Channel1_IRQHandler)
    Data_Collect                             0x080006ad   Thumb Code    78  process.o(i.Data_Collect)
    Data_Process                             0x08000785   Thumb Code    46  process.o(i.Data_Process)
    DebugMon_Handler                         0x080007bd   Thumb Code     2  stm32f1xx_it.o(i.DebugMon_Handler)
    Default_Data_Init                        0x080007c1   Thumb Code    24  process.o(i.Default_Data_Init)
    EEPROM_DATA_Init                         0x080007e1   Thumb Code    72  i2c.o(i.EEPROM_DATA_Init)
    EEPROM_Init                              0x08000879   Thumb Code    38  i2c.o(i.EEPROM_Init)
    Error_Handler                            0x0800089f   Thumb Code     4  main.o(i.Error_Handler)
    Geer_Can_Data                            0x080008a5   Thumb Code    48  process.o(i.Geer_Can_Data)
    HAL_ADCEx_Calibration_Start              0x080008f5   Thumb Code   210  stm32f1xx_hal_adc_ex.o(i.HAL_ADCEx_Calibration_Start)
    HAL_ADC_ConfigChannel                    0x080009cd   Thumb Code   240  stm32f1xx_hal_adc.o(i.HAL_ADC_ConfigChannel)
    HAL_ADC_ConvCpltCallback                 0x08000ac9   Thumb Code     2  stm32f1xx_hal_adc.o(i.HAL_ADC_ConvCpltCallback)
    HAL_ADC_ConvHalfCpltCallback             0x08000acb   Thumb Code     2  stm32f1xx_hal_adc.o(i.HAL_ADC_ConvHalfCpltCallback)
    HAL_ADC_ErrorCallback                    0x08000acd   Thumb Code     2  stm32f1xx_hal_adc.o(i.HAL_ADC_ErrorCallback)
    HAL_ADC_Init                             0x08000ad1   Thumb Code   272  stm32f1xx_hal_adc.o(i.HAL_ADC_Init)
    HAL_ADC_MspInit                          0x08000bed   Thumb Code   154  adc.o(i.HAL_ADC_MspInit)
    HAL_ADC_Start_DMA                        0x08000ca1   Thumb Code   246  stm32f1xx_hal_adc.o(i.HAL_ADC_Start_DMA)
    HAL_CAN_ActivateNotification             0x08000dad   Thumb Code    36  stm32f1xx_hal_can.o(i.HAL_CAN_ActivateNotification)
    HAL_CAN_AddTxMessage                     0x08000dd1   Thumb Code   200  stm32f1xx_hal_can.o(i.HAL_CAN_AddTxMessage)
    HAL_CAN_ConfigFilter                     0x08000e99   Thumb Code   238  stm32f1xx_hal_can.o(i.HAL_CAN_ConfigFilter)
    HAL_CAN_ErrorCallback                    0x08000f87   Thumb Code     2  stm32f1xx_hal_can.o(i.HAL_CAN_ErrorCallback)
    HAL_CAN_GetRxMessage                     0x08000f89   Thumb Code   232  stm32f1xx_hal_can.o(i.HAL_CAN_GetRxMessage)
    HAL_CAN_IRQHandler                       0x08001071   Thumb Code   508  stm32f1xx_hal_can.o(i.HAL_CAN_IRQHandler)
    HAL_CAN_Init                             0x0800126d   Thumb Code   282  stm32f1xx_hal_can.o(i.HAL_CAN_Init)
    HAL_CAN_MspInit                          0x08001389   Thumb Code   112  can.o(i.HAL_CAN_MspInit)
    HAL_CAN_RxFifo0FullCallback              0x08001405   Thumb Code     2  stm32f1xx_hal_can.o(i.HAL_CAN_RxFifo0FullCallback)
    HAL_CAN_RxFifo0MsgPendingCallback        0x08001409   Thumb Code    90  can.o(i.HAL_CAN_RxFifo0MsgPendingCallback)
    HAL_CAN_RxFifo1FullCallback              0x08001499   Thumb Code     2  stm32f1xx_hal_can.o(i.HAL_CAN_RxFifo1FullCallback)
    HAL_CAN_RxFifo1MsgPendingCallback        0x0800149b   Thumb Code     2  stm32f1xx_hal_can.o(i.HAL_CAN_RxFifo1MsgPendingCallback)
    HAL_CAN_SleepCallback                    0x0800149d   Thumb Code     2  stm32f1xx_hal_can.o(i.HAL_CAN_SleepCallback)
    HAL_CAN_Start                            0x080014a1   Thumb Code    88  stm32f1xx_hal_can.o(i.HAL_CAN_Start)
    HAL_CAN_TxMailbox0AbortCallback          0x080014f9   Thumb Code     2  stm32f1xx_hal_can.o(i.HAL_CAN_TxMailbox0AbortCallback)
    HAL_CAN_TxMailbox0CompleteCallback       0x080014fb   Thumb Code     2  stm32f1xx_hal_can.o(i.HAL_CAN_TxMailbox0CompleteCallback)
    HAL_CAN_TxMailbox1AbortCallback          0x080014fd   Thumb Code     2  stm32f1xx_hal_can.o(i.HAL_CAN_TxMailbox1AbortCallback)
    HAL_CAN_TxMailbox1CompleteCallback       0x080014ff   Thumb Code     2  stm32f1xx_hal_can.o(i.HAL_CAN_TxMailbox1CompleteCallback)
    HAL_CAN_TxMailbox2AbortCallback          0x08001501   Thumb Code     2  stm32f1xx_hal_can.o(i.HAL_CAN_TxMailbox2AbortCallback)
    HAL_CAN_TxMailbox2CompleteCallback       0x08001503   Thumb Code     2  stm32f1xx_hal_can.o(i.HAL_CAN_TxMailbox2CompleteCallback)
    HAL_CAN_WakeUpFromRxMsgCallback          0x08001505   Thumb Code     2  stm32f1xx_hal_can.o(i.HAL_CAN_WakeUpFromRxMsgCallback)
    HAL_DMA_IRQHandler                       0x08001509   Thumb Code   316  stm32f1xx_hal_dma.o(i.HAL_DMA_IRQHandler)
    HAL_DMA_Init                             0x0800165d   Thumb Code    84  stm32f1xx_hal_dma.o(i.HAL_DMA_Init)
    HAL_DMA_Start_IT                         0x080016b9   Thumb Code   112  stm32f1xx_hal_dma.o(i.HAL_DMA_Start_IT)
    HAL_Delay                                0x08001729   Thumb Code    32  stm32f1xx_hal.o(i.HAL_Delay)
    HAL_GPIO_Init                            0x0800174d   Thumb Code   446  stm32f1xx_hal_gpio.o(i.HAL_GPIO_Init)
    HAL_GPIO_ReadPin                         0x0800192d   Thumb Code    10  stm32f1xx_hal_gpio.o(i.HAL_GPIO_ReadPin)
    HAL_GPIO_TogglePin                       0x08001937   Thumb Code    16  stm32f1xx_hal_gpio.o(i.HAL_GPIO_TogglePin)
    HAL_GPIO_WritePin                        0x08001947   Thumb Code    10  stm32f1xx_hal_gpio.o(i.HAL_GPIO_WritePin)
    HAL_GetTick                              0x08001951   Thumb Code     6  stm32f1xx_hal.o(i.HAL_GetTick)
    HAL_I2C_Init                             0x0800195d   Thumb Code   376  stm32f1xx_hal_i2c.o(i.HAL_I2C_Init)
    HAL_I2C_Mem_Read                         0x08001ae5   Thumb Code   574  stm32f1xx_hal_i2c.o(i.HAL_I2C_Mem_Read)
    HAL_I2C_Mem_Write                        0x08001d35   Thumb Code   294  stm32f1xx_hal_i2c.o(i.HAL_I2C_Mem_Write)
    HAL_I2C_MspInit                          0x08001e65   Thumb Code    80  i2c.o(i.HAL_I2C_MspInit)
    HAL_IWDG_Init                            0x08001ec1   Thumb Code    90  stm32f1xx_hal_iwdg.o(i.HAL_IWDG_Init)
    HAL_IWDG_Refresh                         0x08001f1b   Thumb Code    12  stm32f1xx_hal_iwdg.o(i.HAL_IWDG_Refresh)
    HAL_IncTick                              0x08001f29   Thumb Code    12  stm32f1xx_hal.o(i.HAL_IncTick)
    HAL_Init                                 0x08001f39   Thumb Code    32  stm32f1xx_hal.o(i.HAL_Init)
    HAL_InitTick                             0x08001f5d   Thumb Code    98  stm32f1xx_hal_timebase_tim.o(i.HAL_InitTick)
    HAL_MspInit                              0x08001fd1   Thumb Code    62  stm32f1xx_hal_msp.o(i.HAL_MspInit)
    HAL_NVIC_EnableIRQ                       0x08002019   Thumb Code    26  stm32f1xx_hal_cortex.o(i.HAL_NVIC_EnableIRQ)
    HAL_NVIC_SetPriority                     0x08002035   Thumb Code    60  stm32f1xx_hal_cortex.o(i.HAL_NVIC_SetPriority)
    HAL_NVIC_SetPriorityGrouping             0x08002075   Thumb Code    26  stm32f1xx_hal_cortex.o(i.HAL_NVIC_SetPriorityGrouping)
    HAL_RCCEx_GetPeriphCLKFreq               0x08002099   Thumb Code   166  stm32f1xx_hal_rcc_ex.o(i.HAL_RCCEx_GetPeriphCLKFreq)
    HAL_RCCEx_PeriphCLKConfig                0x08002161   Thumb Code   224  stm32f1xx_hal_rcc_ex.o(i.HAL_RCCEx_PeriphCLKConfig)
    HAL_RCC_ClockConfig                      0x0800224d   Thumb Code   280  stm32f1xx_hal_rcc.o(i.HAL_RCC_ClockConfig)
    HAL_RCC_GetClockConfig                   0x08002379   Thumb Code    54  stm32f1xx_hal_rcc.o(i.HAL_RCC_GetClockConfig)
    HAL_RCC_GetPCLK1Freq                     0x080023b9   Thumb Code    20  stm32f1xx_hal_rcc.o(i.HAL_RCC_GetPCLK1Freq)
    HAL_RCC_GetPCLK2Freq                     0x080023d9   Thumb Code    20  stm32f1xx_hal_rcc.o(i.HAL_RCC_GetPCLK2Freq)
    HAL_RCC_GetSysClockFreq                  0x080023f9   Thumb Code    74  stm32f1xx_hal_rcc.o(i.HAL_RCC_GetSysClockFreq)
    HAL_RCC_OscConfig                        0x08002465   Thumb Code   778  stm32f1xx_hal_rcc.o(i.HAL_RCC_OscConfig)
    HAL_TIMEx_BreakCallback                  0x08002785   Thumb Code     2  stm32f1xx_hal_tim_ex.o(i.HAL_TIMEx_BreakCallback)
    HAL_TIMEx_CommutCallback                 0x08002787   Thumb Code     2  stm32f1xx_hal_tim_ex.o(i.HAL_TIMEx_CommutCallback)
    HAL_TIMEx_MasterConfigSynchronization    0x08002789   Thumb Code    92  stm32f1xx_hal_tim_ex.o(i.HAL_TIMEx_MasterConfigSynchronization)
    HAL_TIM_Base_Init                        0x080027f1   Thumb Code    90  stm32f1xx_hal_tim.o(i.HAL_TIM_Base_Init)
    HAL_TIM_Base_MspInit                     0x0800284d   Thumb Code    52  tim.o(i.HAL_TIM_Base_MspInit)
    HAL_TIM_Base_Start_IT                    0x08002889   Thumb Code    76  stm32f1xx_hal_tim.o(i.HAL_TIM_Base_Start_IT)
    HAL_TIM_ConfigClockSource                0x080028e1   Thumb Code   214  stm32f1xx_hal_tim.o(i.HAL_TIM_ConfigClockSource)
    HAL_TIM_IC_CaptureCallback               0x080029b7   Thumb Code     2  stm32f1xx_hal_tim.o(i.HAL_TIM_IC_CaptureCallback)
    HAL_TIM_IRQHandler                       0x080029b9   Thumb Code   358  stm32f1xx_hal_tim.o(i.HAL_TIM_IRQHandler)
    HAL_TIM_MspPostInit                      0x08002b21   Thumb Code    88  tim.o(i.HAL_TIM_MspPostInit)
    HAL_TIM_OC_DelayElapsedCallback          0x08002b85   Thumb Code     2  stm32f1xx_hal_tim.o(i.HAL_TIM_OC_DelayElapsedCallback)
    HAL_TIM_PWM_ConfigChannel                0x08002b87   Thumb Code   198  stm32f1xx_hal_tim.o(i.HAL_TIM_PWM_ConfigChannel)
    HAL_TIM_PWM_Init                         0x08002c4d   Thumb Code    90  stm32f1xx_hal_tim.o(i.HAL_TIM_PWM_Init)
    HAL_TIM_PWM_MspInit                      0x08002ca7   Thumb Code     2  stm32f1xx_hal_tim.o(i.HAL_TIM_PWM_MspInit)
    HAL_TIM_PWM_PulseFinishedCallback        0x08002ca9   Thumb Code     2  stm32f1xx_hal_tim.o(i.HAL_TIM_PWM_PulseFinishedCallback)
    HAL_TIM_PWM_Start                        0x08002cad   Thumb Code   144  stm32f1xx_hal_tim.o(i.HAL_TIM_PWM_Start)
    HAL_TIM_PeriodElapsedCallback            0x08002d49   Thumb Code    14  main.o(i.HAL_TIM_PeriodElapsedCallback)
    HAL_TIM_TriggerCallback                  0x08002d5d   Thumb Code     2  stm32f1xx_hal_tim.o(i.HAL_TIM_TriggerCallback)
    HAL_UART_Init                            0x08002d5f   Thumb Code    98  stm32f1xx_hal_uart.o(i.HAL_UART_Init)
    HAL_UART_MspInit                         0x08002dc1   Thumb Code   100  usart.o(i.HAL_UART_MspInit)
    HAL_UART_Transmit                        0x08002e31   Thumb Code   178  stm32f1xx_hal_uart.o(i.HAL_UART_Transmit)
    HardFault_Handler                        0x08002ee3   Thumb Code     2  stm32f1xx_it.o(i.HardFault_Handler)
    MX_ADC1_Init                             0x080032b5   Thumb Code    96  adc.o(i.MX_ADC1_Init)
    MX_CAN_Init                              0x0800331d   Thumb Code    60  can.o(i.MX_CAN_Init)
    MX_DMA_Init                              0x08003361   Thumb Code    40  dma.o(i.MX_DMA_Init)
    MX_FREERTOS_Init                         0x0800338d   Thumb Code    96  freertos.o(i.MX_FREERTOS_Init)
    MX_GPIO_Init                             0x080033f5   Thumb Code   122  gpio.o(i.MX_GPIO_Init)
    MX_I2C1_Init                             0x08003479   Thumb Code    50  i2c.o(i.MX_I2C1_Init)
    MX_IWDG_Init                             0x080034b9   Thumb Code    36  iwdg.o(i.MX_IWDG_Init)
    MX_TIM2_Init                             0x080034e5   Thumb Code   146  tim.o(i.MX_TIM2_Init)
    MX_TIM3_Init                             0x0800357d   Thumb Code   144  tim.o(i.MX_TIM3_Init)
    MX_USART1_UART_Init                      0x08003615   Thumb Code    48  usart.o(i.MX_USART1_UART_Init)
    MemManage_Handler                        0x0800364d   Thumb Code     2  stm32f1xx_it.o(i.MemManage_Handler)
    NMI_Handler                              0x0800364f   Thumb Code     2  stm32f1xx_it.o(i.NMI_Handler)
    PWM_Out                                  0x08003651   Thumb Code    24  process.o(i.PWM_Out)
    Read_EEPROM                              0x08003671   Thumb Code    44  i2c.o(i.Read_EEPROM)
    StartDefaultTask                         0x080036a1   Thumb Code    80  freertos.o(i.StartDefaultTask)
    SysTick_Handler                          0x0800373d   Thumb Code    38  port.o(i.SysTick_Handler)
    SystemClock_Config                       0x08003769   Thumb Code   128  main.o(i.SystemClock_Config)
    SystemInit                               0x080037e9   Thumb Code     2  system_stm32f1xx.o(i.SystemInit)
    TIM1_UP_IRQHandler                       0x080037ed   Thumb Code     6  stm32f1xx_it.o(i.TIM1_UP_IRQHandler)
    TIM_Base_SetConfig                       0x080037f9   Thumb Code    94  stm32f1xx_hal_tim.o(i.TIM_Base_SetConfig)
    TIM_CCxChannelCmd                        0x08003865   Thumb Code    26  stm32f1xx_hal_tim.o(i.TIM_CCxChannelCmd)
    TIM_ETR_SetConfig                        0x0800387f   Thumb Code    20  stm32f1xx_hal_tim.o(i.TIM_ETR_SetConfig)
    TIM_OC2_SetConfig                        0x080038f5   Thumb Code    84  stm32f1xx_hal_tim.o(i.TIM_OC2_SetConfig)
    Task_CAN_Tx                              0x08003a2f   Thumb Code    16  freertos.o(i.Task_CAN_Tx)
    Task_MyHeart                             0x08003a41   Thumb Code    42  freertos.o(i.Task_MyHeart)
    Task_Process                             0x08003a85   Thumb Code    20  freertos.o(i.Task_Process)
    USB_LP_CAN1_RX0_IRQHandler               0x08003bb5   Thumb Code     6  stm32f1xx_it.o(i.USB_LP_CAN1_RX0_IRQHandler)
    UsageFault_Handler                       0x08003bc1   Thumb Code     2  stm32f1xx_it.o(i.UsageFault_Handler)
    __0printf$1                              0x08003bc5   Thumb Code    22  printf1.o(i.__0printf$1)
    __1printf$1                              0x08003bc5   Thumb Code     0  printf1.o(i.__0printf$1)
    __2printf                                0x08003bc5   Thumb Code     0  printf1.o(i.__0printf$1)
    __scatterload_copy                       0x08003c05   Thumb Code    14  handlers.o(i.__scatterload_copy)
    __scatterload_null                       0x08003c13   Thumb Code     2  handlers.o(i.__scatterload_null)
    __scatterload_zeroinit                   0x08003c15   Thumb Code    14  handlers.o(i.__scatterload_zeroinit)
    fputc                                    0x08003d79   Thumb Code    20  usart.o(i.fputc)
    main                                     0x08003d91   Thumb Code   122  main.o(i.main)
    osDelay                                  0x08003e59   Thumb Code    14  cmsis_os.o(i.osDelay)
    osKernelStart                            0x08003e67   Thumb Code    10  cmsis_os.o(i.osKernelStart)
    osThreadCreate                           0x08003e71   Thumb Code    84  cmsis_os.o(i.osThreadCreate)
    pvPortMalloc                             0x08004209   Thumb Code   210  heap_4.o(i.pvPortMalloc)
    pxPortInitialiseStack                    0x080042e1   Thumb Code    32  port.o(i.pxPortInitialiseStack)
    uxListRemove                             0x08004305   Thumb Code    38  list.o(i.uxListRemove)
    vApplicationGetIdleTaskMemory            0x0800432d   Thumb Code    16  freertos.o(i.vApplicationGetIdleTaskMemory)
    vListInitialise                          0x08004341   Thumb Code    22  list.o(i.vListInitialise)
    vListInitialiseItem                      0x08004357   Thumb Code     6  list.o(i.vListInitialiseItem)
    vListInsert                              0x0800435d   Thumb Code    48  list.o(i.vListInsert)
    vListInsertEnd                           0x0800438d   Thumb Code    24  list.o(i.vListInsertEnd)
    vPortEnterCritical                       0x080043a5   Thumb Code    54  port.o(i.vPortEnterCritical)
    vPortExitCritical                        0x080043e5   Thumb Code    34  port.o(i.vPortExitCritical)
    vPortFree                                0x0800440d   Thumb Code    88  heap_4.o(i.vPortFree)
    vPortSetupTimerInterrupt                 0x08004469   Thumb Code    32  port.o(i.vPortSetupTimerInterrupt)
    vTaskDelay                               0x0800448d   Thumb Code    66  tasks.o(i.vTaskDelay)
    vTaskStartScheduler                      0x080044d9   Thumb Code    90  tasks.o(i.vTaskStartScheduler)
    vTaskSuspendAll                          0x08004545   Thumb Code    10  tasks.o(i.vTaskSuspendAll)
    vTaskSwitchContext                       0x08004555   Thumb Code    82  tasks.o(i.vTaskSwitchContext)
    xPortStartScheduler                      0x080045b1   Thumb Code   154  port.o(i.xPortStartScheduler)
    xTaskCreate                              0x08004659   Thumb Code    90  tasks.o(i.xTaskCreate)
    xTaskCreateStatic                        0x080046b3   Thumb Code    86  tasks.o(i.xTaskCreateStatic)
    xTaskIncrementTick                       0x08004709   Thumb Code   192  tasks.o(i.xTaskIncrementTick)
    xTaskResumeAll                           0x080047d1   Thumb Code   182  tasks.o(i.xTaskResumeAll)
    AHBPrescTable                            0x08004904   Data          16  system_stm32f1xx.o(.constdata)
    APBPrescTable                            0x08004914   Data           8  system_stm32f1xx.o(.constdata)
    Region$$Table$$Base                      0x0800494c   Number         0  anon$$obj.o(Region$$Table)
    Region$$Table$$Limit                     0x0800496c   Number         0  anon$$obj.o(Region$$Table)
    defaultTaskHandle                        0x20000000   Data           4  freertos.o(.data)
    MyHeartTaskHandle                        0x20000004   Data           4  freertos.o(.data)
    CAN_TxTaskHandle                         0x20000008   Data           4  freertos.o(.data)
    ProcessTaskHandle                        0x2000000c   Data           4  freertos.o(.data)
    TxMailbox                                0x20000010   Data           4  can.o(.data)
    TxData                                   0x20000014   Data           8  can.o(.data)
    Rx_Data                                  0x2000001c   Data           8  can.o(.data)
    uwTickFreq                               0x20000024   Data           1  stm32f1xx_hal.o(.data)
    uwTickPrio                               0x20000028   Data           4  stm32f1xx_hal.o(.data)
    uwTick                                   0x2000002c   Data           4  stm32f1xx_hal.o(.data)
    SystemCoreClock                          0x20000030   Data           4  system_stm32f1xx.o(.data)
    pxCurrentTCB                             0x20000034   Data           4  tasks.o(.data)
    __stdout                                 0x20000094   Data           4  stdout.o(.data)
    shift_geer                               0x20000098   Data         438  freertos.o(.bss)
    data_collect                             0x200003a4   Data         416  freertos.o(.bss)
    hadc1                                    0x20000544   Data          48  adc.o(.bss)
    hdma_adc1                                0x20000574   Data          68  adc.o(.bss)
    TxHeader                                 0x200005b8   Data          24  can.o(.bss)
    RxHeader                                 0x200005d0   Data          28  can.o(.bss)
    hcan                                     0x200005ec   Data          40  can.o(.bss)
    hi2c1                                    0x20000614   Data          84  i2c.o(.bss)
    hiwdg                                    0x20000668   Data          12  iwdg.o(.bss)
    htim2                                    0x20000674   Data          72  tim.o(.bss)
    htim3                                    0x200006bc   Data          72  tim.o(.bss)
    huart1                                   0x20000704   Data          68  usart.o(.bss)
    htim1                                    0x20000748   Data          72  stm32f1xx_hal_timebase_tim.o(.bss)
    __initial_sp                             0x20001880   Data           0  startup_stm32f103xb.o(STACK)



==============================================================================

Memory Map of the image

  Image Entry point : 0x080000ed

  Load Region LR_IROM1 (Base: 0x08000000, Size: 0x00004a04, Max: 0x00010000, ABSOLUTE)

    Execution Region ER_IROM1 (Exec base: 0x08000000, Load base: 0x08000000, Size: 0x0000496c, Max: 0x00010000, ABSOLUTE)

    Exec Addr    Load Addr    Size         Type   Attr      Idx    E Section Name        Object

    0x08000000   0x08000000   0x000000ec   Data   RO            3    RESET               startup_stm32f103xb.o
    0x080000ec   0x080000ec   0x00000000   Code   RO         5526  * .ARM.Collect$$$$00000000  mc_w.l(entry.o)
    0x080000ec   0x080000ec   0x00000004   Code   RO         5814    .ARM.Collect$$$$00000001  mc_w.l(entry2.o)
    0x080000f0   0x080000f0   0x00000004   Code   RO         5817    .ARM.Collect$$$$00000004  mc_w.l(entry5.o)
    0x080000f4   0x080000f4   0x00000000   Code   RO         5819    .ARM.Collect$$$$00000008  mc_w.l(entry7b.o)
    0x080000f4   0x080000f4   0x00000000   Code   RO         5821    .ARM.Collect$$$$0000000A  mc_w.l(entry8b.o)
    0x080000f4   0x080000f4   0x00000008   Code   RO         5822    .ARM.Collect$$$$0000000B  mc_w.l(entry9a.o)
    0x080000fc   0x080000fc   0x00000000   Code   RO         5824    .ARM.Collect$$$$0000000D  mc_w.l(entry10a.o)
    0x080000fc   0x080000fc   0x00000000   Code   RO         5826    .ARM.Collect$$$$0000000F  mc_w.l(entry11a.o)
    0x080000fc   0x080000fc   0x00000004   Code   RO         5815    .ARM.Collect$$$$00002712  mc_w.l(entry2.o)
    0x08000100   0x08000100   0x00000096   Code   RO         5449    .emb_text           port.o
    0x08000196   0x08000196   0x00000002   PAD
    0x08000198   0x08000198   0x00000024   Code   RO            4    .text               startup_stm32f103xb.o
    0x080001bc   0x080001bc   0x00000024   Code   RO         5531    .text               mc_w.l(memcpya.o)
    0x080001e0   0x080001e0   0x00000024   Code   RO         5535    .text               mc_w.l(memseta.o)
    0x08000204   0x08000204   0x0000000a   Code   RO         5804    .text               mf_w.l(ffltui.o)
    0x0800020e   0x0800020e   0x00000028   Code   RO         5808    .text               mf_w.l(ffixui.o)
    0x08000236   0x08000236   0x0000002c   Code   RO         5829    .text               mc_w.l(uidiv.o)
    0x08000262   0x08000262   0x00000000   Code   RO         5837    .text               mc_w.l(iusefp.o)
    0x08000262   0x08000262   0x0000006e   Code   RO         5838    .text               mf_w.l(fepilogue.o)
    0x080002d0   0x080002d0   0x00000024   Code   RO         5848    .text               mc_w.l(init.o)
    0x080002f4   0x080002f4   0x00000056   Code   RO          947    i.ADC_ConversionStop_Disable  stm32f1xx_hal_adc.o
    0x0800034a   0x0800034a   0x0000004e   Code   RO          948    i.ADC_DMAConvCplt   stm32f1xx_hal_adc.o
    0x08000398   0x08000398   0x0000001a   Code   RO          949    i.ADC_DMAError      stm32f1xx_hal_adc.o
    0x080003b2   0x080003b2   0x0000000a   Code   RO          950    i.ADC_DMAHalfConvCplt  stm32f1xx_hal_adc.o
    0x080003bc   0x080003bc   0x0000007c   Code   RO          951    i.ADC_Enable        stm32f1xx_hal_adc.o
    0x08000438   0x08000438   0x0000003a   Code   RO          394    i.ADC_Filter        adc.o
    0x08000472   0x08000472   0x00000002   PAD
    0x08000474   0x08000474   0x0000001c   Code   RO          546    i.AT24C02_Read      i2c.o
    0x08000490   0x08000490   0x00000036   Code   RO          547    i.AT24C02_ReadLenByte  i2c.o
    0x080004c6   0x080004c6   0x00000002   PAD
    0x080004c8   0x080004c8   0x0000001c   Code   RO          548    i.AT24C02_Write     i2c.o
    0x080004e4   0x080004e4   0x00000020   Code   RO          549    i.AT24C02_WriteLenByte  i2c.o
    0x08000504   0x08000504   0x0000004a   Code   RO          550    i.AT24CXX_Check     i2c.o
    0x0800054e   0x0800054e   0x00000002   PAD
    0x08000550   0x08000550   0x00000020   Code   RO          551    i.At24c02_Read_Byte  i2c.o
    0x08000570   0x08000570   0x00000002   Code   RO          772    i.BusFault_Handler  stm32f1xx_it.o
    0x08000572   0x08000572   0x00000002   PAD
    0x08000574   0x08000574   0x00000070   Code   RO          461    i.CAN_Transmit_1    can.o
    0x080005e4   0x080005e4   0x0000007c   Code   RO          462    i.CAN_User_Init     can.o
    0x08000660   0x08000660   0x00000014   Code   RO           13    i.Contol_Out        process.o
    0x08000674   0x08000674   0x0000000c   Code   RO          773    i.DMA1_Channel1_IRQHandler  stm32f1xx_it.o
    0x08000680   0x08000680   0x0000002a   Code   RO         1601    i.DMA_SetConfig     stm32f1xx_hal_dma.o
    0x080006aa   0x080006aa   0x00000002   PAD
    0x080006ac   0x080006ac   0x000000d8   Code   RO           14    i.Data_Collect      process.o
    0x08000784   0x08000784   0x00000038   Code   RO           15    i.Data_Process      process.o
    0x080007bc   0x080007bc   0x00000002   Code   RO          774    i.DebugMon_Handler  stm32f1xx_it.o
    0x080007be   0x080007be   0x00000002   PAD
    0x080007c0   0x080007c0   0x00000020   Code   RO           16    i.Default_Data_Init  process.o
    0x080007e0   0x080007e0   0x00000098   Code   RO          552    i.EEPROM_DATA_Init  i2c.o
    0x08000878   0x08000878   0x00000026   Code   RO          553    i.EEPROM_Init       i2c.o
    0x0800089e   0x0800089e   0x00000004   Code   RO          196    i.Error_Handler     main.o
    0x080008a2   0x080008a2   0x00000002   PAD
    0x080008a4   0x080008a4   0x00000050   Code   RO           17    i.Geer_Can_Data     process.o
    0x080008f4   0x080008f4   0x000000d8   Code   RO         1127    i.HAL_ADCEx_Calibration_Start  stm32f1xx_hal_adc_ex.o
    0x080009cc   0x080009cc   0x000000fc   Code   RO          953    i.HAL_ADC_ConfigChannel  stm32f1xx_hal_adc.o
    0x08000ac8   0x08000ac8   0x00000002   Code   RO          954    i.HAL_ADC_ConvCpltCallback  stm32f1xx_hal_adc.o
    0x08000aca   0x08000aca   0x00000002   Code   RO          955    i.HAL_ADC_ConvHalfCpltCallback  stm32f1xx_hal_adc.o
    0x08000acc   0x08000acc   0x00000002   Code   RO          957    i.HAL_ADC_ErrorCallback  stm32f1xx_hal_adc.o
    0x08000ace   0x08000ace   0x00000002   PAD
    0x08000ad0   0x08000ad0   0x0000011c   Code   RO          962    i.HAL_ADC_Init      stm32f1xx_hal_adc.o
    0x08000bec   0x08000bec   0x000000b4   Code   RO          399    i.HAL_ADC_MspInit   adc.o
    0x08000ca0   0x08000ca0   0x0000010c   Code   RO          969    i.HAL_ADC_Start_DMA  stm32f1xx_hal_adc.o
    0x08000dac   0x08000dac   0x00000024   Code   RO         2199    i.HAL_CAN_ActivateNotification  stm32f1xx_hal_can.o
    0x08000dd0   0x08000dd0   0x000000c8   Code   RO         2200    i.HAL_CAN_AddTxMessage  stm32f1xx_hal_can.o
    0x08000e98   0x08000e98   0x000000ee   Code   RO         2201    i.HAL_CAN_ConfigFilter  stm32f1xx_hal_can.o
    0x08000f86   0x08000f86   0x00000002   Code   RO         2204    i.HAL_CAN_ErrorCallback  stm32f1xx_hal_can.o
    0x08000f88   0x08000f88   0x000000e8   Code   RO         2207    i.HAL_CAN_GetRxMessage  stm32f1xx_hal_can.o
    0x08001070   0x08001070   0x000001fc   Code   RO         2211    i.HAL_CAN_IRQHandler  stm32f1xx_hal_can.o
    0x0800126c   0x0800126c   0x0000011a   Code   RO         2212    i.HAL_CAN_Init      stm32f1xx_hal_can.o
    0x08001386   0x08001386   0x00000002   PAD
    0x08001388   0x08001388   0x0000007c   Code   RO          464    i.HAL_CAN_MspInit   can.o
    0x08001404   0x08001404   0x00000002   Code   RO         2219    i.HAL_CAN_RxFifo0FullCallback  stm32f1xx_hal_can.o
    0x08001406   0x08001406   0x00000002   PAD
    0x08001408   0x08001408   0x00000090   Code   RO          465    i.HAL_CAN_RxFifo0MsgPendingCallback  can.o
    0x08001498   0x08001498   0x00000002   Code   RO         2221    i.HAL_CAN_RxFifo1FullCallback  stm32f1xx_hal_can.o
    0x0800149a   0x0800149a   0x00000002   Code   RO         2222    i.HAL_CAN_RxFifo1MsgPendingCallback  stm32f1xx_hal_can.o
    0x0800149c   0x0800149c   0x00000002   Code   RO         2223    i.HAL_CAN_SleepCallback  stm32f1xx_hal_can.o
    0x0800149e   0x0800149e   0x00000002   PAD
    0x080014a0   0x080014a0   0x00000058   Code   RO         2224    i.HAL_CAN_Start     stm32f1xx_hal_can.o
    0x080014f8   0x080014f8   0x00000002   Code   RO         2226    i.HAL_CAN_TxMailbox0AbortCallback  stm32f1xx_hal_can.o
    0x080014fa   0x080014fa   0x00000002   Code   RO         2227    i.HAL_CAN_TxMailbox0CompleteCallback  stm32f1xx_hal_can.o
    0x080014fc   0x080014fc   0x00000002   Code   RO         2228    i.HAL_CAN_TxMailbox1AbortCallback  stm32f1xx_hal_can.o
    0x080014fe   0x080014fe   0x00000002   Code   RO         2229    i.HAL_CAN_TxMailbox1CompleteCallback  stm32f1xx_hal_can.o
    0x08001500   0x08001500   0x00000002   Code   RO         2230    i.HAL_CAN_TxMailbox2AbortCallback  stm32f1xx_hal_can.o
    0x08001502   0x08001502   0x00000002   Code   RO         2231    i.HAL_CAN_TxMailbox2CompleteCallback  stm32f1xx_hal_can.o
    0x08001504   0x08001504   0x00000002   Code   RO         2233    i.HAL_CAN_WakeUpFromRxMsgCallback  stm32f1xx_hal_can.o
    0x08001506   0x08001506   0x00000002   PAD
    0x08001508   0x08001508   0x00000154   Code   RO         1607    i.HAL_DMA_IRQHandler  stm32f1xx_hal_dma.o
    0x0800165c   0x0800165c   0x0000005c   Code   RO         1608    i.HAL_DMA_Init      stm32f1xx_hal_dma.o
    0x080016b8   0x080016b8   0x00000070   Code   RO         1612    i.HAL_DMA_Start_IT  stm32f1xx_hal_dma.o
    0x08001728   0x08001728   0x00000024   Code   RO         1230    i.HAL_Delay         stm32f1xx_hal.o
    0x0800174c   0x0800174c   0x000001e0   Code   RO         1538    i.HAL_GPIO_Init     stm32f1xx_hal_gpio.o
    0x0800192c   0x0800192c   0x0000000a   Code   RO         1540    i.HAL_GPIO_ReadPin  stm32f1xx_hal_gpio.o
    0x08001936   0x08001936   0x00000010   Code   RO         1541    i.HAL_GPIO_TogglePin  stm32f1xx_hal_gpio.o
    0x08001946   0x08001946   0x0000000a   Code   RO         1542    i.HAL_GPIO_WritePin  stm32f1xx_hal_gpio.o
    0x08001950   0x08001950   0x0000000c   Code   RO         1234    i.HAL_GetTick       stm32f1xx_hal.o
    0x0800195c   0x0800195c   0x00000188   Code   RO         2443    i.HAL_I2C_Init      stm32f1xx_hal_i2c.o
    0x08001ae4   0x08001ae4   0x00000250   Code   RO         2461    i.HAL_I2C_Mem_Read  stm32f1xx_hal_i2c.o
    0x08001d34   0x08001d34   0x00000130   Code   RO         2464    i.HAL_I2C_Mem_Write  stm32f1xx_hal_i2c.o
    0x08001e64   0x08001e64   0x0000005c   Code   RO          555    i.HAL_I2C_MspInit   i2c.o
    0x08001ec0   0x08001ec0   0x0000005a   Code   RO         2864    i.HAL_IWDG_Init     stm32f1xx_hal_iwdg.o
    0x08001f1a   0x08001f1a   0x0000000c   Code   RO         2865    i.HAL_IWDG_Refresh  stm32f1xx_hal_iwdg.o
    0x08001f26   0x08001f26   0x00000002   PAD
    0x08001f28   0x08001f28   0x00000010   Code   RO         1240    i.HAL_IncTick       stm32f1xx_hal.o
    0x08001f38   0x08001f38   0x00000024   Code   RO         1241    i.HAL_Init          stm32f1xx_hal.o
    0x08001f5c   0x08001f5c   0x00000074   Code   RO          872    i.HAL_InitTick      stm32f1xx_hal_timebase_tim.o
    0x08001fd0   0x08001fd0   0x00000048   Code   RO          848    i.HAL_MspInit       stm32f1xx_hal_msp.o
    0x08002018   0x08002018   0x0000001a   Code   RO         1698    i.HAL_NVIC_EnableIRQ  stm32f1xx_hal_cortex.o
    0x08002032   0x08002032   0x00000002   PAD
    0x08002034   0x08002034   0x00000040   Code   RO         1704    i.HAL_NVIC_SetPriority  stm32f1xx_hal_cortex.o
    0x08002074   0x08002074   0x00000024   Code   RO         1705    i.HAL_NVIC_SetPriorityGrouping  stm32f1xx_hal_cortex.o
    0x08002098   0x08002098   0x000000c8   Code   RO         1500    i.HAL_RCCEx_GetPeriphCLKFreq  stm32f1xx_hal_rcc_ex.o
    0x08002160   0x08002160   0x000000ec   Code   RO         1501    i.HAL_RCCEx_PeriphCLKConfig  stm32f1xx_hal_rcc_ex.o
    0x0800224c   0x0800224c   0x0000012c   Code   RO         1398    i.HAL_RCC_ClockConfig  stm32f1xx_hal_rcc.o
    0x08002378   0x08002378   0x00000040   Code   RO         1402    i.HAL_RCC_GetClockConfig  stm32f1xx_hal_rcc.o
    0x080023b8   0x080023b8   0x00000020   Code   RO         1405    i.HAL_RCC_GetPCLK1Freq  stm32f1xx_hal_rcc.o
    0x080023d8   0x080023d8   0x00000020   Code   RO         1406    i.HAL_RCC_GetPCLK2Freq  stm32f1xx_hal_rcc.o
    0x080023f8   0x080023f8   0x0000006c   Code   RO         1407    i.HAL_RCC_GetSysClockFreq  stm32f1xx_hal_rcc.o
    0x08002464   0x08002464   0x00000320   Code   RO         1410    i.HAL_RCC_OscConfig  stm32f1xx_hal_rcc.o
    0x08002784   0x08002784   0x00000002   Code   RO         3600    i.HAL_TIMEx_BreakCallback  stm32f1xx_hal_tim_ex.o
    0x08002786   0x08002786   0x00000002   Code   RO         3601    i.HAL_TIMEx_CommutCallback  stm32f1xx_hal_tim_ex.o
    0x08002788   0x08002788   0x00000068   Code   RO         3619    i.HAL_TIMEx_MasterConfigSynchronization  stm32f1xx_hal_tim_ex.o
    0x080027f0   0x080027f0   0x0000005a   Code   RO         2896    i.HAL_TIM_Base_Init  stm32f1xx_hal_tim.o
    0x0800284a   0x0800284a   0x00000002   PAD
    0x0800284c   0x0800284c   0x0000003c   Code   RO          671    i.HAL_TIM_Base_MspInit  tim.o
    0x08002888   0x08002888   0x00000058   Code   RO         2901    i.HAL_TIM_Base_Start_IT  stm32f1xx_hal_tim.o
    0x080028e0   0x080028e0   0x000000d6   Code   RO         2905    i.HAL_TIM_ConfigClockSource  stm32f1xx_hal_tim.o
    0x080029b6   0x080029b6   0x00000002   Code   RO         2930    i.HAL_TIM_IC_CaptureCallback  stm32f1xx_hal_tim.o
    0x080029b8   0x080029b8   0x00000166   Code   RO         2944    i.HAL_TIM_IRQHandler  stm32f1xx_hal_tim.o
    0x08002b1e   0x08002b1e   0x00000002   PAD
    0x08002b20   0x08002b20   0x00000064   Code   RO          672    i.HAL_TIM_MspPostInit  tim.o
    0x08002b84   0x08002b84   0x00000002   Code   RO         2947    i.HAL_TIM_OC_DelayElapsedCallback  stm32f1xx_hal_tim.o
    0x08002b86   0x08002b86   0x000000c6   Code   RO         2968    i.HAL_TIM_PWM_ConfigChannel  stm32f1xx_hal_tim.o
    0x08002c4c   0x08002c4c   0x0000005a   Code   RO         2971    i.HAL_TIM_PWM_Init  stm32f1xx_hal_tim.o
    0x08002ca6   0x08002ca6   0x00000002   Code   RO         2973    i.HAL_TIM_PWM_MspInit  stm32f1xx_hal_tim.o
    0x08002ca8   0x08002ca8   0x00000002   Code   RO         2974    i.HAL_TIM_PWM_PulseFinishedCallback  stm32f1xx_hal_tim.o
    0x08002caa   0x08002caa   0x00000002   PAD
    0x08002cac   0x08002cac   0x0000009c   Code   RO         2976    i.HAL_TIM_PWM_Start  stm32f1xx_hal_tim.o
    0x08002d48   0x08002d48   0x00000014   Code   RO          197    i.HAL_TIM_PeriodElapsedCallback  main.o
    0x08002d5c   0x08002d5c   0x00000002   Code   RO         2987    i.HAL_TIM_TriggerCallback  stm32f1xx_hal_tim.o
    0x08002d5e   0x08002d5e   0x00000062   Code   RO         3896    i.HAL_UART_Init     stm32f1xx_hal_uart.o
    0x08002dc0   0x08002dc0   0x00000070   Code   RO          725    i.HAL_UART_MspInit  usart.o
    0x08002e30   0x08002e30   0x000000b2   Code   RO         3904    i.HAL_UART_Transmit  stm32f1xx_hal_uart.o
    0x08002ee2   0x08002ee2   0x00000002   Code   RO          775    i.HardFault_Handler  stm32f1xx_it.o
    0x08002ee4   0x08002ee4   0x0000002e   Code   RO         2485    i.I2C_IsAcknowledgeFailed  stm32f1xx_hal_i2c.o
    0x08002f12   0x08002f12   0x00000002   PAD
    0x08002f14   0x08002f14   0x000000fc   Code   RO         2495    i.I2C_RequestMemoryRead  stm32f1xx_hal_i2c.o
    0x08003010   0x08003010   0x000000a8   Code   RO         2496    i.I2C_RequestMemoryWrite  stm32f1xx_hal_i2c.o
    0x080030b8   0x080030b8   0x0000004c   Code   RO         2500    i.I2C_WaitOnBTFFlagUntilTimeout  stm32f1xx_hal_i2c.o
    0x08003104   0x08003104   0x00000068   Code   RO         2501    i.I2C_WaitOnFlagUntilTimeout  stm32f1xx_hal_i2c.o
    0x0800316c   0x0800316c   0x00000096   Code   RO         2502    i.I2C_WaitOnMasterAddressFlagUntilTimeout  stm32f1xx_hal_i2c.o
    0x08003202   0x08003202   0x00000066   Code   RO         2503    i.I2C_WaitOnRXNEFlagUntilTimeout  stm32f1xx_hal_i2c.o
    0x08003268   0x08003268   0x0000004c   Code   RO         2504    i.I2C_WaitOnTXEFlagUntilTimeout  stm32f1xx_hal_i2c.o
    0x080032b4   0x080032b4   0x00000068   Code   RO          400    i.MX_ADC1_Init      adc.o
    0x0800331c   0x0800331c   0x00000044   Code   RO          466    i.MX_CAN_Init       can.o
    0x08003360   0x08003360   0x0000002c   Code   RO          522    i.MX_DMA_Init       dma.o
    0x0800338c   0x0800338c   0x00000068   Code   RO          322    i.MX_FREERTOS_Init  freertos.o
    0x080033f4   0x080033f4   0x00000084   Code   RO          298    i.MX_GPIO_Init      gpio.o
    0x08003478   0x08003478   0x00000040   Code   RO          556    i.MX_I2C1_Init      i2c.o
    0x080034b8   0x080034b8   0x0000002c   Code   RO          640    i.MX_IWDG_Init      iwdg.o
    0x080034e4   0x080034e4   0x00000098   Code   RO          673    i.MX_TIM2_Init      tim.o
    0x0800357c   0x0800357c   0x00000098   Code   RO          674    i.MX_TIM3_Init      tim.o
    0x08003614   0x08003614   0x00000038   Code   RO          726    i.MX_USART1_UART_Init  usart.o
    0x0800364c   0x0800364c   0x00000002   Code   RO          776    i.MemManage_Handler  stm32f1xx_it.o
    0x0800364e   0x0800364e   0x00000002   Code   RO          777    i.NMI_Handler       stm32f1xx_it.o
    0x08003650   0x08003650   0x00000020   Code   RO           18    i.PWM_Out           process.o
    0x08003670   0x08003670   0x00000030   Code   RO          557    i.Read_EEPROM       i2c.o
    0x080036a0   0x080036a0   0x0000009c   Code   RO          323    i.StartDefaultTask  freertos.o
    0x0800373c   0x0800373c   0x0000002c   Code   RO         5450    i.SysTick_Handler   port.o
    0x08003768   0x08003768   0x00000080   Code   RO          198    i.SystemClock_Config  main.o
    0x080037e8   0x080037e8   0x00000002   Code   RO         4225    i.SystemInit        system_stm32f1xx.o
    0x080037ea   0x080037ea   0x00000002   PAD
    0x080037ec   0x080037ec   0x0000000c   Code   RO          778    i.TIM1_UP_IRQHandler  stm32f1xx_it.o
    0x080037f8   0x080037f8   0x0000006c   Code   RO         2989    i.TIM_Base_SetConfig  stm32f1xx_hal_tim.o
    0x08003864   0x08003864   0x0000001a   Code   RO         2990    i.TIM_CCxChannelCmd  stm32f1xx_hal_tim.o
    0x0800387e   0x0800387e   0x00000014   Code   RO         3000    i.TIM_ETR_SetConfig  stm32f1xx_hal_tim.o
    0x08003892   0x08003892   0x00000010   Code   RO         3001    i.TIM_ITRx_SetConfig  stm32f1xx_hal_tim.o
    0x080038a2   0x080038a2   0x00000002   PAD
    0x080038a4   0x080038a4   0x00000050   Code   RO         3002    i.TIM_OC1_SetConfig  stm32f1xx_hal_tim.o
    0x080038f4   0x080038f4   0x00000058   Code   RO         3003    i.TIM_OC2_SetConfig  stm32f1xx_hal_tim.o
    0x0800394c   0x0800394c   0x00000058   Code   RO         3004    i.TIM_OC3_SetConfig  stm32f1xx_hal_tim.o
    0x080039a4   0x080039a4   0x00000044   Code   RO         3005    i.TIM_OC4_SetConfig  stm32f1xx_hal_tim.o
    0x080039e8   0x080039e8   0x00000022   Code   RO         3007    i.TIM_TI1_ConfigInputStage  stm32f1xx_hal_tim.o
    0x08003a0a   0x08003a0a   0x00000024   Code   RO         3009    i.TIM_TI2_ConfigInputStage  stm32f1xx_hal_tim.o
    0x08003a2e   0x08003a2e   0x00000010   Code   RO          324    i.Task_CAN_Tx       freertos.o
    0x08003a3e   0x08003a3e   0x00000002   PAD
    0x08003a40   0x08003a40   0x00000044   Code   RO          325    i.Task_MyHeart      freertos.o
    0x08003a84   0x08003a84   0x00000014   Code   RO          326    i.Task_Process      freertos.o
    0x08003a98   0x08003a98   0x000000b8   Code   RO         3922    i.UART_SetConfig    stm32f1xx_hal_uart.o
    0x08003b50   0x08003b50   0x00000064   Code   RO         3925    i.UART_WaitOnFlagUntilTimeout  stm32f1xx_hal_uart.o
    0x08003bb4   0x08003bb4   0x0000000c   Code   RO          779    i.USB_LP_CAN1_RX0_IRQHandler  stm32f1xx_it.o
    0x08003bc0   0x08003bc0   0x00000002   Code   RO          780    i.UsageFault_Handler  stm32f1xx_it.o
    0x08003bc2   0x08003bc2   0x00000002   PAD
    0x08003bc4   0x08003bc4   0x00000020   Code   RO         5584    i.__0printf$1       mc_w.l(printf1.o)
    0x08003be4   0x08003be4   0x00000020   Code   RO         1711    i.__NVIC_SetPriority  stm32f1xx_hal_cortex.o
    0x08003c04   0x08003c04   0x0000000e   Code   RO         5852    i.__scatterload_copy  mc_w.l(handlers.o)
    0x08003c12   0x08003c12   0x00000002   Code   RO         5853    i.__scatterload_null  mc_w.l(handlers.o)
    0x08003c14   0x08003c14   0x0000000e   Code   RO         5854    i.__scatterload_zeroinit  mc_w.l(handlers.o)
    0x08003c22   0x08003c22   0x00000002   PAD
    0x08003c24   0x08003c24   0x00000154   Code   RO         5591    i._printf_core      mc_w.l(printf1.o)
    0x08003d78   0x08003d78   0x00000018   Code   RO          727    i.fputc             usart.o
    0x08003d90   0x08003d90   0x000000bc   Code   RO          199    i.main              main.o
    0x08003e4c   0x08003e4c   0x0000000c   Code   RO         5021    i.makeFreeRtosPriority  cmsis_os.o
    0x08003e58   0x08003e58   0x0000000e   Code   RO         5023    i.osDelay           cmsis_os.o
    0x08003e66   0x08003e66   0x0000000a   Code   RO         5026    i.osKernelStart     cmsis_os.o
    0x08003e70   0x08003e70   0x00000054   Code   RO         5060    i.osThreadCreate    cmsis_os.o
    0x08003ec4   0x08003ec4   0x00000070   Code   RO         4718    i.prvAddCurrentTaskToDelayedList  tasks.o
    0x08003f34   0x08003f34   0x000000d0   Code   RO         4719    i.prvAddNewTaskToReadyList  tasks.o
    0x08004004   0x08004004   0x00000034   Code   RO         4720    i.prvDeleteTCB      tasks.o
    0x08004038   0x08004038   0x0000004c   Code   RO         5388    i.prvHeapInit       heap_4.o
    0x08004084   0x08004084   0x00000060   Code   RO         4721    i.prvIdleTask       tasks.o
    0x080040e4   0x080040e4   0x0000008e   Code   RO         4722    i.prvInitialiseNewTask  tasks.o
    0x08004172   0x08004172   0x00000002   PAD
    0x08004174   0x08004174   0x0000004c   Code   RO         5389    i.prvInsertBlockIntoFreeList  heap_4.o
    0x080041c0   0x080041c0   0x00000020   Code   RO         4723    i.prvResetNextTaskUnblockTime  tasks.o
    0x080041e0   0x080041e0   0x00000028   Code   RO         5451    i.prvTaskExitError  port.o
    0x08004208   0x08004208   0x000000d8   Code   RO         5390    i.pvPortMalloc      heap_4.o
    0x080042e0   0x080042e0   0x00000024   Code   RO         5452    i.pxPortInitialiseStack  port.o
    0x08004304   0x08004304   0x00000026   Code   RO         4363    i.uxListRemove      list.o
    0x0800432a   0x0800432a   0x00000002   PAD
    0x0800432c   0x0800432c   0x00000014   Code   RO          327    i.vApplicationGetIdleTaskMemory  freertos.o
    0x08004340   0x08004340   0x00000016   Code   RO         4364    i.vListInitialise   list.o
    0x08004356   0x08004356   0x00000006   Code   RO         4365    i.vListInitialiseItem  list.o
    0x0800435c   0x0800435c   0x00000030   Code   RO         4366    i.vListInsert       list.o
    0x0800438c   0x0800438c   0x00000018   Code   RO         4367    i.vListInsertEnd    list.o
    0x080043a4   0x080043a4   0x00000040   Code   RO         5454    i.vPortEnterCritical  port.o
    0x080043e4   0x080043e4   0x00000028   Code   RO         5455    i.vPortExitCritical  port.o
    0x0800440c   0x0800440c   0x0000005c   Code   RO         5391    i.vPortFree         heap_4.o
    0x08004468   0x08004468   0x00000024   Code   RO         5456    i.vPortSetupTimerInterrupt  port.o
    0x0800448c   0x0800448c   0x0000004c   Code   RO         4731    i.vTaskDelay        tasks.o
    0x080044d8   0x080044d8   0x0000006c   Code   RO         4744    i.vTaskStartScheduler  tasks.o
    0x08004544   0x08004544   0x00000010   Code   RO         4746    i.vTaskSuspendAll   tasks.o
    0x08004554   0x08004554   0x0000005c   Code   RO         4747    i.vTaskSwitchContext  tasks.o
    0x080045b0   0x080045b0   0x000000a8   Code   RO         5458    i.xPortStartScheduler  port.o
    0x08004658   0x08004658   0x0000005a   Code   RO         4749    i.xTaskCreate       tasks.o
    0x080046b2   0x080046b2   0x00000056   Code   RO         4750    i.xTaskCreateStatic  tasks.o
    0x08004708   0x08004708   0x000000c8   Code   RO         4757    i.xTaskIncrementTick  tasks.o
    0x080047d0   0x080047d0   0x000000c4   Code   RO         4763    i.xTaskResumeAll    tasks.o
    0x08004894   0x08004894   0x00000070   Data   RO          330    .constdata          freertos.o
    0x08004904   0x08004904   0x00000010   Data   RO         4226    .constdata          system_stm32f1xx.o
    0x08004914   0x08004914   0x00000008   Data   RO         4227    .constdata          system_stm32f1xx.o
    0x0800491c   0x0800491c   0x0000002f   Data   RO          331    .conststring        freertos.o
    0x0800494b   0x0800494b   0x00000001   PAD
    0x0800494c   0x0800494c   0x00000020   Data   RO         5850    Region$$Table       anon$$obj.o


    Execution Region RW_IRAM1 (Exec base: 0x20000000, Load base: 0x0800496c, Size: 0x00001880, Max: 0x00005000, ABSOLUTE)

    Exec Addr    Load Addr    Size         Type   Attr      Idx    E Section Name        Object

    0x20000000   0x0800496c   0x00000010   Data   RW          332    .data               freertos.o
    0x20000010   0x0800497c   0x00000014   Data   RW          468    .data               can.o
    0x20000024   0x08004990   0x0000000c   Data   RW         1248    .data               stm32f1xx_hal.o
    0x20000030   0x0800499c   0x00000004   Data   RW         4228    .data               system_stm32f1xx.o
    0x20000034   0x080049a0   0x0000003c   Data   RW         4766    .data               tasks.o
    0x20000070   0x080049dc   0x00000018   Data   RW         5396    .data               heap_4.o
    0x20000088   0x080049f4   0x0000000c   Data   RW         5459    .data               port.o
    0x20000094   0x08004a00   0x00000004   Data   RW         5828    .data               mc_w.l(stdout.o)
    0x20000098        -       0x0000030c   Zero   RW          328    .bss                freertos.o
    0x200003a4        -       0x000001a0   Zero   RW          329    .bss                freertos.o
    0x20000544        -       0x00000074   Zero   RW          401    .bss                adc.o
    0x200005b8        -       0x0000005c   Zero   RW          467    .bss                can.o
    0x20000614        -       0x00000054   Zero   RW          560    .bss                i2c.o
    0x20000668        -       0x0000000c   Zero   RW          641    .bss                iwdg.o
    0x20000674        -       0x00000090   Zero   RW          675    .bss                tim.o
    0x20000704        -       0x00000044   Zero   RW          728    .bss                usart.o
    0x20000748        -       0x00000048   Zero   RW          875    .bss                stm32f1xx_hal_timebase_tim.o
    0x20000790        -       0x000000f0   Zero   RW         4765    .bss                tasks.o
    0x20000880        -       0x00000c00   Zero   RW         5395    .bss                heap_4.o
    0x20001480        -       0x00000400   Zero   RW            1    STACK               startup_stm32f103xb.o


==============================================================================

Image component sizes


      Code (inc. data)   RO Data    RW Data    ZI Data      Debug   Object Name

       342         34          0          0        116       2530   adc.o
       572        136          0         20         92       3587   can.o
       120          0          0          0          0      22293   cmsis_os.o
        44          4          0          0          0        742   dma.o
         0          0          0          0          0      18156   event_groups.o
       384        114        159         16       1196       5795   freertos.o
       132         10          0          0          0        903   gpio.o
       460         24          0         24       3072       7175   heap_4.o
       642        124          0          0         84       6669   i2c.o
        44          8          0          0         12        691   iwdg.o
       138          0          0          0          0       3342   list.o
       340         72          0          0          0      33408   main.o
       578         60          0         12          0      10248   port.o
       436        202          0          0          0     471121   process.o
        36          8        236          0       1024        796   startup_stm32f103xb.o
       100         18          0         12          0       5186   stm32f1xx_hal.o
      1134         56          0          0          0       8426   stm32f1xx_hal_adc.o
       216          6          0          0          0       1410   stm32f1xx_hal_adc_ex.o
      1608          0          0          0          0      13483   stm32f1xx_hal_can.o
       158         14          0          0          0      28138   stm32f1xx_hal_cortex.o
       586         32          0          0          0       3555   stm32f1xx_hal_dma.o
       516         34          0          0          0       4092   stm32f1xx_hal_gpio.o
      2262         56          0          0          0      12662   stm32f1xx_hal_i2c.o
       102          0          0          0          0       1811   stm32f1xx_hal_iwdg.o
        72         10          0          0          0        854   stm32f1xx_hal_msp.o
      1336        110          0          0          0       5757   stm32f1xx_hal_rcc.o
       436         46          0          0          0       2505   stm32f1xx_hal_rcc_ex.o
      1768         58          0          0          0      15674   stm32f1xx_hal_tim.o
       108         12          0          0          0       2337   stm32f1xx_hal_tim_ex.o
       116         18          0          0         72       1395   stm32f1xx_hal_timebase_tim.o
       560          6          0          0          0       3896   stm32f1xx_hal_uart.o
        48         18          0          0          0       3850   stm32f1xx_it.o
         0          0          0          0          0        392   stream_buffer.o
         2          0         24          4          0       1095   system_stm32f1xx.o
      1506        110          0         60        240      15982   tasks.o
       464         34          0          0        144       3053   tim.o
       192         24          0          0         68       2166   usart.o

    ----------------------------------------------------------------------
     17608       1458        452        148       6120     725175   Object Totals
         0          0         32          0          0          0   (incl. Generated)
        50          0          1          0          0          0   (incl. Padding)

    ----------------------------------------------------------------------

      Code (inc. data)   RO Data    RW Data    ZI Data      Debug   Library Member Name

         0          0          0          0          0          0   entry.o
         0          0          0          0          0          0   entry10a.o
         0          0          0          0          0          0   entry11a.o
         8          4          0          0          0          0   entry2.o
         4          0          0          0          0          0   entry5.o
         0          0          0          0          0          0   entry7b.o
         0          0          0          0          0          0   entry8b.o
         8          4          0          0          0          0   entry9a.o
        30          0          0          0          0          0   handlers.o
        36          8          0          0          0         68   init.o
         0          0          0          0          0          0   iusefp.o
        36          0          0          0          0         68   memcpya.o
        36          0          0          0          0        108   memseta.o
       372         14          0          0          0        184   printf1.o
         0          0          0          4          0          0   stdout.o
        44          0          0          0          0         80   uidiv.o
       110          0          0          0          0        168   fepilogue.o
        40          0          0          0          0         68   ffixui.o
        10          0          0          0          0         68   ffltui.o

    ----------------------------------------------------------------------
       736         30          0          4          0        812   Library Totals
         2          0          0          0          0          0   (incl. Padding)

    ----------------------------------------------------------------------

      Code (inc. data)   RO Data    RW Data    ZI Data      Debug   Library Name

       574         30          0          4          0        508   mc_w.l
       160          0          0          0          0        304   mf_w.l

    ----------------------------------------------------------------------
       736         30          0          4          0        812   Library Totals

    ----------------------------------------------------------------------

==============================================================================


      Code (inc. data)   RO Data    RW Data    ZI Data      Debug   

     18344       1488        452        152       6120     716155   Grand Totals
     18344       1488        452        152       6120     716155   ELF Image Totals
     18344       1488        452        152          0          0   ROM Totals

==============================================================================

    Total RO  Size (Code + RO Data)                18796 (  18.36kB)
    Total RW  Size (RW Data + ZI Data)              6272 (   6.13kB)
    Total ROM Size (Code + RO Data + RW Data)      18948 (  18.50kB)

==============================================================================

