Component: ARM Compiler 5.06 update 6 (build 750) Tool: armlink [4d35ed]

==============================================================================

Section Cross References

    startup_stm32f103xb.o(RESET) refers to startup_stm32f103xb.o(STACK) for __initial_sp
    startup_stm32f103xb.o(RESET) refers to startup_stm32f103xb.o(.text) for Reset_Handler
    startup_stm32f103xb.o(RESET) refers to stm32f1xx_it.o(i.NMI_Handler) for NMI_Handler
    startup_stm32f103xb.o(RESET) refers to stm32f1xx_it.o(i.HardFault_Handler) for HardFault_Handler
    startup_stm32f103xb.o(RESET) refers to stm32f1xx_it.o(i.MemManage_Handler) for MemManage_Handler
    startup_stm32f103xb.o(RESET) refers to stm32f1xx_it.o(i.BusFault_Handler) for BusFault_Handler
    startup_stm32f103xb.o(RESET) refers to stm32f1xx_it.o(i.UsageFault_Handler) for UsageFault_Handler
    startup_stm32f103xb.o(RESET) refers to port.o(.emb_text) for SVC_Handler
    startup_stm32f103xb.o(RESET) refers to stm32f1xx_it.o(i.DebugMon_Handler) for DebugMon_Handler
    startup_stm32f103xb.o(RESET) refers to port.o(i.SysTick_Handler) for SysTick_Handler
    startup_stm32f103xb.o(RESET) refers to stm32f1xx_it.o(i.DMA1_Channel1_IRQHandler) for DMA1_Channel1_IRQHandler
    startup_stm32f103xb.o(RESET) refers to stm32f1xx_it.o(i.USB_LP_CAN1_RX0_IRQHandler) for USB_LP_CAN1_RX0_IRQHandler
    startup_stm32f103xb.o(RESET) refers to stm32f1xx_it.o(i.TIM1_UP_IRQHandler) for TIM1_UP_IRQHandler
    startup_stm32f103xb.o(.text) refers to system_stm32f1xx.o(i.SystemInit) for SystemInit
    startup_stm32f103xb.o(.text) refers to entry.o(.ARM.Collect$$$$00000000) for __main
    process.o(i.Collect_Data) refers to stm32f1xx_hal_gpio.o(i.HAL_GPIO_ReadPin) for HAL_GPIO_ReadPin
    process.o(i.Collect_Data) refers to adc.o(i.ADC_Filter) for ADC_Filter
    process.o(i.Collect_Data) refers to ffltui.o(.text) for __aeabi_ui2f
    process.o(i.Collect_Data) refers to fmul.o(.text) for __aeabi_fmul
    process.o(i.Collect_Data) refers to fadd.o(.text) for __aeabi_fadd
    process.o(i.Collect_Data) refers to ffixui.o(.text) for __aeabi_f2uiz
    process.o(i.Collect_Data) refers to pid.o(i.PIDCalc) for PIDCalc
    process.o(i.Collect_Data) refers to printf1.o(i.__0printf$1) for __2printf
    process.o(i.Collect_Data) refers to freertos.o(.bss) for data_collect
    process.o(i.Collect_Data) refers to freertos.o(.bss) for data_result
    process.o(i.Collect_Data) refers to freertos.o(.bss) for data_storage
    process.o(i.Collect_Data) refers to freertos.o(.bss) for out_par
    process.o(i.Control_Out) refers to stm32f1xx_hal_gpio.o(i.HAL_GPIO_WritePin) for HAL_GPIO_WritePin
    process.o(i.Control_Out) refers to freertos.o(.bss) for out_par
    process.o(i.Control_Out) refers to tim.o(.bss) for htim2
    process.o(i.Default_Data_Init) refers to freertos.o(.bss) for data_storage
    process.o(i.Default_Data_Init) refers to main.o(.data) for Default_PWM_Value_Up
    process.o(i.Default_Data_Init) refers to main.o(.data) for Default_PWM_Value_Down
    process.o(i.Drive_Out) refers to stm32f1xx_hal_gpio.o(i.HAL_GPIO_WritePin) for HAL_GPIO_WritePin
    process.o(i.Hegiht_Calibration) refers to fflti.o(.text) for __aeabi_i2f
    process.o(i.Hegiht_Calibration) refers to printf1.o(i.__0printf$1) for __2printf
    process.o(i.Hegiht_Calibration) refers to can.o(i.CAN_Transmit_Calibration) for CAN_Transmit_Calibration
    process.o(i.Hegiht_Calibration) refers to stm32f1xx_hal.o(i.HAL_Delay) for HAL_Delay
    process.o(i.Hegiht_Calibration) refers to freertos.o(.bss) for bit_flag
    process.o(i.Height_Judgment) refers to freertos.o(.bss) for data_storage
    process.o(i.PWM_Out) refers to tim.o(.bss) for htim3
    process.o(i.Picker_Hieght_Process) refers to ffltui.o(.text) for __aeabi_ui2f
    process.o(i.Picker_Hieght_Process) refers to fmul.o(.text) for __aeabi_fmul
    process.o(i.Picker_Hieght_Process) refers to fadd.o(.text) for __aeabi_fadd
    process.o(i.Picker_Hieght_Process) refers to ffixui.o(.text) for __aeabi_f2uiz
    process.o(i.Picker_Hieght_Process) refers to freertos.o(.bss) for data_storage
    process.o(i.Picker_Hieght_Process) refers to freertos.o(.bss) for data_result
    process.o(i.Process_Data) refers to freertos.o(.bss) for data_collect
    process.o(i.Process_Data) refers to freertos.o(.bss) for bit_flag
    process.o(i.Process_Data) refers to freertos.o(.bss) for out_par
    process.o(i.Real_Height_Init) refers to freertos.o(.bss) for data_storage
    pid.o(i.PIDCalc) refers to fflti.o(.text) for __aeabi_i2f
    pid.o(i.PIDCalc) refers to fmul.o(.text) for __aeabi_fmul
    pid.o(i.PIDCalc) refers to fadd.o(.text) for __aeabi_fadd
    pid.o(i.PIDCalc) refers to f2d.o(.text) for __aeabi_f2d
    pid.o(i.PIDCalc) refers to dadd.o(.text) for __aeabi_dadd
    pid.o(i.PIDCalc) refers to dfixi.o(.text) for __aeabi_d2iz
    main.o(i.HAL_TIM_PeriodElapsedCallback) refers to stm32f1xx_hal.o(i.HAL_IncTick) for HAL_IncTick
[...]
    i.HAL_CAN_ActivateNotification           0x080017ac   Section        0  stm32f1xx_hal_can.o(i.HAL_CAN_ActivateNotification)
    i.HAL_CAN_AddTxMessage                   0x080017d6   Section        0  stm32f1xx_hal_can.o(i.HAL_CAN_AddTxMessage)
    i.HAL_CAN_ConfigFilter                   0x080018bc   Section        0  stm32f1xx_hal_can.o(i.HAL_CAN_ConfigFilter)
    i.HAL_CAN_ErrorCallback                  0x080019ba   Section        0  stm32f1xx_hal_can.o(i.HAL_CAN_ErrorCallback)
    i.HAL_CAN_GetRxMessage                   0x080019bc   Section        0  stm32f1xx_hal_can.o(i.HAL_CAN_GetRxMessage)
    i.HAL_CAN_IRQHandler                     0x08001b06   Section        0  stm32f1xx_hal_can.o(i.HAL_CAN_IRQHandler)
    i.HAL_CAN_Init                           0x08001d3c   Section        0  stm32f1xx_hal_can.o(i.HAL_CAN_Init)
    i.HAL_CAN_MspInit                        0x08001e68   Section        0  can.o(i.HAL_CAN_MspInit)
    i.HAL_CAN_RxFifo0FullCallback            0x08001ee8   Section        0  stm32f1xx_hal_can.o(i.HAL_CAN_RxFifo0FullCallback)
    i.HAL_CAN_RxFifo0MsgPendingCallback      0x08001eec   Section        0  can.o(i.HAL_CAN_RxFifo0MsgPendingCallback)
    i.HAL_CAN_RxFifo1FullCallback            0x08001f78   Section        0  stm32f1xx_hal_can.o(i.HAL_CAN_RxFifo1FullCallback)
    i.HAL_CAN_RxFifo1MsgPendingCallback      0x08001f7a   Section        0  stm32f1xx_hal_can.o(i.HAL_CAN_RxFifo1MsgPendingCallback)
    i.HAL_CAN_SleepCallback                  0x08001f7c   Section        0  stm32f1xx_hal_can.o(i.HAL_CAN_SleepCallback)
    i.HAL_CAN_Start                          0x08001f80   Section        0  stm32f1xx_hal_can.o(i.HAL_CAN_Start)
    i.HAL_CAN_TxMailbox0AbortCallback        0x08001fe4   Section        0  stm32f1xx_hal_can.o(i.HAL_CAN_TxMailbox0AbortCallback)
    i.HAL_CAN_TxMailbox0CompleteCallback     0x08001fe6   Section        0  stm32f1xx_hal_can.o(i.HAL_CAN_TxMailbox0CompleteCallback)
    i.HAL_CAN_TxMailbox1AbortCallback        0x08001fe8   Section        0  stm32f1xx_hal_can.o(i.HAL_CAN_TxMailbox1AbortCallback)
    i.HAL_CAN_TxMailbox1CompleteCallback     0x08001fea   Section        0  stm32f1xx_hal_can.o(i.HAL_CAN_TxMailbox1CompleteCallback)
    i.HAL_CAN_TxMailbox2AbortCallback        0x08001fec   Section        0  stm32f1xx_hal_can.o(i.HAL_CAN_TxMailbox2AbortCallback)
    i.HAL_CAN_TxMailbox2CompleteCallback     0x08001fee   Section        0  stm32f1xx_hal_can.o(i.HAL_CAN_TxMailbox2CompleteCallback)
    i.HAL_CAN_WakeUpFromRxMsgCallback        0x08001ff0   Section        0  stm32f1xx_hal_can.o(i.HAL_CAN_WakeUpFromRxMsgCallback)
    i.HAL_DMA_IRQHandler                     0x08001ff4   Section        0  stm32f1xx_hal_dma.o(i.HAL_DMA_IRQHandler)
    i.HAL_DMA_Init                           0x08002158   Section        0  stm32f1xx_hal_dma.o(i.HAL_DMA_Init)
    i.HAL_DMA_Start_IT                       0x080021d4   Section        0  stm32f1xx_hal_dma.o(i.HAL_DMA_Start_IT)
    i.HAL_Delay                              0x0800226c   Section        0  stm32f1xx_hal.o(i.HAL_Delay)
    i.HAL_GPIO_Init                          0x08002294   Section        0  stm32f1xx_hal_gpio.o(i.HAL_GPIO_Init)
    i.HAL_GPIO_ReadPin                       0x08002478   Section        0  stm32f1xx_hal_gpio.o(i.HAL_GPIO_ReadPin)
    i.HAL_GPIO_TogglePin                     0x08002482   Section        0  stm32f1xx_hal_gpio.o(i.HAL_GPIO_TogglePin)
    i.HAL_GPIO_WritePin                      0x08002492   Section        0  stm32f1xx_hal_gpio.o(i.HAL_GPIO_WritePin)
    i.HAL_GetTick                            0x0800249c   Section        0  stm32f1xx_hal.o(i.HAL_GetTick)
    i.HAL_I2C_Init                           0x080024a8   Section        0  stm32f1xx_hal_i2c.o(i.HAL_I2C_Init)
    i.HAL_I2C_Mem_Read                       0x08002650   Section        0  stm32f1xx_hal_i2c.o(i.HAL_I2C_Mem_Read)
    i.HAL_I2C_Mem_Write                      0x08002950   Section        0  stm32f1xx_hal_i2c.o(i.HAL_I2C_Mem_Write)
    i.HAL_I2C_MspInit                        0x08002afc   Section        0  i2c.o(i.HAL_I2C_MspInit)
    i.HAL_IWDG_Init                          0x08002b5c   Section        0  stm32f1xx_hal_iwdg.o(i.HAL_IWDG_Init)
    i.HAL_IWDG_Refresh                       0x08002bc2   Section        0  stm32f1xx_hal_iwdg.o(i.HAL_IWDG_Refresh)
    i.HAL_IncTick                            0x08002bd0   Section        0  stm32f1xx_hal.o(i.HAL_IncTick)
    i.HAL_Init                               0x08002be0   Section        0  stm32f1xx_hal.o(i.HAL_Init)
    i.HAL_InitTick                           0x08002c04   Section        0  stm32f1xx_hal_timebase_tim.o(i.HAL_InitTick)
    i.HAL_MspInit                            0x08002c78   Section        0  stm32f1xx_hal_msp.o(i.HAL_MspInit)
    i.HAL_NVIC_EnableIRQ                     0x08002cc0   Section        0  stm32f1xx_hal_cortex.o(i.HAL_NVIC_EnableIRQ)
    i.HAL_NVIC_SetPriority                   0x08002ce0   Section        0  stm32f1xx_hal_cortex.o(i.HAL_NVIC_SetPriority)
    i.HAL_NVIC_SetPriorityGrouping           0x08002d44   Section        0  stm32f1xx_hal_cortex.o(i.HAL_NVIC_SetPriorityGrouping)
    i.HAL_RCCEx_GetPeriphCLKFreq             0x08002d68   Section        0  stm32f1xx_hal_rcc_ex.o(i.HAL_RCCEx_GetPeriphCLKFreq)
    i.HAL_RCCEx_PeriphCLKConfig              0x08002e6c   Section        0  stm32f1xx_hal_rcc_ex.o(i.HAL_RCCEx_PeriphCLKConfig)
    i.HAL_RCC_ClockConfig                    0x08002f98   Section        0  stm32f1xx_hal_rcc.o(i.HAL_RCC_ClockConfig)
    i.HAL_RCC_GetClockConfig                 0x0800315c   Section        0  stm32f1xx_hal_rcc.o(i.HAL_RCC_GetClockConfig)
    i.HAL_RCC_GetPCLK1Freq                   0x0800319c   Section        0  stm32f1xx_hal_rcc.o(i.HAL_RCC_GetPCLK1Freq)
    i.HAL_RCC_GetPCLK2Freq                   0x080031bc   Section        0  stm32f1xx_hal_rcc.o(i.HAL_RCC_GetPCLK2Freq)
    i.HAL_RCC_GetSysClockFreq                0x080031dc   Section        0  stm32f1xx_hal_rcc.o(i.HAL_RCC_GetSysClockFreq)
    i.HAL_RCC_OscConfig                      0x08003254   Section        0  stm32f1xx_hal_rcc.o(i.HAL_RCC_OscConfig)
    i.HAL_TIMEx_BreakCallback                0x0800361c   Section        0  stm32f1xx_hal_tim_ex.o(i.HAL_TIMEx_BreakCallback)
    i.HAL_TIMEx_CommutCallback               0x0800361e   Section        0  stm32f1xx_hal_tim_ex.o(i.HAL_TIMEx_CommutCallback)
    i.HAL_TIMEx_MasterConfigSynchronization  0x08003620   Section        0  stm32f1xx_hal_tim_ex.o(i.HAL_TIMEx_MasterConfigSynchronization)
    i.HAL_TIM_Base_Init                      0x0800368e   Section        0  stm32f1xx_hal_tim.o(i.HAL_TIM_Base_Init)
    i.HAL_TIM_Base_MspInit                   0x080036e8   Section        0  tim.o(i.HAL_TIM_Base_MspInit)
    i.HAL_TIM_Base_Start_IT                  0x0800372c   Section        0  stm32f1xx_hal_tim.o(i.HAL_TIM_Base_Start_IT)
    i.HAL_TIM_ConfigClockSource              0x08003784   Section        0  stm32f1xx_hal_tim.o(i.HAL_TIM_ConfigClockSource)
    i.HAL_TIM_IC_CaptureCallback             0x08003908   Section        0  stm32f1xx_hal_tim.o(i.HAL_TIM_IC_CaptureCallback)
    i.HAL_TIM_IRQHandler                     0x0800390a   Section        0  stm32f1xx_hal_tim.o(i.HAL_TIM_IRQHandler)
    i.HAL_TIM_OC_DelayElapsedCallback        0x08003a76   Section        0  stm32f1xx_hal_tim.o(i.HAL_TIM_OC_DelayElapsedCallback)
    i.HAL_TIM_PWM_ConfigChannel              0x08003a78   Section        0  stm32f1xx_hal_tim.o(i.HAL_TIM_PWM_ConfigChannel)
    i.HAL_TIM_PWM_Init                       0x08003c80   Section        0  stm32f1xx_hal_tim.o(i.HAL_TIM_PWM_Init)
    i.HAL_TIM_PWM_MspInit                    0x08003cda   Section        0  stm32f1xx_hal_tim.o(i.HAL_TIM_PWM_MspInit)
    i.HAL_TIM_PWM_PulseFinishedCallback      0x08003cdc   Section        0  stm32f1xx_hal_tim.o(i.HAL_TIM_PWM_PulseFinishedCallback)
    i.HAL_TIM_PWM_Start                      0x08003ce0   Section        0  stm32f1xx_hal_tim.o(i.HAL_TIM_PWM_Start)
    i.HAL_TIM_PeriodElapsedCallback          0x08003d90   Section        0  main.o(i.HAL_TIM_PeriodElapsedCallback)
    i.HAL_TIM_TriggerCallback                0x08003da2   Section        0  stm32f1xx_hal_tim.o(i.HAL_TIM_TriggerCallback)
    i.HAL_UART_Init                          0x08003da4   Section        0  stm32f1xx_hal_uart.o(i.HAL_UART_Init)
    i.HAL_UART_MspInit                       0x08003e08   Section        0  usart.o(i.HAL_UART_MspInit)
    i.HAL_UART_Transmit                      0x08003e7c   Section        0  stm32f1xx_hal_uart.o(i.HAL_UART_Transmit)
    i.HardFault_Handler                      0x08003f9e   Section        0  stm32f1xx_it.o(i.HardFault_Handler)
    i.Hegiht_Calibration                     0x08003fa0   Section        0  process.o(i.Hegiht_Calibration)
    i.I2C_RequestMemoryRead                  0x0800403c   Section        0  stm32f1xx_hal_i2c.o(i.I2C_RequestMemoryRead)
    I2C_RequestMemoryRead                    0x0800403d   Thumb Code   280  stm32f1xx_hal_i2c.o(i.I2C_RequestMemoryRead)
    i.I2C_RequestMemoryWrite                 0x08004158   Section        0  stm32f1xx_hal_i2c.o(i.I2C_RequestMemoryWrite)
    I2C_RequestMemoryWrite                   0x08004159   Thumb Code   174  stm32f1xx_hal_i2c.o(i.I2C_RequestMemoryWrite)
    i.I2C_WaitOnFlagUntilTimeout             0x0800420c   Section        0  stm32f1xx_hal_i2c.o(i.I2C_WaitOnFlagUntilTimeout)
    I2C_WaitOnFlagUntilTimeout               0x0800420d   Thumb Code   166  stm32f1xx_hal_i2c.o(i.I2C_WaitOnFlagUntilTimeout)
    i.I2C_WaitOnMasterAddressFlagUntilTimeout 0x080042b2   Section        0  stm32f1xx_hal_i2c.o(i.I2C_WaitOnMasterAddressFlagUntilTimeout)
    I2C_WaitOnMasterAddressFlagUntilTimeout  0x080042b3   Thumb Code   200  stm32f1xx_hal_i2c.o(i.I2C_WaitOnMasterAddressFlagUntilTimeout)
    i.I2C_WaitOnTXEFlagUntilTimeout          0x0800437a   Section        0  stm32f1xx_hal_i2c.o(i.I2C_WaitOnTXEFlagUntilTimeout)
    I2C_WaitOnTXEFlagUntilTimeout            0x0800437b   Thumb Code   136  stm32f1xx_hal_i2c.o(i.I2C_WaitOnTXEFlagUntilTimeout)
    i.MX_ADC1_Init                           0x08004404   Section        0  adc.o(i.MX_ADC1_Init)
    i.MX_CAN_Init                            0x08004474   Section        0  can.o(i.MX_CAN_Init)
    i.MX_DMA_Init                            0x080044b8   Section        0  dma.o(i.MX_DMA_Init)
    i.MX_FREERTOS_Init                       0x080044d4   Section        0  freertos.o(i.MX_FREERTOS_Init)
    i.MX_GPIO_Init                           0x08004574   Section        0  gpio.o(i.MX_GPIO_Init)
    i.MX_I2C1_Init                           0x080045f8   Section        0  i2c.o(i.MX_I2C1_Init)
    i.MX_IWDG_Init                           0x08004638   Section        0  iwdg.o(i.MX_IWDG_Init)
    i.MX_TIM2_Init                           0x08004664   Section        0  tim.o(i.MX_TIM2_Init)
    i.MX_TIM3_Init                           0x08004778   Section        0  tim.o(i.MX_TIM3_Init)
    i.MX_USART1_UART_Init                    0x08004888   Section        0  usart.o(i.MX_USART1_UART_Init)
    i.MemManage_Handler                      0x080048c0   Section        0  stm32f1xx_it.o(i.MemManage_Handler)
    i.NMI_Handler                            0x080048c2   Section        0  stm32f1xx_it.o(i.NMI_Handler)
    i.PIDCalc                                0x080048c4   Section        0  pid.o(i.PIDCalc)
    i.Process_Data                           0x08004958   Section        0  process.o(i.Process_Data)
    i.Read_EEPROM                            0x080049f0   Section        0  i2c.o(i.Read_EEPROM)
    i.StartDefaultTask                       0x08004a90   Section        0  freertos.o(i.StartDefaultTask)
    i.SysTick_Handler                        0x08004ba0   Section        0  port.o(i.SysTick_Handler)
    i.SystemInit                             0x08004bcc   Section        0  system_stm32f1xx.o(i.SystemInit)
    i.TIM1_UP_IRQHandler                     0x08004bd0   Section        0  stm32f1xx_it.o(i.TIM1_UP_IRQHandler)
    i.TIM_Base_SetConfig                     0x08004bdc   Section        0  stm32f1xx_hal_tim.o(i.TIM_Base_SetConfig)
    i.Task_CAN_Tx                            0x08004c54   Section        0  freertos.o(i.Task_CAN_Tx)
    i.Task_Collec_ProcessData                0x08004c9c   Section        0  freertos.o(i.Task_Collec_ProcessData)
    i.Task_MyHeart                           0x08004cbc   Section        0  freertos.o(i.Task_MyHeart)
    i.UART_SetConfig                         0x08004cfc   Section        0  stm32f1xx_hal_uart.o(i.UART_SetConfig)
    UART_SetConfig                           0x08004cfd   Thumb Code   198  stm32f1xx_hal_uart.o(i.UART_SetConfig)
    i.USB_LP_CAN1_RX0_IRQHandler             0x08004dc8   Section        0  stm32f1xx_it.o(i.USB_LP_CAN1_RX0_IRQHandler)
    i.UsageFault_Handler                     0x08004dd4   Section        0  stm32f1xx_it.o(i.UsageFault_Handler)
    i.__0printf$1                            0x08004dd8   Section        0  printf1.o(i.__0printf$1)
    i.__scatterload_copy                     0x08004df8   Section       14  handlers.o(i.__scatterload_copy)
    i.__scatterload_null                     0x08004e06   Section        2  handlers.o(i.__scatterload_null)
    i.__scatterload_zeroinit                 0x08004e08   Section       14  handlers.o(i.__scatterload_zeroinit)
    i._printf_core                           0x08004e18   Section        0  printf1.o(i._printf_core)
    _printf_core                             0x08004e19   Thumb Code   336  printf1.o(i._printf_core)
    i.fputc                                  0x08004f6c   Section        0  usart.o(i.fputc)
    i.main                                   0x08004f88   Section        0  main.o(i.main)
    i.makeFreeRtosPriority                   0x080050a0   Section        0  cmsis_os.o(i.makeFreeRtosPriority)
    makeFreeRtosPriority                     0x080050a1   Thumb Code    12  cmsis_os.o(i.makeFreeRtosPriority)
    i.osDelay                                0x080050ac   Section        0  cmsis_os.o(i.osDelay)
    i.osKernelStart                          0x080050bc   Section        0  cmsis_os.o(i.osKernelStart)
    i.osThreadCreate                         0x080050c6   Section        0  cmsis_os.o(i.osThreadCreate)
    i.prvAddCurrentTaskToDelayedList         0x08005124   Section        0  tasks.o(i.prvAddCurrentTaskToDelayedList)
    prvAddCurrentTaskToDelayedList           0x08005125   Thumb Code   110  tasks.o(i.prvAddCurrentTaskToDelayedList)
    i.prvAddNewTaskToReadyList               0x0800519c   Section        0  tasks.o(i.prvAddNewTaskToReadyList)
    prvAddNewTaskToReadyList                 0x0800519d   Thumb Code   124  tasks.o(i.prvAddNewTaskToReadyList)
    i.prvCheckTasksWaitingTermination        0x08005224   Section        0  tasks.o(i.prvCheckTasksWaitingTermination)
    prvCheckTasksWaitingTermination          0x08005225   Thumb Code    56  tasks.o(i.prvCheckTasksWaitingTermination)
    i.prvDeleteTCB                           0x08005264   Section        0  tasks.o(i.prvDeleteTCB)
    prvDeleteTCB                             0x08005265   Thumb Code    64  tasks.o(i.prvDeleteTCB)
    i.prvHeapInit                            0x080052a4   Section        0  heap_4.o(i.prvHeapInit)
    prvHeapInit                              0x080052a5   Thumb Code    70  heap_4.o(i.prvHeapInit)
    i.prvIdleTask                            0x080052f4   Section        0  tasks.o(i.prvIdleTask)
    prvIdleTask                              0x080052f5   Thumb Code    30  tasks.o(i.prvIdleTask)
    i.prvInitialiseNewTask                   0x0800531c   Section        0  tasks.o(i.prvInitialiseNewTask)
    prvInitialiseNewTask                     0x0800531d   Thumb Code   116  tasks.o(i.prvInitialiseNewTask)
    i.prvInitialiseTaskLists                 0x08005390   Section        0  tasks.o(i.prvInitialiseTaskLists)
    prvInitialiseTaskLists                   0x08005391   Thumb Code    66  tasks.o(i.prvInitialiseTaskLists)
    i.prvInsertBlockIntoFreeList             0x080053f0   Section        0  heap_4.o(i.prvInsertBlockIntoFreeList)
    prvInsertBlockIntoFreeList               0x080053f1   Thumb Code    84  heap_4.o(i.prvInsertBlockIntoFreeList)
    i.prvResetNextTaskUnblockTime            0x0800544c   Section        0  tasks.o(i.prvResetNextTaskUnblockTime)
    prvResetNextTaskUnblockTime              0x0800544d   Thumb Code    30  tasks.o(i.prvResetNextTaskUnblockTime)
    i.prvTaskExitError                       0x08005470   Section        0  port.o(i.prvTaskExitError)
    prvTaskExitError                         0x08005471   Thumb Code    42  port.o(i.prvTaskExitError)
    i.pvPortMalloc                           0x080054a0   Section        0  heap_4.o(i.pvPortMalloc)
    i.pxPortInitialiseStack                  0x08005584   Section        0  port.o(i.pxPortInitialiseStack)
    i.uxListRemove                           0x080055a8   Section        0  list.o(i.uxListRemove)
    i.vApplicationGetIdleTaskMemory          0x080055d0   Section        0  freertos.o(i.vApplicationGetIdleTaskMemory)
    i.vListInitialise                        0x080055e4   Section        0  list.o(i.vListInitialise)
    i.vListInitialiseItem                    0x080055fa   Section        0  list.o(i.vListInitialiseItem)
    i.vListInsert                            0x08005600   Section        0  list.o(i.vListInsert)
    i.vListInsertEnd                         0x08005636   Section        0  list.o(i.vListInsertEnd)
    i.vPortEnterCritical                     0x08005650   Section        0  port.o(i.vPortEnterCritical)
    i.vPortExitCritical                      0x08005690   Section        0  port.o(i.vPortExitCritical)
    i.vPortFree                              0x080056bc   Section        0  heap_4.o(i.vPortFree)
    i.vPortSetupTimerInterrupt               0x08005718   Section        0  port.o(i.vPortSetupTimerInterrupt)
    i.vTaskDelay                             0x0800573c   Section        0  tasks.o(i.vTaskDelay)
    i.vTaskStartScheduler                    0x0800578c   Section        0  tasks.o(i.vTaskStartScheduler)
    i.vTaskSuspendAll                        0x08005814   Section        0  tasks.o(i.vTaskSuspendAll)
    i.vTaskSwitchContext                     0x08005824   Section        0  tasks.o(i.vTaskSwitchContext)
    i.xPortStartScheduler                    0x08005884   Section        0  port.o(i.xPortStartScheduler)
    i.xTaskCreate                            0x08005938   Section        0  tasks.o(i.xTaskCreate)
    i.xTaskCreateStatic                      0x080059a4   Section        0  tasks.o(i.xTaskCreateStatic)
    i.xTaskIncrementTick                     0x08005a04   Section        0  tasks.o(i.xTaskIncrementTick)
    i.xTaskResumeAll                         0x08005ad4   Section        0  tasks.o(i.xTaskResumeAll)
    .constdata                               0x08005ba0   Section      112  freertos.o(.constdata)
    .constdata                               0x08005c10   Section       16  system_stm32f1xx.o(.constdata)
    .constdata                               0x08005c20   Section        8  system_stm32f1xx.o(.constdata)
    .conststring                             0x08005c28   Section       52  freertos.o(.conststring)
    .data                                    0x20000000   Section        2  main.o(.data)
    .data                                    0x20000002   Section        2  main.o(.data)
    .data                                    0x20000004   Section        2  main.o(.data)
    .data                                    0x20000006   Section        2  main.o(.data)
    .data                                    0x20000008   Section        2  main.o(.data)
    .data                                    0x2000000a   Section        2  main.o(.data)
    .data                                    0x2000000c   Section        2  main.o(.data)
    .data                                    0x20000010   Section       16  freertos.o(.data)
    .data                                    0x20000020   Section       20  can.o(.data)
    .data                                    0x20000034   Section       12  stm32f1xx_hal.o(.data)
    .data                                    0x20000040   Section        4  system_stm32f1xx.o(.data)
    .data                                    0x20000044   Section       60  tasks.o(.data)
    pxDelayedTaskList                        0x20000048   Data           4  tasks.o(.data)
    pxOverflowDelayedTaskList                0x2000004c   Data           4  tasks.o(.data)
    uxDeletedTasksWaitingCleanUp             0x20000050   Data           4  tasks.o(.data)
    uxCurrentNumberOfTasks                   0x20000054   Data           4  tasks.o(.data)
    xTickCount                               0x20000058   Data           4  tasks.o(.data)
    uxTopReadyPriority                       0x2000005c   Data           4  tasks.o(.data)
    xSchedulerRunning                        0x20000060   Data           4  tasks.o(.data)
    uxPendedTicks                            0x20000064   Data           4  tasks.o(.data)
    xYieldPending                            0x20000068   Data           4  tasks.o(.data)
    xNumOfOverflows                          0x2000006c   Data           4  tasks.o(.data)
    uxTaskNumber                             0x20000070   Data           4  tasks.o(.data)
    xNextTaskUnblockTime                     0x20000074   Data           4  tasks.o(.data)
    xIdleTaskHandle                          0x20000078   Data           4  tasks.o(.data)
    uxSchedulerSuspended                     0x2000007c   Data           4  tasks.o(.data)
    .data                                    0x20000080   Section       24  heap_4.o(.data)
    pxEnd                                    0x20000080   Data           4  heap_4.o(.data)
    xFreeBytesRemaining                      0x20000084   Data           4  heap_4.o(.data)
    xMinimumEverFreeBytesRemaining           0x20000088   Data           4  heap_4.o(.data)
    xBlockAllocatedBit                       0x2000008c   Data           4  heap_4.o(.data)
    xStart                                   0x20000090   Data           8  heap_4.o(.data)
    .data                                    0x20000098   Section       12  port.o(.data)
    ucMaxSysCallPriority                     0x20000098   Data           1  port.o(.data)
    uxCriticalNesting                        0x2000009c   Data           4  port.o(.data)
    ulMaxPRIGROUPValue                       0x200000a0   Data           4  port.o(.data)
    .data                                    0x200000a4   Section        4  stdout.o(.data)
    .bss                                     0x200000a8   Section      412  freertos.o(.bss)
    .bss                                     0x20000244   Section      484  freertos.o(.bss)
    xIdleTaskTCBBuffer                       0x200002d4   Data          84  freertos.o(.bss)
    xIdleStack                               0x20000328   Data         256  freertos.o(.bss)
    .bss                                     0x20000428   Section       40  freertos.o(.bss)
    .bss                                     0x20000450   Section       14  freertos.o(.bss)
    .bss                                     0x20000460   Section      116  adc.o(.bss)
    .bss                                     0x200004d4   Section       92  can.o(.bss)
    .bss                                     0x20000530   Section       84  i2c.o(.bss)
    .bss                                     0x20000584   Section       12  iwdg.o(.bss)
    .bss                                     0x20000590   Section      144  tim.o(.bss)
    .bss                                     0x20000620   Section       68  usart.o(.bss)
    .bss                                     0x20000664   Section       72  stm32f1xx_hal_timebase_tim.o(.bss)
    .bss                                     0x200006ac   Section      240  tasks.o(.bss)
    pxReadyTasksLists                        0x200006ac   Data         140  tasks.o(.bss)
    xDelayedTaskList1                        0x20000738   Data          20  tasks.o(.bss)
    xDelayedTaskList2                        0x2000074c   Data          20  tasks.o(.bss)
    xPendingReadyList                        0x20000760   Data          20  tasks.o(.bss)
    xTasksWaitingTermination                 0x20000774   Data          20  tasks.o(.bss)
    xSuspendedTaskList                       0x20000788   Data          20  tasks.o(.bss)
    .bss                                     0x2000079c   Section     3072  heap_4.o(.bss)
    ucHeap                                   0x2000079c   Data        3072  heap_4.o(.bss)
    STACK                                    0x200013a0   Section     1024  startup_stm32f103xb.o(STACK)

    Global Symbols

    Symbol Name                              Value     Ov Type        Size  Object(Section)

    BuildAttributes$$THM_ISAv4$P$D$K$B$S$PE$A:L22UL41UL21$X:L11$S22US41US21$IEEE1$IW$USESV6$~STKCKD$USESV7$~SHL$OTIME$ROPI$EBA8$MICROLIB$REQ8$PRES8$EABIv2 0x00000000   Number         0  anon$$obj.o ABSOLUTE
    __ARM_use_no_argv                        0x00000000   Number         0  main.o ABSOLUTE
    _printf_a                                0x00000000   Number         0  stubs.o ABSOLUTE
    _printf_c                                0x00000000   Number         0  stubs.o ABSOLUTE
    _printf_charcount                        0x00000000   Number         0  stubs.o ABSOLUTE
    _printf_d                                0x00000000   Number         0  stubs.o ABSOLUTE
    _printf_e                                0x00000000   Number         0  stubs.o ABSOLUTE
    _printf_f                                0x00000000   Number         0  stubs.o ABSOLUTE
    _printf_flags                            0x00000000   Number         0  stubs.o ABSOLUTE
    _printf_fp_dec                           0x00000000   Number         0  stubs.o ABSOLUTE
    _printf_fp_hex                           0x00000000   Number         0  stubs.o ABSOLUTE
    _printf_g                                0x00000000   Number         0  stubs.o ABSOLUTE
    _printf_i                                0x00000000   Number         0  stubs.o ABSOLUTE
    _printf_int_dec                          0x00000000   Number         0  stubs.o ABSOLUTE
    _printf_l                                0x00000000   Number         0  stubs.o ABSOLUTE
    _printf_lc                               0x00000000   Number         0  stubs.o ABSOLUTE
    _printf_ll                               0x00000000   Number         0  stubs.o ABSOLUTE
    _printf_lld                              0x00000000   Number         0  stubs.o ABSOLUTE
    _printf_lli                              0x00000000   Number         0  stubs.o ABSOLUTE
    _printf_llo                              0x00000000   Number         0  stubs.o ABSOLUTE
    _printf_llu                              0x00000000   Number         0  stubs.o ABSOLUTE
    _printf_llx                              0x00000000   Number         0  stubs.o ABSOLUTE
    _printf_longlong_dec                     0x00000000   Number         0  stubs.o ABSOLUTE
    _printf_longlong_hex                     0x00000000   Number         0  stubs.o ABSOLUTE
    _printf_longlong_oct                     0x00000000   Number         0  stubs.o ABSOLUTE
    _printf_ls                               0x00000000   Number         0  stubs.o ABSOLUTE
    _printf_mbtowc                           0x00000000   Number         0  stubs.o ABSOLUTE
    _printf_n                                0x00000000   Number         0  stubs.o ABSOLUTE
    _printf_o                                0x00000000   Number         0  stubs.o ABSOLUTE
    _printf_p                                0x00000000   Number         0  stubs.o ABSOLUTE
    _printf_percent                          0x00000000   Number         0  stubs.o ABSOLUTE
    _printf_pre_padding                      0x00000000   Number         0  stubs.o ABSOLUTE
    _printf_return_value                     0x00000000   Number         0  stubs.o ABSOLUTE
    _printf_s                                0x00000000   Number         0  stubs.o ABSOLUTE
    _printf_sizespec                         0x00000000   Number         0  stubs.o ABSOLUTE
    _printf_str                              0x00000000   Number         0  stubs.o ABSOLUTE
    _printf_truncate_signed                  0x00000000   Number         0  stubs.o ABSOLUTE
    _printf_truncate_unsigned                0x00000000   Number         0  stubs.o ABSOLUTE
    _printf_u                                0x00000000   Number         0  stubs.o ABSOLUTE
    _printf_wc                               0x00000000   Number         0  stubs.o ABSOLUTE
    _printf_wctomb                           0x00000000   Number         0  stubs.o ABSOLUTE
    _printf_widthprec                        0x00000000   Number         0  stubs.o ABSOLUTE
    _printf_x                                0x00000000   Number         0  stubs.o ABSOLUTE
    __cpp_initialize__aeabi_                  - Undefined Weak Reference
    __cxa_finalize                            - Undefined Weak Reference
    __decompress                              - Undefined Weak Reference
    _clock_init                               - Undefined Weak Reference
    _microlib_exit                            - Undefined Weak Reference
    __Vectors_Size                           0x000000ec   Number         0  startup_stm32f103xb.o ABSOLUTE
    __Vectors                                0x08000000   Data           4  startup_stm32f103xb.o(RESET)
    __Vectors_End                            0x080000ec   Data           0  startup_stm32f103xb.o(RESET)
    __main                                   0x080000ed   Thumb Code     0  entry.o(.ARM.Collect$$$$00000000)
    _main_stk                                0x080000ed   Thumb Code     0  entry2.o(.ARM.Collect$$$$00000001)
    _main_scatterload                        0x080000f1   Thumb Code     0  entry5.o(.ARM.Collect$$$$00000004)
    __main_after_scatterload                 0x080000f5   Thumb Code     0  entry5.o(.ARM.Collect$$$$00000004)
    _main_clock                              0x080000f5   Thumb Code     0  entry7b.o(.ARM.Collect$$$$00000008)
    _main_cpp_init                           0x080000f5   Thumb Code     0  entry8b.o(.ARM.Collect$$$$0000000A)
    _main_init                               0x080000f5   Thumb Code     0  entry9a.o(.ARM.Collect$$$$0000000B)
    __rt_final_cpp                           0x080000fd   Thumb Code     0  entry10a.o(.ARM.Collect$$$$0000000D)
    __rt_final_exit                          0x080000fd   Thumb Code     0  entry11a.o(.ARM.Collect$$$$0000000F)
    SVC_Handler                              0x08000101   Thumb Code    32  port.o(.emb_text)
    __asm___6_port_c_39a90d8d__prvStartFirstTask 0x08000125   Thumb Code    28  port.o(.emb_text)
    PendSV_Handler                           0x08000145   Thumb Code    72  port.o(.emb_text)
    vPortGetIPSR                             0x08000191   Thumb Code     6  port.o(.emb_text)
    Reset_Handler                            0x08000199   Thumb Code     8  startup_stm32f103xb.o(.text)
    ADC1_2_IRQHandler                        0x080001b3   Thumb Code     0  startup_stm32f103xb.o(.text)
    CAN1_RX1_IRQHandler                      0x080001b3   Thumb Code     0  startup_stm32f103xb.o(.text)
    CAN1_SCE_IRQHandler                      0x080001b3   Thumb Code     0  startup_stm32f103xb.o(.text)
    DMA1_Channel2_IRQHandler                 0x080001b3   Thumb Code     0  startup_stm32f103xb.o(.text)
    DMA1_Channel3_IRQHandler                 0x080001b3   Thumb Code     0  startup_stm32f103xb.o(.text)
    DMA1_Channel4_IRQHandler                 0x080001b3   Thumb Code     0  startup_stm32f103xb.o(.text)
    DMA1_Channel5_IRQHandler                 0x080001b3   Thumb Code     0  startup_stm32f103xb.o(.text)
    DMA1_Channel6_IRQHandler                 0x080001b3   Thumb Code     0  startup_stm32f103xb.o(.text)
    DMA1_Channel7_IRQHandler                 0x080001b3   Thumb Code     0  startup_stm32f103xb.o(.text)
    EXTI0_IRQHandler                         0x080001b3   Thumb Code     0  startup_stm32f103xb.o(.text)
    EXTI15_10_IRQHandler                     0x080001b3   Thumb Code     0  startup_stm32f103xb.o(.text)
    EXTI1_IRQHandler                         0x080001b3   Thumb Code     0  startup_stm32f103xb.o(.text)
    EXTI2_IRQHandler                         0x080001b3   Thumb Code     0  startup_stm32f103xb.o(.text)
    EXTI3_IRQHandler                         0x080001b3   Thumb Code     0  startup_stm32f103xb.o(.text)
    EXTI4_IRQHandler                         0x080001b3   Thumb Code     0  startup_stm32f103xb.o(.text)
    EXTI9_5_IRQHandler                       0x080001b3   Thumb Code     0  startup_stm32f103xb.o(.text)
    FLASH_IRQHandler                         0x080001b3   Thumb Code     0  startup_stm32f103xb.o(.text)
    I2C1_ER_IRQHandler                       0x080001b3   Thumb Code     0  startup_stm32f103xb.o(.text)
    I2C1_EV_IRQHandler                       0x080001b3   Thumb Code     0  startup_stm32f103xb.o(.text)
    I2C2_ER_IRQHandler                       0x080001b3   Thumb Code     0  startup_stm32f103xb.o(.text)
    I2C2_EV_IRQHandler                       0x080001b3   Thumb Code     0  startup_stm32f103xb.o(.text)
    PVD_IRQHandler                           0x080001b3   Thumb Code     0  startup_stm32f103xb.o(.text)
    RCC_IRQHandler                           0x080001b3   Thumb Code     0  startup_stm32f103xb.o(.text)
    RTC_Alarm_IRQHandler                     0x080001b3   Thumb Code     0  startup_stm32f103xb.o(.text)
    RTC_IRQHandler                           0x080001b3   Thumb Code     0  startup_stm32f103xb.o(.text)
    SPI1_IRQHandler                          0x080001b3   Thumb Code     0  startup_stm32f103xb.o(.text)
    SPI2_IRQHandler                          0x080001b3   Thumb Code     0  startup_stm32f103xb.o(.text)
    TAMPER_IRQHandler                        0x080001b3   Thumb Code     0  startup_stm32f103xb.o(.text)
    TIM1_BRK_IRQHandler                      0x080001b3   Thumb Code     0  startup_stm32f103xb.o(.text)
    TIM1_CC_IRQHandler                       0x080001b3   Thumb Code     0  startup_stm32f103xb.o(.text)
    TIM1_TRG_COM_IRQHandler                  0x080001b3   Thumb Code     0  startup_stm32f103xb.o(.text)
    TIM2_IRQHandler                          0x080001b3   Thumb Code     0  startup_stm32f103xb.o(.text)
    TIM3_IRQHandler                          0x080001b3   Thumb Code     0  startup_stm32f103xb.o(.text)
    TIM4_IRQHandler                          0x080001b3   Thumb Code     0  startup_stm32f103xb.o(.text)
    USART1_IRQHandler                        0x080001b3   Thumb Code     0  startup_stm32f103xb.o(.text)
    USART2_IRQHandler                        0x080001b3   Thumb Code     0  startup_stm32f103xb.o(.text)
    USART3_IRQHandler                        0x080001b3   Thumb Code     0  startup_stm32f103xb.o(.text)
    USBWakeUp_IRQHandler                     0x080001b3   Thumb Code     0  startup_stm32f103xb.o(.text)
    USB_HP_CAN1_TX_IRQHandler                0x080001b3   Thumb Code     0  startup_stm32f103xb.o(.text)
    WWDG_IRQHandler                          0x080001b3   Thumb Code     0  startup_stm32f103xb.o(.text)
    __aeabi_llsr                             0x080001bd   Thumb Code    32  llushr.o(.text)
    _ll_ushift_r                             0x080001bd   Thumb Code     0  llushr.o(.text)
    __aeabi_fadd                             0x080001dd   Thumb Code   164  fadd.o(.text)
    __aeabi_fsub                             0x08000281   Thumb Code     6  fadd.o(.text)
    __aeabi_frsub                            0x08000287   Thumb Code     6  fadd.o(.text)
    __aeabi_fmul                             0x0800028d   Thumb Code   100  fmul.o(.text)
    __aeabi_dadd                             0x080002f1   Thumb Code   322  dadd.o(.text)
    __aeabi_dsub                             0x08000433   Thumb Code     6  dadd.o(.text)
    __aeabi_drsub                            0x08000439   Thumb Code     6  dadd.o(.text)
    __aeabi_i2f                              0x0800043f   Thumb Code    18  fflti.o(.text)
    __aeabi_ui2f                             0x08000451   Thumb Code    10  ffltui.o(.text)
    __aeabi_f2uiz                            0x0800045b   Thumb Code    40  ffixui.o(.text)
    __aeabi_d2iz                             0x08000483   Thumb Code    62  dfixi.o(.text)
    __aeabi_f2d                              0x080004c1   Thumb Code    38  f2d.o(.text)
    __aeabi_uidiv                            0x080004e7   Thumb Code     0  uidiv.o(.text)
    __aeabi_uidivmod                         0x080004e7   Thumb Code    44  uidiv.o(.text)
    __aeabi_llsl                             0x08000513   Thumb Code    30  llshl.o(.text)
    _ll_shift_l                              0x08000513   Thumb Code     0  llshl.o(.text)
    __aeabi_lasr                             0x08000531   Thumb Code    36  llsshr.o(.text)
    _ll_sshift_r                             0x08000531   Thumb Code     0  llsshr.o(.text)
    __I$use$fp                               0x08000555   Thumb Code     0  iusefp.o(.text)
    _float_round                             0x08000555   Thumb Code    18  fepilogue.o(.text)
    _float_epilogue                          0x08000567   Thumb Code    92  fepilogue.o(.text)
    _double_round                            0x080005c3   Thumb Code    30  depilogue.o(.text)
    _double_epilogue                         0x080005e1   Thumb Code   156  depilogue.o(.text)
    __scatterload                            0x0800067d   Thumb Code    28  init.o(.text)
    __scatterload_rt2                        0x0800067d   Thumb Code     0  init.o(.text)
    ADC_ConversionStop_Disable               0x080006a1   Thumb Code    94  stm32f1xx_hal_adc.o(i.ADC_ConversionStop_Disable)
    ADC_DMAConvCplt                          0x080006ff   Thumb Code    84  stm32f1xx_hal_adc.o(i.ADC_DMAConvCplt)
    ADC_DMAError                             0x08000753   Thumb Code    26  stm32f1xx_hal_adc.o(i.ADC_DMAError)
    ADC_DMAHalfConvCplt                      0x0800076d   Thumb Code    10  stm32f1xx_hal_adc.o(i.ADC_DMAHalfConvCplt)
    ADC_Enable                               0x08000779   Thumb Code   184  stm32f1xx_hal_adc.o(i.ADC_Enable)
    ADC_Filter                               0x08000839   Thumb Code    92  adc.o(i.ADC_Filter)
    AT24C02_ReadLenByte                      0x08000895   Thumb Code    82  i2c.o(i.AT24C02_ReadLenByte)
    AT24C02_WriteLenByte                     0x080008ed   Thumb Code    96  i2c.o(i.AT24C02_WriteLenByte)
    BusFault_Handler                         0x08000951   Thumb Code     2  stm32f1xx_it.o(i.BusFault_Handler)
    CAN_Transmit_C1D7                        0x08000955   Thumb Code   122  can.o(i.CAN_Transmit_C1D7)
    CAN_Transmit_C2D7orD8                    0x080009e5   Thumb Code    86  can.o(i.CAN_Transmit_C2D7orD8)
    CAN_Transmit_C4D7orD8                    0x08000a59   Thumb Code   102  can.o(i.CAN_Transmit_C4D7orD8)
    CAN_Transmit_C5D7orD8                    0x08000ae1   Thumb Code    78  can.o(i.CAN_Transmit_C5D7orD8)
    CAN_Transmit_C6D7orD8                    0x08000b45   Thumb Code   104  can.o(i.CAN_Transmit_C6D7orD8)
    CAN_Transmit_C7D7orD8                    0x08000bc5   Thumb Code    78  can.o(i.CAN_Transmit_C7D7orD8)
    CAN_Transmit_C8D7orD8                    0x08000c29   Thumb Code    88  can.o(i.CAN_Transmit_C8D7orD8)
    CAN_Transmit_Calibration                 0x08000c99   Thumb Code    72  can.o(i.CAN_Transmit_Calibration)
    CAN_User_Init                            0x08000cf1   Thumb Code    84  can.o(i.CAN_User_Init)
    Collect_Data                             0x08000d71   Thumb Code   388  process.o(i.Collect_Data)
    Control_Out                              0x08000f1d   Thumb Code   128  process.o(i.Control_Out)
    DMA1_Channel1_IRQHandler                 0x08000fad   Thumb Code     6  stm32f1xx_it.o(i.DMA1_Channel1_IRQHandler)
    DebugMon_Handler                         0x08000fb9   Thumb Code     2  stm32f1xx_it.o(i.DebugMon_Handler)
    Default_Data_Init                        0x08000fbd   Thumb Code    96  process.o(i.Default_Data_Init)
    EEPROM_DATA_Init                         0x08001035   Thumb Code   362  i2c.o(i.EEPROM_DATA_Init)
    Error_Handler                            0x08001211   Thumb Code     4  main.o(i.Error_Handler)
    HAL_ADCEx_Calibration_Start              0x08001215   Thumb Code   296  stm32f1xx_hal_adc_ex.o(i.HAL_ADCEx_Calibration_Start)
    HAL_ADC_ConfigChannel                    0x08001341   Thumb Code   338  stm32f1xx_hal_adc.o(i.HAL_ADC_ConfigChannel)
    HAL_ADC_ConvCpltCallback                 0x0800149d   Thumb Code     2  stm32f1xx_hal_adc.o(i.HAL_ADC_ConvCpltCallback)
    HAL_ADC_ConvHalfCpltCallback             0x0800149f   Thumb Code     2  stm32f1xx_hal_adc.o(i.HAL_ADC_ConvHalfCpltCallback)
    HAL_ADC_ErrorCallback                    0x080014a1   Thumb Code     2  stm32f1xx_hal_adc.o(i.HAL_ADC_ErrorCallback)
    HAL_ADC_Init                             0x080014a5   Thumb Code   290  stm32f1xx_hal_adc.o(i.HAL_ADC_Init)
    HAL_ADC_MspInit                          0x080015d5   Thumb Code   164  adc.o(i.HAL_ADC_MspInit)
    HAL_ADC_Start_DMA                        0x0800168d   Thumb Code   268  stm32f1xx_hal_adc.o(i.HAL_ADC_Start_DMA)
    HAL_CAN_ActivateNotification             0x080017ad   Thumb Code    42  stm32f1xx_hal_can.o(i.HAL_CAN_ActivateNotification)
    HAL_CAN_AddTxMessage                     0x080017d7   Thumb Code   230  stm32f1xx_hal_can.o(i.HAL_CAN_AddTxMessage)
    HAL_CAN_ConfigFilter                     0x080018bd   Thumb Code   254  stm32f1xx_hal_can.o(i.HAL_CAN_ConfigFilter)
    HAL_CAN_ErrorCallback                    0x080019bb   Thumb Code     2  stm32f1xx_hal_can.o(i.HAL_CAN_ErrorCallback)
    HAL_CAN_GetRxMessage                     0x080019bd   Thumb Code   330  stm32f1xx_hal_can.o(i.HAL_CAN_GetRxMessage)
    HAL_CAN_IRQHandler                       0x08001b07   Thumb Code   566  stm32f1xx_hal_can.o(i.HAL_CAN_IRQHandler)
    HAL_CAN_Init                             0x08001d3d   Thumb Code   298  stm32f1xx_hal_can.o(i.HAL_CAN_Init)
    HAL_CAN_MspInit                          0x08001e69   Thumb Code   120  can.o(i.HAL_CAN_MspInit)
    HAL_CAN_RxFifo0FullCallback              0x08001ee9   Thumb Code     2  stm32f1xx_hal_can.o(i.HAL_CAN_RxFifo0FullCallback)
    HAL_CAN_RxFifo0MsgPendingCallback        0x08001eed   Thumb Code   114  can.o(i.HAL_CAN_RxFifo0MsgPendingCallback)
    HAL_CAN_RxFifo1FullCallback              0x08001f79   Thumb Code     2  stm32f1xx_hal_can.o(i.HAL_CAN_RxFifo1FullCallback)
    HAL_CAN_RxFifo1MsgPendingCallback        0x08001f7b   Thumb Code     2  stm32f1xx_hal_can.o(i.HAL_CAN_RxFifo1MsgPendingCallback)
    HAL_CAN_SleepCallback                    0x08001f7d   Thumb Code     2  stm32f1xx_hal_can.o(i.HAL_CAN_SleepCallback)
    HAL_CAN_Start                            0x08001f81   Thumb Code   100  stm32f1xx_hal_can.o(i.HAL_CAN_Start)
    HAL_CAN_TxMailbox0AbortCallback          0x08001fe5   Thumb Code     2  stm32f1xx_hal_can.o(i.HAL_CAN_TxMailbox0AbortCallback)
    HAL_CAN_TxMailbox0CompleteCallback       0x08001fe7   Thumb Code     2  stm32f1xx_hal_can.o(i.HAL_CAN_TxMailbox0CompleteCallback)
    HAL_CAN_TxMailbox1AbortCallback          0x08001fe9   Thumb Code     2  stm32f1xx_hal_can.o(i.HAL_CAN_TxMailbox1AbortCallback)
    HAL_CAN_TxMailbox1CompleteCallback       0x08001feb   Thumb Code     2  stm32f1xx_hal_can.o(i.HAL_CAN_TxMailbox1CompleteCallback)
    HAL_CAN_TxMailbox2AbortCallback          0x08001fed   Thumb Code     2  stm32f1xx_hal_can.o(i.HAL_CAN_TxMailbox2AbortCallback)
    HAL_CAN_TxMailbox2CompleteCallback       0x08001fef   Thumb Code     2  stm32f1xx_hal_can.o(i.HAL_CAN_TxMailbox2CompleteCallback)
    HAL_CAN_WakeUpFromRxMsgCallback          0x08001ff1   Thumb Code     2  stm32f1xx_hal_can.o(i.HAL_CAN_WakeUpFromRxMsgCallback)
    HAL_DMA_IRQHandler                       0x08001ff5   Thumb Code   326  stm32f1xx_hal_dma.o(i.HAL_DMA_IRQHandler)
    HAL_DMA_Init                             0x08002159   Thumb Code   112  stm32f1xx_hal_dma.o(i.HAL_DMA_Init)
    HAL_DMA_Start_IT                         0x080021d5   Thumb Code   150  stm32f1xx_hal_dma.o(i.HAL_DMA_Start_IT)
    HAL_Delay                                0x0800226d   Thumb Code    34  stm32f1xx_hal.o(i.HAL_Delay)
    HAL_GPIO_Init                            0x08002295   Thumb Code   462  stm32f1xx_hal_gpio.o(i.HAL_GPIO_Init)
    HAL_GPIO_ReadPin                         0x08002479   Thumb Code    10  stm32f1xx_hal_gpio.o(i.HAL_GPIO_ReadPin)
    HAL_GPIO_TogglePin                       0x08002483   Thumb Code    16  stm32f1xx_hal_gpio.o(i.HAL_GPIO_TogglePin)
    HAL_GPIO_WritePin                        0x08002493   Thumb Code    10  stm32f1xx_hal_gpio.o(i.HAL_GPIO_WritePin)
    HAL_GetTick                              0x0800249d   Thumb Code     6  stm32f1xx_hal.o(i.HAL_GetTick)
    HAL_I2C_Init                             0x080024a9   Thumb Code   408  stm32f1xx_hal_i2c.o(i.HAL_I2C_Init)
    HAL_I2C_Mem_Read                         0x08002651   Thumb Code   752  stm32f1xx_hal_i2c.o(i.HAL_I2C_Mem_Read)
    HAL_I2C_Mem_Write                        0x08002951   Thumb Code   418  stm32f1xx_hal_i2c.o(i.HAL_I2C_Mem_Write)
    HAL_I2C_MspInit                          0x08002afd   Thumb Code    88  i2c.o(i.HAL_I2C_MspInit)
    HAL_IWDG_Init                            0x08002b5d   Thumb Code   102  stm32f1xx_hal_iwdg.o(i.HAL_IWDG_Init)
    HAL_IWDG_Refresh                         0x08002bc3   Thumb Code    12  stm32f1xx_hal_iwdg.o(i.HAL_IWDG_Refresh)
    HAL_IncTick                              0x08002bd1   Thumb Code    12  stm32f1xx_hal.o(i.HAL_IncTick)
    HAL_Init                                 0x08002be1   Thumb Code    32  stm32f1xx_hal.o(i.HAL_Init)
    HAL_InitTick                             0x08002c05   Thumb Code    98  stm32f1xx_hal_timebase_tim.o(i.HAL_InitTick)
    HAL_MspInit                              0x08002c79   Thumb Code    62  stm32f1xx_hal_msp.o(i.HAL_MspInit)
    HAL_NVIC_EnableIRQ                       0x08002cc1   Thumb Code    30  stm32f1xx_hal_cortex.o(i.HAL_NVIC_EnableIRQ)
    HAL_NVIC_SetPriority                     0x08002ce1   Thumb Code    96  stm32f1xx_hal_cortex.o(i.HAL_NVIC_SetPriority)
    HAL_NVIC_SetPriorityGrouping             0x08002d45   Thumb Code    30  stm32f1xx_hal_cortex.o(i.HAL_NVIC_SetPriorityGrouping)
    HAL_RCCEx_GetPeriphCLKFreq               0x08002d69   Thumb Code   222  stm32f1xx_hal_rcc_ex.o(i.HAL_RCCEx_GetPeriphCLKFreq)
    HAL_RCCEx_PeriphCLKConfig                0x08002e6d   Thumb Code   286  stm32f1xx_hal_rcc_ex.o(i.HAL_RCCEx_PeriphCLKConfig)
    HAL_RCC_ClockConfig                      0x08002f99   Thumb Code   414  stm32f1xx_hal_rcc.o(i.HAL_RCC_ClockConfig)
    HAL_RCC_GetClockConfig                   0x0800315d   Thumb Code    54  stm32f1xx_hal_rcc.o(i.HAL_RCC_GetClockConfig)
    HAL_RCC_GetPCLK1Freq                     0x0800319d   Thumb Code    20  stm32f1xx_hal_rcc.o(i.HAL_RCC_GetPCLK1Freq)
    HAL_RCC_GetPCLK2Freq                     0x080031bd   Thumb Code    20  stm32f1xx_hal_rcc.o(i.HAL_RCC_GetPCLK2Freq)
    HAL_RCC_GetSysClockFreq                  0x080031dd   Thumb Code    86  stm32f1xx_hal_rcc.o(i.HAL_RCC_GetSysClockFreq)
    HAL_RCC_OscConfig                        0x08003255   Thumb Code   948  stm32f1xx_hal_rcc.o(i.HAL_RCC_OscConfig)
    HAL_TIMEx_BreakCallback                  0x0800361d   Thumb Code     2  stm32f1xx_hal_tim_ex.o(i.HAL_TIMEx_BreakCallback)
    HAL_TIMEx_CommutCallback                 0x0800361f   Thumb Code     2  stm32f1xx_hal_tim_ex.o(i.HAL_TIMEx_CommutCallback)
    HAL_TIMEx_MasterConfigSynchronization    0x08003621   Thumb Code   110  stm32f1xx_hal_tim_ex.o(i.HAL_TIMEx_MasterConfigSynchronization)
    HAL_TIM_Base_Init                        0x0800368f   Thumb Code    90  stm32f1xx_hal_tim.o(i.HAL_TIM_Base_Init)
    HAL_TIM_Base_MspInit                     0x080036e9   Thumb Code    62  tim.o(i.HAL_TIM_Base_MspInit)
    HAL_TIM_Base_Start_IT                    0x0800372d   Thumb Code    88  stm32f1xx_hal_tim.o(i.HAL_TIM_Base_Start_IT)
    HAL_TIM_ConfigClockSource                0x08003785   Thumb Code   388  stm32f1xx_hal_tim.o(i.HAL_TIM_ConfigClockSource)
    HAL_TIM_IC_CaptureCallback               0x08003909   Thumb Code     2  stm32f1xx_hal_tim.o(i.HAL_TIM_IC_CaptureCallback)
    HAL_TIM_IRQHandler                       0x0800390b   Thumb Code   364  stm32f1xx_hal_tim.o(i.HAL_TIM_IRQHandler)
    HAL_TIM_OC_DelayElapsedCallback          0x08003a77   Thumb Code     2  stm32f1xx_hal_tim.o(i.HAL_TIM_OC_DelayElapsedCallback)
    HAL_TIM_PWM_ConfigChannel                0x08003a79   Thumb Code   516  stm32f1xx_hal_tim.o(i.HAL_TIM_PWM_ConfigChannel)
    HAL_TIM_PWM_Init                         0x08003c81   Thumb Code    90  stm32f1xx_hal_tim.o(i.HAL_TIM_PWM_Init)
    HAL_TIM_PWM_MspInit                      0x08003cdb   Thumb Code     2  stm32f1xx_hal_tim.o(i.HAL_TIM_PWM_MspInit)
    HAL_TIM_PWM_PulseFinishedCallback        0x08003cdd   Thumb Code     2  stm32f1xx_hal_tim.o(i.HAL_TIM_PWM_PulseFinishedCallback)
    HAL_TIM_PWM_Start                        0x08003ce1   Thumb Code   170  stm32f1xx_hal_tim.o(i.HAL_TIM_PWM_Start)
    HAL_TIM_PeriodElapsedCallback            0x08003d91   Thumb Code    18  main.o(i.HAL_TIM_PeriodElapsedCallback)
    HAL_TIM_TriggerCallback                  0x08003da3   Thumb Code     2  stm32f1xx_hal_tim.o(i.HAL_TIM_TriggerCallback)
    HAL_UART_Init                            0x08003da5   Thumb Code    98  stm32f1xx_hal_uart.o(i.HAL_UART_Init)
    HAL_UART_MspInit                         0x08003e09   Thumb Code   108  usart.o(i.HAL_UART_MspInit)
    HAL_UART_Transmit                        0x08003e7d   Thumb Code   290  stm32f1xx_hal_uart.o(i.HAL_UART_Transmit)
    HardFault_Handler                        0x08003f9f   Thumb Code     2  stm32f1xx_it.o(i.HardFault_Handler)
    Hegiht_Calibration                       0x08003fa1   Thumb Code   112  process.o(i.Hegiht_Calibration)
    MX_ADC1_Init                             0x08004405   Thumb Code   104  adc.o(i.MX_ADC1_Init)
    MX_CAN_Init                              0x08004475   Thumb Code    60  can.o(i.MX_CAN_Init)
    MX_DMA_Init                              0x080044b9   Thumb Code    24  dma.o(i.MX_DMA_Init)
    MX_FREERTOS_Init                         0x080044d5   Thumb Code   150  freertos.o(i.MX_FREERTOS_Init)
    MX_GPIO_Init                             0x08004575   Thumb Code   124  gpio.o(i.MX_GPIO_Init)
    MX_I2C1_Init                             0x080045f9   Thumb Code    50  i2c.o(i.MX_I2C1_Init)
    MX_IWDG_Init                             0x08004639   Thumb Code    36  iwdg.o(i.MX_IWDG_Init)
    MX_TIM2_Init                             0x08004665   Thumb Code   262  tim.o(i.MX_TIM2_Init)
    MX_TIM3_Init                             0x08004779   Thumb Code   254  tim.o(i.MX_TIM3_Init)
    MX_USART1_UART_Init                      0x08004889   Thumb Code    48  usart.o(i.MX_USART1_UART_Init)
    MemManage_Handler                        0x080048c1   Thumb Code     2  stm32f1xx_it.o(i.MemManage_Handler)
    NMI_Handler                              0x080048c3   Thumb Code     2  stm32f1xx_it.o(i.NMI_Handler)
    PIDCalc                                  0x080048c5   Thumb Code   138  pid.o(i.PIDCalc)
    Process_Data                             0x08004959   Thumb Code   134  process.o(i.Process_Data)
    Read_EEPROM                              0x080049f1   Thumb Code   156  i2c.o(i.Read_EEPROM)
    StartDefaultTask                         0x08004a91   Thumb Code   220  freertos.o(i.StartDefaultTask)
    SysTick_Handler                          0x08004ba1   Thumb Code    38  port.o(i.SysTick_Handler)
    SystemInit                               0x08004bcd   Thumb Code     2  system_stm32f1xx.o(i.SystemInit)
    TIM1_UP_IRQHandler                       0x08004bd1   Thumb Code     6  stm32f1xx_it.o(i.TIM1_UP_IRQHandler)
    TIM_Base_SetConfig                       0x08004bdd   Thumb Code   108  stm32f1xx_hal_tim.o(i.TIM_Base_SetConfig)
    Task_CAN_Tx                              0x08004c55   Thumb Code    72  freertos.o(i.Task_CAN_Tx)
    Task_Collec_ProcessData                  0x08004c9d   Thumb Code    28  freertos.o(i.Task_Collec_ProcessData)
    Task_MyHeart                             0x08004cbd   Thumb Code    40  freertos.o(i.Task_MyHeart)
    USB_LP_CAN1_RX0_IRQHandler               0x08004dc9   Thumb Code     6  stm32f1xx_it.o(i.USB_LP_CAN1_RX0_IRQHandler)
    UsageFault_Handler                       0x08004dd5   Thumb Code     2  stm32f1xx_it.o(i.UsageFault_Handler)
    __0printf$1                              0x08004dd9   Thumb Code    22  printf1.o(i.__0printf$1)
    __1printf$1                              0x08004dd9   Thumb Code     0  printf1.o(i.__0printf$1)
    __2printf                                0x08004dd9   Thumb Code     0  printf1.o(i.__0printf$1)
    __scatterload_copy                       0x08004df9   Thumb Code    14  handlers.o(i.__scatterload_copy)
    __scatterload_null                       0x08004e07   Thumb Code     2  handlers.o(i.__scatterload_null)
    __scatterload_zeroinit                   0x08004e09   Thumb Code    14  handlers.o(i.__scatterload_zeroinit)
    fputc                                    0x08004f6d   Thumb Code    22  usart.o(i.fputc)
    main                                     0x08004f89   Thumb Code   230  main.o(i.main)
    osDelay                                  0x080050ad   Thumb Code    16  cmsis_os.o(i.osDelay)
    osKernelStart                            0x080050bd   Thumb Code    10  cmsis_os.o(i.osKernelStart)
    osThreadCreate                           0x080050c7   Thumb Code    92  cmsis_os.o(i.osThreadCreate)
    pvPortMalloc                             0x080054a1   Thumb Code   218  heap_4.o(i.pvPortMalloc)
    pxPortInitialiseStack                    0x08005585   Thumb Code    30  port.o(i.pxPortInitialiseStack)
    uxListRemove                             0x080055a9   Thumb Code    38  list.o(i.uxListRemove)
    vApplicationGetIdleTaskMemory            0x080055d1   Thumb Code    16  freertos.o(i.vApplicationGetIdleTaskMemory)
    vListInitialise                          0x080055e5   Thumb Code    22  list.o(i.vListInitialise)
    vListInitialiseItem                      0x080055fb   Thumb Code     6  list.o(i.vListInitialiseItem)
    vListInsert                              0x08005601   Thumb Code    54  list.o(i.vListInsert)
    vListInsertEnd                           0x08005637   Thumb Code    24  list.o(i.vListInsertEnd)
    vPortEnterCritical                       0x08005651   Thumb Code    54  port.o(i.vPortEnterCritical)
    vPortExitCritical                        0x08005691   Thumb Code    38  port.o(i.vPortExitCritical)
    vPortFree                                0x080056bd   Thumb Code    88  heap_4.o(i.vPortFree)
    vPortSetupTimerInterrupt                 0x08005719   Thumb Code    32  port.o(i.vPortSetupTimerInterrupt)
    vTaskDelay                               0x0800573d   Thumb Code    70  tasks.o(i.vTaskDelay)
    vTaskStartScheduler                      0x0800578d   Thumb Code   120  tasks.o(i.vTaskStartScheduler)
    vTaskSuspendAll                          0x08005815   Thumb Code    10  tasks.o(i.vTaskSuspendAll)
    vTaskSwitchContext                       0x08005825   Thumb Code    86  tasks.o(i.vTaskSwitchContext)
    xPortStartScheduler                      0x08005885   Thumb Code   168  port.o(i.xPortStartScheduler)
    xTaskCreate                              0x08005939   Thumb Code   108  tasks.o(i.xTaskCreate)
    xTaskCreateStatic                        0x080059a5   Thumb Code    96  tasks.o(i.xTaskCreateStatic)
    xTaskIncrementTick                       0x08005a05   Thumb Code   200  tasks.o(i.xTaskIncrementTick)
    xTaskResumeAll                           0x08005ad5   Thumb Code   190  tasks.o(i.xTaskResumeAll)
    AHBPrescTable                            0x08005c10   Data          16  system_stm32f1xx.o(.constdata)
    APBPrescTable                            0x08005c20   Data           8  system_stm32f1xx.o(.constdata)
    Region$$Table$$Base                      0x08005c5c   Number         0  anon$$obj.o(Region$$Table)
    Region$$Table$$Limit                     0x08005c7c   Number         0  anon$$obj.o(Region$$Table)
    Default_Height_Value                     0x20000000   Data           2  main.o(.data)
    Default_Sensitivity                      0x20000002   Data           2  main.o(.data)
    Default_Rapidity                         0x20000004   Data           2  main.o(.data)
    Default_PWM_Value_Up                     0x20000006   Data           2  main.o(.data)
    Default_PWM_Value_Down                   0x20000008   Data           2  main.o(.data)
    Default_Height_Min                       0x2000000a   Data           2  main.o(.data)
    Default_Height_Max                       0x2000000c   Data           2  main.o(.data)
    defaultTaskHandle                        0x20000010   Data           4  freertos.o(.data)
    MyHeartTaskHandle                        0x20000014   Data           4  freertos.o(.data)
    CAN_TxTaskHandle                         0x20000018   Data           4  freertos.o(.data)
    Collect_ProcessHandle                    0x2000001c   Data           4  freertos.o(.data)
    TxMailbox                                0x20000020   Data           4  can.o(.data)
    TxData                                   0x20000024   Data           8  can.o(.data)
    Rx_Data                                  0x2000002c   Data           8  can.o(.data)
    uwTickFreq                               0x20000034   Data           1  stm32f1xx_hal.o(.data)
    uwTickPrio                               0x20000038   Data           4  stm32f1xx_hal.o(.data)
    uwTick                                   0x2000003c   Data           4  stm32f1xx_hal.o(.data)
    SystemCoreClock                          0x20000040   Data           4  system_stm32f1xx.o(.data)
    pxCurrentTCB                             0x20000044   Data           4  tasks.o(.data)
    __stdout                                 0x200000a4   Data           4  stdout.o(.data)
    data_collect                             0x200000a8   Data         412  freertos.o(.bss)
    data_storage                             0x20000244   Data         128  freertos.o(.bss)
    bit_flag                                 0x200002c4   Data          15  freertos.o(.bss)
    data_result                              0x20000428   Data          40  freertos.o(.bss)
    out_par                                  0x20000450   Data          14  freertos.o(.bss)
    hadc1                                    0x20000460   Data          48  adc.o(.bss)
    hdma_adc1                                0x20000490   Data          68  adc.o(.bss)
    TxHeader                                 0x200004d4   Data          24  can.o(.bss)
    RxHeader                                 0x200004ec   Data          28  can.o(.bss)
    hcan                                     0x20000508   Data          40  can.o(.bss)
    hi2c1                                    0x20000530   Data          84  i2c.o(.bss)
    hiwdg                                    0x20000584   Data          12  iwdg.o(.bss)
    htim2                                    0x20000590   Data          72  tim.o(.bss)
    htim3                                    0x200005d8   Data          72  tim.o(.bss)
    huart1                                   0x20000620   Data          68  usart.o(.bss)
    htim1                                    0x20000664   Data          72  stm32f1xx_hal_timebase_tim.o(.bss)
    __initial_sp                             0x200017a0   Data           0  startup_stm32f103xb.o(STACK)



==============================================================================

Memory Map of the image

  Image Entry point : 0x080000ed

  Load Region LR_IROM1 (Base: 0x08000000, Size: 0x00005d24, Max: 0x00010000, ABSOLUTE)

    Execution Region ER_IROM1 (Exec base: 0x08000000, Load base: 0x08000000, Size: 0x00005c7c, Max: 0x00010000, ABSOLUTE)

    Exec Addr    Load Addr    Size         Type   Attr      Idx    E Section Name        Object

    0x08000000   0x08000000   0x000000ec   Data   RO            3    RESET               startup_stm32f103xb.o
    0x080000ec   0x080000ec   0x00000000   Code   RO         5506  * .ARM.Collect$$$$00000000  mc_w.l(entry.o)
    0x080000ec   0x080000ec   0x00000004   Code   RO         5802    .ARM.Collect$$$$00000001  mc_w.l(entry2.o)
    0x080000f0   0x080000f0   0x00000004   Code   RO         5805    .ARM.Collect$$$$00000004  mc_w.l(entry5.o)
    0x080000f4   0x080000f4   0x00000000   Code   RO         5807    .ARM.Collect$$$$00000008  mc_w.l(entry7b.o)
    0x080000f4   0x080000f4   0x00000000   Code   RO         5809    .ARM.Collect$$$$0000000A  mc_w.l(entry8b.o)
    0x080000f4   0x080000f4   0x00000008   Code   RO         5810    .ARM.Collect$$$$0000000B  mc_w.l(entry9a.o)
    0x080000fc   0x080000fc   0x00000000   Code   RO         5812    .ARM.Collect$$$$0000000D  mc_w.l(entry10a.o)
    0x080000fc   0x080000fc   0x00000000   Code   RO         5814    .ARM.Collect$$$$0000000F  mc_w.l(entry11a.o)
    0x080000fc   0x080000fc   0x00000004   Code   RO         5803    .ARM.Collect$$$$00002712  mc_w.l(entry2.o)
    0x08000100   0x08000100   0x00000096   Code   RO         5429    .emb_text           port.o
    0x08000196   0x08000196   0x00000002   PAD
    0x08000198   0x08000198   0x00000024   Code   RO            4    .text               startup_stm32f103xb.o
    0x080001bc   0x080001bc   0x00000020   Code   RO         5509    .text               mc_w.l(llushr.o)
    0x080001dc   0x080001dc   0x000000b0   Code   RO         5780    .text               mf_w.l(fadd.o)
    0x0800028c   0x0800028c   0x00000064   Code   RO         5782    .text               mf_w.l(fmul.o)
    0x080002f0   0x080002f0   0x0000014e   Code   RO         5784    .text               mf_w.l(dadd.o)
    0x0800043e   0x0800043e   0x00000012   Code   RO         5788    .text               mf_w.l(fflti.o)
    0x08000450   0x08000450   0x0000000a   Code   RO         5790    .text               mf_w.l(ffltui.o)
    0x0800045a   0x0800045a   0x00000028   Code   RO         5794    .text               mf_w.l(ffixui.o)
    0x08000482   0x08000482   0x0000003e   Code   RO         5796    .text               mf_w.l(dfixi.o)
    0x080004c0   0x080004c0   0x00000026   Code   RO         5798    .text               mf_w.l(f2d.o)
    0x080004e6   0x080004e6   0x0000002c   Code   RO         5817    .text               mc_w.l(uidiv.o)
    0x08000512   0x08000512   0x0000001e   Code   RO         5821    .text               mc_w.l(llshl.o)
    0x08000530   0x08000530   0x00000024   Code   RO         5823    .text               mc_w.l(llsshr.o)
    0x08000554   0x08000554   0x00000000   Code   RO         5825    .text               mc_w.l(iusefp.o)
    0x08000554   0x08000554   0x0000006e   Code   RO         5826    .text               mf_w.l(fepilogue.o)
    0x080005c2   0x080005c2   0x000000ba   Code   RO         5828    .text               mf_w.l(depilogue.o)
    0x0800067c   0x0800067c   0x00000024   Code   RO         5836    .text               mc_w.l(init.o)
    0x080006a0   0x080006a0   0x0000005e   Code   RO         1082    i.ADC_ConversionStop_Disable  stm32f1xx_hal_adc.o
    0x080006fe   0x080006fe   0x00000054   Code   RO         1083    i.ADC_DMAConvCplt   stm32f1xx_hal_adc.o
    0x08000752   0x08000752   0x0000001a   Code   RO         1084    i.ADC_DMAError      stm32f1xx_hal_adc.o
    0x0800076c   0x0800076c   0x0000000a   Code   RO         1085    i.ADC_DMAHalfConvCplt  stm32f1xx_hal_adc.o
    0x08000776   0x08000776   0x00000002   PAD
    0x08000778   0x08000778   0x000000c0   Code   RO         1086    i.ADC_Enable        stm32f1xx_hal_adc.o
    0x08000838   0x08000838   0x0000005c   Code   RO          478    i.ADC_Filter        adc.o
    0x08000894   0x08000894   0x00000058   Code   RO          683    i.AT24C02_ReadLenByte  i2c.o
    0x080008ec   0x080008ec   0x00000064   Code   RO          685    i.AT24C02_WriteLenByte  i2c.o
    0x08000950   0x08000950   0x00000002   Code   RO          907    i.BusFault_Handler  stm32f1xx_it.o
    0x08000952   0x08000952   0x00000002   PAD
    0x08000954   0x08000954   0x00000090   Code   RO          545    i.CAN_Transmit_C1D7  can.o
    0x080009e4   0x080009e4   0x00000074   Code   RO          546    i.CAN_Transmit_C2D7orD8  can.o
    0x08000a58   0x08000a58   0x00000088   Code   RO          547    i.CAN_Transmit_C4D7orD8  can.o
    0x08000ae0   0x08000ae0   0x00000064   Code   RO          548    i.CAN_Transmit_C5D7orD8  can.o
    0x08000b44   0x08000b44   0x00000080   Code   RO          549    i.CAN_Transmit_C6D7orD8  can.o
    0x08000bc4   0x08000bc4   0x00000064   Code   RO          550    i.CAN_Transmit_C7D7orD8  can.o
    0x08000c28   0x08000c28   0x00000070   Code   RO          551    i.CAN_Transmit_C8D7orD8  can.o
    0x08000c98   0x08000c98   0x00000058   Code   RO          552    i.CAN_Transmit_Calibration  can.o
    0x08000cf0   0x08000cf0   0x00000080   Code   RO          553    i.CAN_User_Init     can.o
    0x08000d70   0x08000d70   0x000001ac   Code   RO           13    i.Collect_Data      process.o
    0x08000f1c   0x08000f1c   0x00000090   Code   RO           14    i.Control_Out       process.o
    0x08000fac   0x08000fac   0x0000000c   Code   RO          908    i.DMA1_Channel1_IRQHandler  stm32f1xx_it.o
    0x08000fb8   0x08000fb8   0x00000002   Code   RO          909    i.DebugMon_Handler  stm32f1xx_it.o
    0x08000fba   0x08000fba   0x00000002   PAD
    0x08000fbc   0x08000fbc   0x00000078   Code   RO           15    i.Default_Data_Init  process.o
    0x08001034   0x08001034   0x000001dc   Code   RO          688    i.EEPROM_DATA_Init  i2c.o
    0x08001210   0x08001210   0x00000004   Code   RO          268    i.Error_Handler     main.o
    0x08001214   0x08001214   0x0000012c   Code   RO         1262    i.HAL_ADCEx_Calibration_Start  stm32f1xx_hal_adc_ex.o
    0x08001340   0x08001340   0x0000015c   Code   RO         1088    i.HAL_ADC_ConfigChannel  stm32f1xx_hal_adc.o
    0x0800149c   0x0800149c   0x00000002   Code   RO         1089    i.HAL_ADC_ConvCpltCallback  stm32f1xx_hal_adc.o
    0x0800149e   0x0800149e   0x00000002   Code   RO         1090    i.HAL_ADC_ConvHalfCpltCallback  stm32f1xx_hal_adc.o
    0x080014a0   0x080014a0   0x00000002   Code   RO         1092    i.HAL_ADC_ErrorCallback  stm32f1xx_hal_adc.o
    0x080014a2   0x080014a2   0x00000002   PAD
    0x080014a4   0x080014a4   0x00000130   Code   RO         1097    i.HAL_ADC_Init      stm32f1xx_hal_adc.o
    0x080015d4   0x080015d4   0x000000b8   Code   RO          483    i.HAL_ADC_MspInit   adc.o
    0x0800168c   0x0800168c   0x00000120   Code   RO         1104    i.HAL_ADC_Start_DMA  stm32f1xx_hal_adc.o
    0x080017ac   0x080017ac   0x0000002a   Code   RO         2287    i.HAL_CAN_ActivateNotification  stm32f1xx_hal_can.o
    0x080017d6   0x080017d6   0x000000e6   Code   RO         2288    i.HAL_CAN_AddTxMessage  stm32f1xx_hal_can.o
    0x080018bc   0x080018bc   0x000000fe   Code   RO         2289    i.HAL_CAN_ConfigFilter  stm32f1xx_hal_can.o
    0x080019ba   0x080019ba   0x00000002   Code   RO         2292    i.HAL_CAN_ErrorCallback  stm32f1xx_hal_can.o
    0x080019bc   0x080019bc   0x0000014a   Code   RO         2295    i.HAL_CAN_GetRxMessage  stm32f1xx_hal_can.o
    0x08001b06   0x08001b06   0x00000236   Code   RO         2299    i.HAL_CAN_IRQHandler  stm32f1xx_hal_can.o
    0x08001d3c   0x08001d3c   0x0000012a   Code   RO         2300    i.HAL_CAN_Init      stm32f1xx_hal_can.o
    0x08001e66   0x08001e66   0x00000002   PAD
    0x08001e68   0x08001e68   0x00000080   Code   RO          555    i.HAL_CAN_MspInit   can.o
    0x08001ee8   0x08001ee8   0x00000002   Code   RO         2307    i.HAL_CAN_RxFifo0FullCallback  stm32f1xx_hal_can.o
    0x08001eea   0x08001eea   0x00000002   PAD
    0x08001eec   0x08001eec   0x0000008c   Code   RO          556    i.HAL_CAN_RxFifo0MsgPendingCallback  can.o
    0x08001f78   0x08001f78   0x00000002   Code   RO         2309    i.HAL_CAN_RxFifo1FullCallback  stm32f1xx_hal_can.o
    0x08001f7a   0x08001f7a   0x00000002   Code   RO         2310    i.HAL_CAN_RxFifo1MsgPendingCallback  stm32f1xx_hal_can.o
    0x08001f7c   0x08001f7c   0x00000002   Code   RO         2311    i.HAL_CAN_SleepCallback  stm32f1xx_hal_can.o
    0x08001f7e   0x08001f7e   0x00000002   PAD
    0x08001f80   0x08001f80   0x00000064   Code   RO         2312    i.HAL_CAN_Start     stm32f1xx_hal_can.o
    0x08001fe4   0x08001fe4   0x00000002   Code   RO         2314    i.HAL_CAN_TxMailbox0AbortCallback  stm32f1xx_hal_can.o
    0x08001fe6   0x08001fe6   0x00000002   Code   RO         2315    i.HAL_CAN_TxMailbox0CompleteCallback  stm32f1xx_hal_can.o
    0x08001fe8   0x08001fe8   0x00000002   Code   RO         2316    i.HAL_CAN_TxMailbox1AbortCallback  stm32f1xx_hal_can.o
    0x08001fea   0x08001fea   0x00000002   Code   RO         2317    i.HAL_CAN_TxMailbox1CompleteCallback  stm32f1xx_hal_can.o
    0x08001fec   0x08001fec   0x00000002   Code   RO         2318    i.HAL_CAN_TxMailbox2AbortCallback  stm32f1xx_hal_can.o
    0x08001fee   0x08001fee   0x00000002   Code   RO         2319    i.HAL_CAN_TxMailbox2CompleteCallback  stm32f1xx_hal_can.o
    0x08001ff0   0x08001ff0   0x00000002   Code   RO         2321    i.HAL_CAN_WakeUpFromRxMsgCallback  stm32f1xx_hal_can.o
    0x08001ff2   0x08001ff2   0x00000002   PAD
    0x08001ff4   0x08001ff4   0x00000164   Code   RO         1740    i.HAL_DMA_IRQHandler  stm32f1xx_hal_dma.o
    0x08002158   0x08002158   0x0000007c   Code   RO         1741    i.HAL_DMA_Init      stm32f1xx_hal_dma.o
    0x080021d4   0x080021d4   0x00000096   Code   RO         1745    i.HAL_DMA_Start_IT  stm32f1xx_hal_dma.o
    0x0800226a   0x0800226a   0x00000002   PAD
    0x0800226c   0x0800226c   0x00000028   Code   RO         1365    i.HAL_Delay         stm32f1xx_hal.o
    0x08002294   0x08002294   0x000001e4   Code   RO         1672    i.HAL_GPIO_Init     stm32f1xx_hal_gpio.o
    0x08002478   0x08002478   0x0000000a   Code   RO         1674    i.HAL_GPIO_ReadPin  stm32f1xx_hal_gpio.o
    0x08002482   0x08002482   0x00000010   Code   RO         1675    i.HAL_GPIO_TogglePin  stm32f1xx_hal_gpio.o
    0x08002492   0x08002492   0x0000000a   Code   RO         1676    i.HAL_GPIO_WritePin  stm32f1xx_hal_gpio.o
    0x0800249c   0x0800249c   0x0000000c   Code   RO         1369    i.HAL_GetTick       stm32f1xx_hal.o
    0x080024a8   0x080024a8   0x000001a8   Code   RO         2531    i.HAL_I2C_Init      stm32f1xx_hal_i2c.o
    0x08002650   0x08002650   0x00000300   Code   RO         2549    i.HAL_I2C_Mem_Read  stm32f1xx_hal_i2c.o
    0x08002950   0x08002950   0x000001ac   Code   RO         2552    i.HAL_I2C_Mem_Write  stm32f1xx_hal_i2c.o
    0x08002afc   0x08002afc   0x00000060   Code   RO          691    i.HAL_I2C_MspInit   i2c.o
    0x08002b5c   0x08002b5c   0x00000066   Code   RO         2882    i.HAL_IWDG_Init     stm32f1xx_hal_iwdg.o
    0x08002bc2   0x08002bc2   0x0000000c   Code   RO         2883    i.HAL_IWDG_Refresh  stm32f1xx_hal_iwdg.o
    0x08002bce   0x08002bce   0x00000002   PAD
    0x08002bd0   0x08002bd0   0x00000010   Code   RO         1375    i.HAL_IncTick       stm32f1xx_hal.o
    0x08002be0   0x08002be0   0x00000024   Code   RO         1376    i.HAL_Init          stm32f1xx_hal.o
    0x08002c04   0x08002c04   0x00000074   Code   RO         1007    i.HAL_InitTick      stm32f1xx_hal_timebase_tim.o
    0x08002c78   0x08002c78   0x00000048   Code   RO          983    i.HAL_MspInit       stm32f1xx_hal_msp.o
    0x08002cc0   0x08002cc0   0x0000001e   Code   RO         1827    i.HAL_NVIC_EnableIRQ  stm32f1xx_hal_cortex.o
    0x08002cde   0x08002cde   0x00000002   PAD
    0x08002ce0   0x08002ce0   0x00000064   Code   RO         1833    i.HAL_NVIC_SetPriority  stm32f1xx_hal_cortex.o
    0x08002d44   0x08002d44   0x00000024   Code   RO         1834    i.HAL_NVIC_SetPriorityGrouping  stm32f1xx_hal_cortex.o
    0x08002d68   0x08002d68   0x00000104   Code   RO         1634    i.HAL_RCCEx_GetPeriphCLKFreq  stm32f1xx_hal_rcc_ex.o
    0x08002e6c   0x08002e6c   0x0000012c   Code   RO         1635    i.HAL_RCCEx_PeriphCLKConfig  stm32f1xx_hal_rcc_ex.o
    0x08002f98   0x08002f98   0x000001c4   Code   RO         1533    i.HAL_RCC_ClockConfig  stm32f1xx_hal_rcc.o
    0x0800315c   0x0800315c   0x00000040   Code   RO         1537    i.HAL_RCC_GetClockConfig  stm32f1xx_hal_rcc.o
    0x0800319c   0x0800319c   0x00000020   Code   RO         1540    i.HAL_RCC_GetPCLK1Freq  stm32f1xx_hal_rcc.o
    0x080031bc   0x080031bc   0x00000020   Code   RO         1541    i.HAL_RCC_GetPCLK2Freq  stm32f1xx_hal_rcc.o
    0x080031dc   0x080031dc   0x00000078   Code   RO         1542    i.HAL_RCC_GetSysClockFreq  stm32f1xx_hal_rcc.o
    0x08003254   0x08003254   0x000003c8   Code   RO         1545    i.HAL_RCC_OscConfig  stm32f1xx_hal_rcc.o
    0x0800361c   0x0800361c   0x00000002   Code   RO         3580    i.HAL_TIMEx_BreakCallback  stm32f1xx_hal_tim_ex.o
    0x0800361e   0x0800361e   0x00000002   Code   RO         3581    i.HAL_TIMEx_CommutCallback  stm32f1xx_hal_tim_ex.o
    0x08003620   0x08003620   0x0000006e   Code   RO         3599    i.HAL_TIMEx_MasterConfigSynchronization  stm32f1xx_hal_tim_ex.o
    0x0800368e   0x0800368e   0x0000005a   Code   RO         2914    i.HAL_TIM_Base_Init  stm32f1xx_hal_tim.o
    0x080036e8   0x080036e8   0x00000044   Code   RO          805    i.HAL_TIM_Base_MspInit  tim.o
    0x0800372c   0x0800372c   0x00000058   Code   RO         2919    i.HAL_TIM_Base_Start_IT  stm32f1xx_hal_tim.o
    0x08003784   0x08003784   0x00000184   Code   RO         2923    i.HAL_TIM_ConfigClockSource  stm32f1xx_hal_tim.o
    0x08003908   0x08003908   0x00000002   Code   RO         2948    i.HAL_TIM_IC_CaptureCallback  stm32f1xx_hal_tim.o
    0x0800390a   0x0800390a   0x0000016c   Code   RO         2962    i.HAL_TIM_IRQHandler  stm32f1xx_hal_tim.o
    0x08003a76   0x08003a76   0x00000002   Code   RO         2965    i.HAL_TIM_OC_DelayElapsedCallback  stm32f1xx_hal_tim.o
    0x08003a78   0x08003a78   0x00000208   Code   RO         2986    i.HAL_TIM_PWM_ConfigChannel  stm32f1xx_hal_tim.o
    0x08003c80   0x08003c80   0x0000005a   Code   RO         2989    i.HAL_TIM_PWM_Init  stm32f1xx_hal_tim.o
    0x08003cda   0x08003cda   0x00000002   Code   RO         2991    i.HAL_TIM_PWM_MspInit  stm32f1xx_hal_tim.o
    0x08003cdc   0x08003cdc   0x00000002   Code   RO         2992    i.HAL_TIM_PWM_PulseFinishedCallback  stm32f1xx_hal_tim.o
    0x08003cde   0x08003cde   0x00000002   PAD
    0x08003ce0   0x08003ce0   0x000000b0   Code   RO         2994    i.HAL_TIM_PWM_Start  stm32f1xx_hal_tim.o
    0x08003d90   0x08003d90   0x00000012   Code   RO          269    i.HAL_TIM_PeriodElapsedCallback  main.o
    0x08003da2   0x08003da2   0x00000002   Code   RO         3005    i.HAL_TIM_TriggerCallback  stm32f1xx_hal_tim.o
    0x08003da4   0x08003da4   0x00000062   Code   RO         3871    i.HAL_UART_Init     stm32f1xx_hal_uart.o
    0x08003e06   0x08003e06   0x00000002   PAD
    0x08003e08   0x08003e08   0x00000074   Code   RO          860    i.HAL_UART_MspInit  usart.o
    0x08003e7c   0x08003e7c   0x00000122   Code   RO         3879    i.HAL_UART_Transmit  stm32f1xx_hal_uart.o
    0x08003f9e   0x08003f9e   0x00000002   Code   RO          910    i.HardFault_Handler  stm32f1xx_it.o
    0x08003fa0   0x08003fa0   0x0000009c   Code   RO           17    i.Hegiht_Calibration  process.o
    0x0800403c   0x0800403c   0x0000011c   Code   RO         2574    i.I2C_RequestMemoryRead  stm32f1xx_hal_i2c.o
    0x08004158   0x08004158   0x000000b4   Code   RO         2575    i.I2C_RequestMemoryWrite  stm32f1xx_hal_i2c.o
    0x0800420c   0x0800420c   0x000000a6   Code   RO         2576    i.I2C_WaitOnFlagUntilTimeout  stm32f1xx_hal_i2c.o
    0x080042b2   0x080042b2   0x000000c8   Code   RO         2577    i.I2C_WaitOnMasterAddressFlagUntilTimeout  stm32f1xx_hal_i2c.o
    0x0800437a   0x0800437a   0x00000088   Code   RO         2578    i.I2C_WaitOnTXEFlagUntilTimeout  stm32f1xx_hal_i2c.o
    0x08004402   0x08004402   0x00000002   PAD
    0x08004404   0x08004404   0x00000070   Code   RO          484    i.MX_ADC1_Init      adc.o
    0x08004474   0x08004474   0x00000044   Code   RO          557    i.MX_CAN_Init       can.o
    0x080044b8   0x080044b8   0x0000001c   Code   RO          658    i.MX_DMA_Init       dma.o
    0x080044d4   0x080044d4   0x000000a0   Code   RO          402    i.MX_FREERTOS_Init  freertos.o
    0x08004574   0x08004574   0x00000084   Code   RO          378    i.MX_GPIO_Init      gpio.o
    0x080045f8   0x080045f8   0x00000040   Code   RO          692    i.MX_I2C1_Init      i2c.o
    0x08004638   0x08004638   0x0000002c   Code   RO          774    i.MX_IWDG_Init      iwdg.o
    0x08004664   0x08004664   0x00000114   Code   RO          807    i.MX_TIM2_Init      tim.o
    0x08004778   0x08004778   0x00000110   Code   RO          808    i.MX_TIM3_Init      tim.o
    0x08004888   0x08004888   0x00000038   Code   RO          861    i.MX_USART1_UART_Init  usart.o
    0x080048c0   0x080048c0   0x00000002   Code   RO          911    i.MemManage_Handler  stm32f1xx_it.o
    0x080048c2   0x080048c2   0x00000002   Code   RO          912    i.NMI_Handler       stm32f1xx_it.o
    0x080048c4   0x080048c4   0x00000094   Code   RO          244    i.PIDCalc           pid.o
    0x08004958   0x08004958   0x00000098   Code   RO           24    i.Process_Data      process.o
    0x080049f0   0x080049f0   0x000000a0   Code   RO          693    i.Read_EEPROM       i2c.o
    0x08004a90   0x08004a90   0x00000110   Code   RO          403    i.StartDefaultTask  freertos.o
    0x08004ba0   0x08004ba0   0x0000002c   Code   RO         5430    i.SysTick_Handler   port.o
    0x08004bcc   0x08004bcc   0x00000002   Code   RO         4184    i.SystemInit        system_stm32f1xx.o
    0x08004bce   0x08004bce   0x00000002   PAD
    0x08004bd0   0x08004bd0   0x0000000c   Code   RO          913    i.TIM1_UP_IRQHandler  stm32f1xx_it.o
    0x08004bdc   0x08004bdc   0x00000078   Code   RO         3007    i.TIM_Base_SetConfig  stm32f1xx_hal_tim.o
    0x08004c54   0x08004c54   0x00000048   Code   RO          404    i.Task_CAN_Tx       freertos.o
    0x08004c9c   0x08004c9c   0x00000020   Code   RO          405    i.Task_Collec_ProcessData  freertos.o
    0x08004cbc   0x08004cbc   0x00000040   Code   RO          406    i.Task_MyHeart      freertos.o
    0x08004cfc   0x08004cfc   0x000000cc   Code   RO         3895    i.UART_SetConfig    stm32f1xx_hal_uart.o
    0x08004dc8   0x08004dc8   0x0000000c   Code   RO          914    i.USB_LP_CAN1_RX0_IRQHandler  stm32f1xx_it.o
    0x08004dd4   0x08004dd4   0x00000002   Code   RO          915    i.UsageFault_Handler  stm32f1xx_it.o
    0x08004dd6   0x08004dd6   0x00000002   PAD
    0x08004dd8   0x08004dd8   0x00000020   Code   RO         5564    i.__0printf$1       mc_w.l(printf1.o)
    0x08004df8   0x08004df8   0x0000000e   Code   RO         5840    i.__scatterload_copy  mc_w.l(handlers.o)
    0x08004e06   0x08004e06   0x00000002   Code   RO         5841    i.__scatterload_null  mc_w.l(handlers.o)
    0x08004e08   0x08004e08   0x0000000e   Code   RO         5842    i.__scatterload_zeroinit  mc_w.l(handlers.o)
    0x08004e16   0x08004e16   0x00000002   PAD
    0x08004e18   0x08004e18   0x00000154   Code   RO         5571    i._printf_core      mc_w.l(printf1.o)
    0x08004f6c   0x08004f6c   0x0000001c   Code   RO          862    i.fputc             usart.o
    0x08004f88   0x08004f88   0x00000118   Code   RO          271    i.main              main.o
    0x080050a0   0x080050a0   0x0000000c   Code   RO         5001    i.makeFreeRtosPriority  cmsis_os.o
    0x080050ac   0x080050ac   0x00000010   Code   RO         5003    i.osDelay           cmsis_os.o
    0x080050bc   0x080050bc   0x0000000a   Code   RO         5006    i.osKernelStart     cmsis_os.o
    0x080050c6   0x080050c6   0x0000005c   Code   RO         5040    i.osThreadCreate    cmsis_os.o
    0x08005122   0x08005122   0x00000002   PAD
    0x08005124   0x08005124   0x00000078   Code   RO         4687    i.prvAddCurrentTaskToDelayedList  tasks.o
    0x0800519c   0x0800519c   0x00000088   Code   RO         4688    i.prvAddNewTaskToReadyList  tasks.o
    0x08005224   0x08005224   0x00000040   Code   RO         4689    i.prvCheckTasksWaitingTermination  tasks.o
    0x08005264   0x08005264   0x00000040   Code   RO         4690    i.prvDeleteTCB      tasks.o
    0x080052a4   0x080052a4   0x00000050   Code   RO         5368    i.prvHeapInit       heap_4.o
    0x080052f4   0x080052f4   0x00000028   Code   RO         4691    i.prvIdleTask       tasks.o
    0x0800531c   0x0800531c   0x00000074   Code   RO         4692    i.prvInitialiseNewTask  tasks.o
    0x08005390   0x08005390   0x00000060   Code   RO         4693    i.prvInitialiseTaskLists  tasks.o
    0x080053f0   0x080053f0   0x0000005c   Code   RO         5369    i.prvInsertBlockIntoFreeList  heap_4.o
    0x0800544c   0x0800544c   0x00000024   Code   RO         4694    i.prvResetNextTaskUnblockTime  tasks.o
    0x08005470   0x08005470   0x00000030   Code   RO         5431    i.prvTaskExitError  port.o
    0x080054a0   0x080054a0   0x000000e4   Code   RO         5370    i.pvPortMalloc      heap_4.o
    0x08005584   0x08005584   0x00000024   Code   RO         5432    i.pxPortInitialiseStack  port.o
    0x080055a8   0x080055a8   0x00000026   Code   RO         4322    i.uxListRemove      list.o
    0x080055ce   0x080055ce   0x00000002   PAD
    0x080055d0   0x080055d0   0x00000014   Code   RO          407    i.vApplicationGetIdleTaskMemory  freertos.o
    0x080055e4   0x080055e4   0x00000016   Code   RO         4323    i.vListInitialise   list.o
    0x080055fa   0x080055fa   0x00000006   Code   RO         4324    i.vListInitialiseItem  list.o
    0x08005600   0x08005600   0x00000036   Code   RO         4325    i.vListInsert       list.o
    0x08005636   0x08005636   0x00000018   Code   RO         4326    i.vListInsertEnd    list.o
    0x0800564e   0x0800564e   0x00000002   PAD
    0x08005650   0x08005650   0x00000040   Code   RO         5434    i.vPortEnterCritical  port.o
    0x08005690   0x08005690   0x0000002c   Code   RO         5435    i.vPortExitCritical  port.o
    0x080056bc   0x080056bc   0x0000005c   Code   RO         5371    i.vPortFree         heap_4.o
    0x08005718   0x08005718   0x00000024   Code   RO         5436    i.vPortSetupTimerInterrupt  port.o
    0x0800573c   0x0800573c   0x00000050   Code   RO         4702    i.vTaskDelay        tasks.o
    0x0800578c   0x0800578c   0x00000088   Code   RO         4715    i.vTaskStartScheduler  tasks.o
    0x08005814   0x08005814   0x00000010   Code   RO         4717    i.vTaskSuspendAll   tasks.o
    0x08005824   0x08005824   0x00000060   Code   RO         4718    i.vTaskSwitchContext  tasks.o
    0x08005884   0x08005884   0x000000b4   Code   RO         5438    i.xPortStartScheduler  port.o
    0x08005938   0x08005938   0x0000006c   Code   RO         4720    i.xTaskCreate       tasks.o
    0x080059a4   0x080059a4   0x00000060   Code   RO         4721    i.xTaskCreateStatic  tasks.o
    0x08005a04   0x08005a04   0x000000d0   Code   RO         4728    i.xTaskIncrementTick  tasks.o
    0x08005ad4   0x08005ad4   0x000000cc   Code   RO         4734    i.xTaskResumeAll    tasks.o
    0x08005ba0   0x08005ba0   0x00000070   Data   RO          413    .constdata          freertos.o
    0x08005c10   0x08005c10   0x00000010   Data   RO         4185    .constdata          system_stm32f1xx.o
    0x08005c20   0x08005c20   0x00000008   Data   RO         4186    .constdata          system_stm32f1xx.o
    0x08005c28   0x08005c28   0x00000034   Data   RO          414    .conststring        freertos.o
    0x08005c5c   0x08005c5c   0x00000020   Data   RO         5838    Region$$Table       anon$$obj.o


    Execution Region RW_IRAM1 (Exec base: 0x20000000, Load base: 0x08005c7c, Size: 0x000017a0, Max: 0x00005000, ABSOLUTE)

    Exec Addr    Load Addr    Size         Type   Attr      Idx    E Section Name        Object

    0x20000000   0x08005c7c   0x00000002   Data   RW          272    .data               main.o
    0x20000002   0x08005c7e   0x00000002   Data   RW          273    .data               main.o
    0x20000004   0x08005c80   0x00000002   Data   RW          274    .data               main.o
    0x20000006   0x08005c82   0x00000002   Data   RW          275    .data               main.o
    0x20000008   0x08005c84   0x00000002   Data   RW          276    .data               main.o
    0x2000000a   0x08005c86   0x00000002   Data   RW          277    .data               main.o
    0x2000000c   0x08005c88   0x00000002   Data   RW          278    .data               main.o
    0x2000000e   0x08005c8a   0x00000002   PAD
    0x20000010   0x08005c8c   0x00000010   Data   RW          415    .data               freertos.o
    0x20000020   0x08005c9c   0x00000014   Data   RW          559    .data               can.o
    0x20000034   0x08005cb0   0x0000000c   Data   RW         1383    .data               stm32f1xx_hal.o
    0x20000040   0x08005cbc   0x00000004   Data   RW         4187    .data               system_stm32f1xx.o
    0x20000044   0x08005cc0   0x0000003c   Data   RW         4737    .data               tasks.o
    0x20000080   0x08005cfc   0x00000018   Data   RW         5376    .data               heap_4.o
    0x20000098   0x08005d14   0x0000000c   Data   RW         5439    .data               port.o
    0x200000a4   0x08005d20   0x00000004   Data   RW         5816    .data               mc_w.l(stdout.o)
    0x200000a8        -       0x0000019c   Zero   RW          408    .bss                freertos.o
    0x20000244        -       0x000001e4   Zero   RW          409    .bss                freertos.o
    0x20000428        -       0x00000028   Zero   RW          410    .bss                freertos.o
    0x20000450        -       0x0000000e   Zero   RW          411    .bss                freertos.o
    0x2000045e   0x08005d24   0x00000002   PAD
    0x20000460        -       0x00000074   Zero   RW          485    .bss                adc.o
    0x200004d4        -       0x0000005c   Zero   RW          558    .bss                can.o
    0x20000530        -       0x00000054   Zero   RW          696    .bss                i2c.o
    0x20000584        -       0x0000000c   Zero   RW          775    .bss                iwdg.o
    0x20000590        -       0x00000090   Zero   RW          809    .bss                tim.o
    0x20000620        -       0x00000044   Zero   RW          863    .bss                usart.o
    0x20000664        -       0x00000048   Zero   RW         1010    .bss                stm32f1xx_hal_timebase_tim.o
    0x200006ac        -       0x000000f0   Zero   RW         4736    .bss                tasks.o
    0x2000079c        -       0x00000c00   Zero   RW         5375    .bss                heap_4.o
    0x2000139c   0x08005d24   0x00000004   PAD
    0x200013a0        -       0x00000400   Zero   RW            1    STACK               startup_stm32f103xb.o


==============================================================================

Image component sizes


      Code (inc. data)   RO Data    RW Data    ZI Data      Debug   Object Name

       388         28          0          0        116       2794   adc.o
      1388        280          0         20         92       7213   can.o
       130          0          0          0          0      22019   cmsis_os.o
        28          4          0          0          0        730   dma.o
         0          0          0          0          0      18140   event_groups.o
       620         94        164         16        950       8563   freertos.o
       132          8          0          0          0        895   gpio.o
       492         32          0         24       3072       7307   heap_4.o
       984        150          0          0         84       5397   i2c.o
        44          8          0          0         12        671   iwdg.o
       144          0          0          0          0       3362   list.o
       302         50          0         14          0      33516   main.o
       148         10          0          0          0        950   pid.o
       602         62          0         12          0      10228   port.o
      1000        142          0          0          0     477110   process.o
        36          8        236          0       1024        792   startup_stm32f103xb.o
       104         20          0         12          0       5158   stm32f1xx_hal.o
      1352         52          0          0          0       9114   stm32f1xx_hal_adc.o
       300          4          0          0          0       1786   stm32f1xx_hal_adc_ex.o
      1844          0          0          0          0      13950   stm32f1xx_hal_can.o
       166         10          0          0          0      27722   stm32f1xx_hal_cortex.o
       630         42          0          0          0       3059   stm32f1xx_hal_dma.o
       520         22          0          0          0       3976   stm32f1xx_hal_gpio.o
      2586         52          0          0          0      12698   stm32f1xx_hal_i2c.o
       114          0          0          0          0       1827   stm32f1xx_hal_iwdg.o
        72         10          0          0          0        846   stm32f1xx_hal_msp.o
      1668        126          0          0          0       6295   stm32f1xx_hal_rcc.o
       560         52          0          0          0       2845   stm32f1xx_hal_rcc_ex.o
      1846         22          0          0          0      12128   stm32f1xx_hal_tim.o
       114          0          0          0          0       2321   stm32f1xx_hal_tim_ex.o
       116         18          0          0         72       1331   stm32f1xx_hal_timebase_tim.o
       592          6          0          0          0       3975   stm32f1xx_hal_uart.o
        48         18          0          0          0       3814   stm32f1xx_it.o
         0          0          0          0          0        392   stream_buffer.o
         2          0         24          4          0       1083   system_stm32f1xx.o
      1616        140          0         60        240      16969   tasks.o
       616         38          0          0        144       3069   tim.o
       200         22          0          0         68       2190   usart.o

    ----------------------------------------------------------------------
     21544       1530        456        164       5880     736235   Object Totals
         0          0         32          0          0          0   (incl. Generated)
        40          0          0          2          6          0   (incl. Padding)

    ----------------------------------------------------------------------

      Code (inc. data)   RO Data    RW Data    ZI Data      Debug   Library Member Name

         0          0          0          0          0          0   entry.o
         0          0          0          0          0          0   entry10a.o
         0          0          0          0          0          0   entry11a.o
         8          4          0          0          0          0   entry2.o
         4          0          0          0          0          0   entry5.o
         0          0          0          0          0          0   entry7b.o
         0          0          0          0          0          0   entry8b.o
         8          4          0          0          0          0   entry9a.o
        30          0          0          0          0          0   handlers.o
        36          8          0          0          0         68   init.o
         0          0          0          0          0          0   iusefp.o
        30          0          0          0          0         68   llshl.o
        36          0          0          0          0         68   llsshr.o
        32          0          0          0          0         68   llushr.o
       372         14          0          0          0        184   printf1.o
         0          0          0          4          0          0   stdout.o
        44          0          0          0          0         80   uidiv.o
       334          0          0          0          0        148   dadd.o
       186          0          0          0          0        176   depilogue.o
        62          0          0          0          0         80   dfixi.o
        38          0          0          0          0         68   f2d.o
       176          0          0          0          0        140   fadd.o
       110          0          0          0          0        168   fepilogue.o
        40          0          0          0          0         68   ffixui.o
        18          0          0          0          0         68   fflti.o
        10          0          0          0          0         68   ffltui.o
       100          0          0          0          0         76   fmul.o

    ----------------------------------------------------------------------
      1676         30          0          4          0       1596   Library Totals
         2          0          0          0          0          0   (incl. Padding)

    ----------------------------------------------------------------------

      Code (inc. data)   RO Data    RW Data    ZI Data      Debug   Library Name

       600         30          0          4          0        536   mc_w.l
      1074          0          0          0          0       1060   mf_w.l

    ----------------------------------------------------------------------
      1676         30          0          4          0       1596   Library Totals

    ----------------------------------------------------------------------

==============================================================================


      Code (inc. data)   RO Data    RW Data    ZI Data      Debug   

     23220       1560        456        168       5880     728259   Grand Totals
     23220       1560        456        168       5880     728259   ELF Image Totals
     23220       1560        456        168          0          0   ROM Totals

==============================================================================

    Total RO  Size (Code + RO Data)                23676 (  23.12kB)
    Total RW  Size (RW Data + ZI Data)              6048 (   5.91kB)
    Total ROM Size (Code + RO Data + RW Data)      23844 (  23.29kB)

==============================================================================

