Component: ARM Compiler 5.06 update 6 (build 750) Tool: armlink [4d35ed]

==============================================================================

Section Cross References

    startup_stm32f103xb.o(RESET) refers to startup_stm32f103xb.o(STACK) for __initial_sp
    startup_stm32f103xb.o(RESET) refers to startup_stm32f103xb.o(.text) for Reset_Handler
    startup_stm32f103xb.o(RESET) refers to stm32f1xx_it.o(i.NMI_Handler) for NMI_Handler
    startup_stm32f103xb.o(RESET) refers to stm32f1xx_it.o(i.HardFault_Handler) for HardFault_Handler
    startup_stm32f103xb.o(RESET) refers to stm32f1xx_it.o(i.MemManage_Handler) for MemManage_Handler
    startup_stm32f103xb.o(RESET) refers to stm32f1xx_it.o(i.BusFault_Handler) for BusFault_Handler
    startup_stm32f103xb.o(RESET) refers to stm32f1xx_it.o(i.UsageFault_Handler) for UsageFault_Handler
    startup_stm32f103xb.o(RESET) refers to port.o(.emb_text) for SVC_Handler
    startup_stm32f103xb.o(RESET) refers to stm32f1xx_it.o(i.DebugMon_Handler) for DebugMon_Handler
    startup_stm32f103xb.o(RESET) refers to port.o(i.SysTick_Handler) for SysTick_Handler
    startup_stm32f103xb.o(RESET) refers to stm32f1xx_it.o(i.DMA1_Channel1_IRQHandler) for DMA1_Channel1_IRQHandler
    startup_stm32f103xb.o(RESET) refers to stm32f1xx_it.o(i.USB_LP_CAN1_RX0_IRQHandler) for USB_LP_CAN1_RX0_IRQHandler
    startup_stm32f103xb.o(RESET) refers to stm32f1xx_it.o(i.TIM1_UP_IRQHandler) for TIM1_UP_IRQHandler
    startup_stm32f103xb.o(.text) refers to system_stm32f1xx.o(i.SystemInit) for SystemInit
    startup_stm32f103xb.o(.text) refers to entry.o(.ARM.Collect$$$$00000000) for __main
    process.o(i.AT24CXX_Check) refers to i2c.o(i.AT24C02_Read) for AT24C02_Read
    process.o(i.AT24CXX_Check) refers to i2c.o(i.AT24C02_Write) for AT24C02_Write
    process.o(i.AT24CXX_Check) refers to stm32f1xx_hal.o(i.HAL_Delay) for HAL_Delay
    process.o(i.Collect_Data) refers to stm32f1xx_hal_gpio.o(i.HAL_GPIO_ReadPin) for HAL_GPIO_ReadPin
    process.o(i.Collect_Data) refers to adc.o(i.ADC_Filter) for ADC_Filter
    process.o(i.Collect_Data) refers to ffltui.o(.text) for __aeabi_ui2f
    process.o(i.Collect_Data) refers to fmul.o(.text) for __aeabi_fmul
    process.o(i.Collect_Data) refers to fadd.o(.text) for __aeabi_fadd
    process.o(i.Collect_Data) refers to ffixui.o(.text) for __aeabi_f2uiz
    process.o(i.Collect_Data) refers to freertos.o(.bss) for data_collect
    process.o(i.Collect_Data) refers to freertos.o(.bss) for bit_flag
    process.o(i.Collect_Data) refers to freertos.o(.bss) for data_result
    process.o(i.Collect_Data) refers to process.o(.data) for .data
    process.o(i.Control_Out) refers to stm32f1xx_hal_gpio.o(i.HAL_GPIO_WritePin) for HAL_GPIO_WritePin
    process.o(i.Control_Out) refers to freertos.o(.bss) for out_par
    process.o(i.Control_Out) refers to tim.o(.bss) for htim2
    process.o(i.Default_Data_Init) refers to freertos.o(.bss) for bit_flag
    process.o(i.Drive_Out) refers to stm32f1xx_hal_gpio.o(i.HAL_GPIO_WritePin) for HAL_GPIO_WritePin
    process.o(i.EEPROM_DATA_Init) refers to i2c.o(i.AT24C02_Read) for AT24C02_Read
    process.o(i.EEPROM_DATA_Init) refers to i2c.o(i.AT24C02_Write) for AT24C02_Write
    process.o(i.EEPROM_DATA_Init) refers to stm32f1xx_hal.o(i.HAL_Delay) for HAL_Delay
    process.o(i.EEPROM_DATA_Init) refers to printf1.o(i.__0printf$1) for __2printf
    process.o(i.EEPROM_DATA_Init) refers to process.o(i.EEPROM_Init) for EEPROM_Init
    process.o(i.EEPROM_DATA_Init) refers to process.o(i.Read_EEPROM) for Read_EEPROM
    process.o(i.EEPROM_Init) refers to stm32f1xx_hal.o(i.HAL_Delay) for HAL_Delay
    process.o(i.EEPROM_Init) refers to i2c.o(i.AT24C02_WriteLenByte) for AT24C02_WriteLenByte
    process.o(i.Hegiht_Calibration) refers to fflti.o(.text) for __aeabi_i2f
    process.o(i.Hegiht_Calibration) refers to fdiv.o(.text) for __aeabi_fdiv
    process.o(i.Hegiht_Calibration) refers to ffltui.o(.text) for __aeabi_ui2f
    process.o(i.Hegiht_Calibration) refers to fmul.o(.text) for __aeabi_fmul
    process.o(i.Hegiht_Calibration) refers to fadd.o(.text) for __aeabi_frsub
    process.o(i.Hegiht_Calibration) refers to i2c.o(i.AT24C02_WriteLenByte) for AT24C02_WriteLenByte
    process.o(i.Hegiht_Calibration) refers to stm32f1xx_hal.o(i.HAL_Delay) for HAL_Delay
    process.o(i.Hegiht_Calibration) refers to freertos.o(.bss) for data_storage
    process.o(i.PWM_Out) refers to tim.o(.bss) for htim3
    process.o(i.PickerHeight_Get) refers to freertos.o(.bss) for data_storage
    process.o(i.Process_Data) refers to ffltui.o(.text) for __aeabi_ui2f
    process.o(i.Process_Data) refers to fdiv.o(.text) for __aeabi_fdiv
    process.o(i.Process_Data) refers to fflti.o(.text) for __aeabi_i2f
    process.o(i.Process_Data) refers to fmul.o(.text) for __aeabi_fmul
    process.o(i.Process_Data) refers to fadd.o(.text) for __aeabi_fadd
    process.o(i.Process_Data) refers to ffixui.o(.text) for __aeabi_f2uiz
[...]
    i.ADC_DMAHalfConvCplt                    0x0800051c   Section        0  stm32f1xx_hal_adc.o(i.ADC_DMAHalfConvCplt)
    i.ADC_Enable                             0x08000528   Section        0  stm32f1xx_hal_adc.o(i.ADC_Enable)
    i.ADC_Filter                             0x080005e8   Section        0  adc.o(i.ADC_Filter)
    i.AT24C02_Read                           0x08000644   Section        0  i2c.o(i.AT24C02_Read)
    i.AT24C02_ReadLenByte                    0x08000668   Section        0  i2c.o(i.AT24C02_ReadLenByte)
    i.AT24C02_Write                          0x080006c0   Section        0  i2c.o(i.AT24C02_Write)
    i.AT24C02_WriteLenByte                   0x080006e4   Section        0  i2c.o(i.AT24C02_WriteLenByte)
    i.BusFault_Handler                       0x08000748   Section        0  stm32f1xx_it.o(i.BusFault_Handler)
    i.CAN_Transmit_C1D7                      0x0800074c   Section        0  can.o(i.CAN_Transmit_C1D7)
    i.CAN_Transmit_C2D7orD8                  0x080007dc   Section        0  can.o(i.CAN_Transmit_C2D7orD8)
    i.CAN_Transmit_C4D7orD8                  0x08000858   Section        0  can.o(i.CAN_Transmit_C4D7orD8)
    i.CAN_Transmit_C5D7orD8                  0x080008d4   Section        0  can.o(i.CAN_Transmit_C5D7orD8)
    i.CAN_Transmit_C6D7orD8                  0x08000954   Section        0  can.o(i.CAN_Transmit_C6D7orD8)
    i.CAN_Transmit_C7D7orD8                  0x080009cc   Section        0  can.o(i.CAN_Transmit_C7D7orD8)
    i.CAN_Transmit_C8D7orD8                  0x08000a44   Section        0  can.o(i.CAN_Transmit_C8D7orD8)
    i.CAN_Transmit_Calibration               0x08000abc   Section        0  can.o(i.CAN_Transmit_Calibration)
    i.CAN_User_Init                          0x08000b10   Section        0  can.o(i.CAN_User_Init)
    i.Collect_Data                           0x08000b90   Section        0  process.o(i.Collect_Data)
    i.Control_Out                            0x08000d34   Section        0  process.o(i.Control_Out)
    i.DMA1_Channel1_IRQHandler               0x08000d98   Section        0  stm32f1xx_it.o(i.DMA1_Channel1_IRQHandler)
    i.DebugMon_Handler                       0x08000da4   Section        0  stm32f1xx_it.o(i.DebugMon_Handler)
    i.Default_Data_Init                      0x08000da8   Section        0  process.o(i.Default_Data_Init)
    i.EEPROM_DATA_Init                       0x08000dd4   Section        0  process.o(i.EEPROM_DATA_Init)
    i.EEPROM_Init                            0x08000eac   Section        0  process.o(i.EEPROM_Init)
    i.Error_Handler                          0x08000fb0   Section        0  main.o(i.Error_Handler)
    i.HAL_ADCEx_Calibration_Start            0x08000fb4   Section        0  stm32f1xx_hal_adc_ex.o(i.HAL_ADCEx_Calibration_Start)
    i.HAL_ADC_ConfigChannel                  0x080010e0   Section        0  stm32f1xx_hal_adc.o(i.HAL_ADC_ConfigChannel)
    i.HAL_ADC_ConvCpltCallback               0x0800123c   Section        0  stm32f1xx_hal_adc.o(i.HAL_ADC_ConvCpltCallback)
    i.HAL_ADC_ConvHalfCpltCallback           0x0800123e   Section        0  stm32f1xx_hal_adc.o(i.HAL_ADC_ConvHalfCpltCallback)
    i.HAL_ADC_ErrorCallback                  0x08001240   Section        0  stm32f1xx_hal_adc.o(i.HAL_ADC_ErrorCallback)
    i.HAL_ADC_Init                           0x08001244   Section        0  stm32f1xx_hal_adc.o(i.HAL_ADC_Init)
    i.HAL_ADC_MspInit                        0x08001374   Section        0  adc.o(i.HAL_ADC_MspInit)
    i.HAL_ADC_Start_DMA                      0x08001430   Section        0  stm32f1xx_hal_adc.o(i.HAL_ADC_Start_DMA)
    i.HAL_CAN_ActivateNotification           0x08001550   Section        0  stm32f1xx_hal_can.o(i.HAL_CAN_ActivateNotification)
    i.HAL_CAN_AddTxMessage                   0x0800157a   Section        0  stm32f1xx_hal_can.o(i.HAL_CAN_AddTxMessage)
    i.HAL_CAN_ConfigFilter                   0x08001660   Section        0  stm32f1xx_hal_can.o(i.HAL_CAN_ConfigFilter)
    i.HAL_CAN_ErrorCallback                  0x0800175e   Section        0  stm32f1xx_hal_can.o(i.HAL_CAN_ErrorCallback)
    i.HAL_CAN_GetRxMessage                   0x08001760   Section        0  stm32f1xx_hal_can.o(i.HAL_CAN_GetRxMessage)
    i.HAL_CAN_IRQHandler                     0x080018aa   Section        0  stm32f1xx_hal_can.o(i.HAL_CAN_IRQHandler)
    i.HAL_CAN_Init                           0x08001ae0   Section        0  stm32f1xx_hal_can.o(i.HAL_CAN_Init)
    i.HAL_CAN_MspInit                        0x08001c0c   Section        0  can.o(i.HAL_CAN_MspInit)
    i.HAL_CAN_RxFifo0FullCallback            0x08001c8c   Section        0  stm32f1xx_hal_can.o(i.HAL_CAN_RxFifo0FullCallback)
    i.HAL_CAN_RxFifo0MsgPendingCallback      0x08001c90   Section        0  can.o(i.HAL_CAN_RxFifo0MsgPendingCallback)
    i.HAL_CAN_RxFifo1FullCallback            0x08001d1c   Section        0  stm32f1xx_hal_can.o(i.HAL_CAN_RxFifo1FullCallback)
    i.HAL_CAN_RxFifo1MsgPendingCallback      0x08001d1e   Section        0  stm32f1xx_hal_can.o(i.HAL_CAN_RxFifo1MsgPendingCallback)
    i.HAL_CAN_SleepCallback                  0x08001d20   Section        0  stm32f1xx_hal_can.o(i.HAL_CAN_SleepCallback)
    i.HAL_CAN_Start                          0x08001d24   Section        0  stm32f1xx_hal_can.o(i.HAL_CAN_Start)
    i.HAL_CAN_TxMailbox0AbortCallback        0x08001d88   Section        0  stm32f1xx_hal_can.o(i.HAL_CAN_TxMailbox0AbortCallback)
    i.HAL_CAN_TxMailbox0CompleteCallback     0x08001d8a   Section        0  stm32f1xx_hal_can.o(i.HAL_CAN_TxMailbox0CompleteCallback)
    i.HAL_CAN_TxMailbox1AbortCallback        0x08001d8c   Section        0  stm32f1xx_hal_can.o(i.HAL_CAN_TxMailbox1AbortCallback)
    i.HAL_CAN_TxMailbox1CompleteCallback     0x08001d8e   Section        0  stm32f1xx_hal_can.o(i.HAL_CAN_TxMailbox1CompleteCallback)
    i.HAL_CAN_TxMailbox2AbortCallback        0x08001d90   Section        0  stm32f1xx_hal_can.o(i.HAL_CAN_TxMailbox2AbortCallback)
    i.HAL_CAN_TxMailbox2CompleteCallback     0x08001d92   Section        0  stm32f1xx_hal_can.o(i.HAL_CAN_TxMailbox2CompleteCallback)
    i.HAL_CAN_WakeUpFromRxMsgCallback        0x08001d94   Section        0  stm32f1xx_hal_can.o(i.HAL_CAN_WakeUpFromRxMsgCallback)
    i.HAL_DMA_IRQHandler                     0x08001d98   Section        0  stm32f1xx_hal_dma.o(i.HAL_DMA_IRQHandler)
    i.HAL_DMA_Init                           0x08001efc   Section        0  stm32f1xx_hal_dma.o(i.HAL_DMA_Init)
    i.HAL_DMA_Start_IT                       0x08001f78   Section        0  stm32f1xx_hal_dma.o(i.HAL_DMA_Start_IT)
    i.HAL_Delay                              0x08002010   Section        0  stm32f1xx_hal.o(i.HAL_Delay)
    i.HAL_GPIO_Init                          0x08002038   Section        0  stm32f1xx_hal_gpio.o(i.HAL_GPIO_Init)
    i.HAL_GPIO_ReadPin                       0x0800221c   Section        0  stm32f1xx_hal_gpio.o(i.HAL_GPIO_ReadPin)
    i.HAL_GPIO_TogglePin                     0x08002226   Section        0  stm32f1xx_hal_gpio.o(i.HAL_GPIO_TogglePin)
    i.HAL_GPIO_WritePin                      0x08002236   Section        0  stm32f1xx_hal_gpio.o(i.HAL_GPIO_WritePin)
    i.HAL_GetTick                            0x08002240   Section        0  stm32f1xx_hal.o(i.HAL_GetTick)
    i.HAL_I2C_Init                           0x0800224c   Section        0  stm32f1xx_hal_i2c.o(i.HAL_I2C_Init)
    i.HAL_I2C_Mem_Read                       0x080023f4   Section        0  stm32f1xx_hal_i2c.o(i.HAL_I2C_Mem_Read)
    i.HAL_I2C_Mem_Write                      0x080026f4   Section        0  stm32f1xx_hal_i2c.o(i.HAL_I2C_Mem_Write)
    i.HAL_I2C_MspInit                        0x080028a0   Section        0  i2c.o(i.HAL_I2C_MspInit)
    i.HAL_IWDG_Init                          0x08002900   Section        0  stm32f1xx_hal_iwdg.o(i.HAL_IWDG_Init)
    i.HAL_IWDG_Refresh                       0x08002966   Section        0  stm32f1xx_hal_iwdg.o(i.HAL_IWDG_Refresh)
    i.HAL_IncTick                            0x08002974   Section        0  stm32f1xx_hal.o(i.HAL_IncTick)
    i.HAL_Init                               0x08002984   Section        0  stm32f1xx_hal.o(i.HAL_Init)
    i.HAL_InitTick                           0x080029a8   Section        0  stm32f1xx_hal_timebase_tim.o(i.HAL_InitTick)
    i.HAL_MspInit                            0x08002a1c   Section        0  stm32f1xx_hal_msp.o(i.HAL_MspInit)
    i.HAL_NVIC_EnableIRQ                     0x08002a64   Section        0  stm32f1xx_hal_cortex.o(i.HAL_NVIC_EnableIRQ)
    i.HAL_NVIC_SetPriority                   0x08002a84   Section        0  stm32f1xx_hal_cortex.o(i.HAL_NVIC_SetPriority)
    i.HAL_NVIC_SetPriorityGrouping           0x08002ae8   Section        0  stm32f1xx_hal_cortex.o(i.HAL_NVIC_SetPriorityGrouping)
    i.HAL_RCCEx_GetPeriphCLKFreq             0x08002b0c   Section        0  stm32f1xx_hal_rcc_ex.o(i.HAL_RCCEx_GetPeriphCLKFreq)
    i.HAL_RCCEx_PeriphCLKConfig              0x08002c10   Section        0  stm32f1xx_hal_rcc_ex.o(i.HAL_RCCEx_PeriphCLKConfig)
    i.HAL_RCC_ClockConfig                    0x08002d3c   Section        0  stm32f1xx_hal_rcc.o(i.HAL_RCC_ClockConfig)
    i.HAL_RCC_GetClockConfig                 0x08002f00   Section        0  stm32f1xx_hal_rcc.o(i.HAL_RCC_GetClockConfig)
    i.HAL_RCC_GetPCLK1Freq                   0x08002f40   Section        0  stm32f1xx_hal_rcc.o(i.HAL_RCC_GetPCLK1Freq)
    i.HAL_RCC_GetPCLK2Freq                   0x08002f60   Section        0  stm32f1xx_hal_rcc.o(i.HAL_RCC_GetPCLK2Freq)
    i.HAL_RCC_GetSysClockFreq                0x08002f80   Section        0  stm32f1xx_hal_rcc.o(i.HAL_RCC_GetSysClockFreq)
    i.HAL_RCC_OscConfig                      0x08002ff8   Section        0  stm32f1xx_hal_rcc.o(i.HAL_RCC_OscConfig)
    i.HAL_TIMEx_BreakCallback                0x080033c0   Section        0  stm32f1xx_hal_tim_ex.o(i.HAL_TIMEx_BreakCallback)
    i.HAL_TIMEx_CommutCallback               0x080033c2   Section        0  stm32f1xx_hal_tim_ex.o(i.HAL_TIMEx_CommutCallback)
    i.HAL_TIMEx_MasterConfigSynchronization  0x080033c4   Section        0  stm32f1xx_hal_tim_ex.o(i.HAL_TIMEx_MasterConfigSynchronization)
    i.HAL_TIM_Base_Init                      0x08003432   Section        0  stm32f1xx_hal_tim.o(i.HAL_TIM_Base_Init)
    i.HAL_TIM_Base_MspInit                   0x0800348c   Section        0  tim.o(i.HAL_TIM_Base_MspInit)
    i.HAL_TIM_Base_Start_IT                  0x080034d0   Section        0  stm32f1xx_hal_tim.o(i.HAL_TIM_Base_Start_IT)
    i.HAL_TIM_ConfigClockSource              0x08003528   Section        0  stm32f1xx_hal_tim.o(i.HAL_TIM_ConfigClockSource)
    i.HAL_TIM_IC_CaptureCallback             0x080036ac   Section        0  stm32f1xx_hal_tim.o(i.HAL_TIM_IC_CaptureCallback)
    i.HAL_TIM_IRQHandler                     0x080036ae   Section        0  stm32f1xx_hal_tim.o(i.HAL_TIM_IRQHandler)
    i.HAL_TIM_OC_DelayElapsedCallback        0x0800381a   Section        0  stm32f1xx_hal_tim.o(i.HAL_TIM_OC_DelayElapsedCallback)
    i.HAL_TIM_PWM_ConfigChannel              0x0800381c   Section        0  stm32f1xx_hal_tim.o(i.HAL_TIM_PWM_ConfigChannel)
    i.HAL_TIM_PWM_Init                       0x08003a24   Section        0  stm32f1xx_hal_tim.o(i.HAL_TIM_PWM_Init)
    i.HAL_TIM_PWM_MspInit                    0x08003a7e   Section        0  stm32f1xx_hal_tim.o(i.HAL_TIM_PWM_MspInit)
    i.HAL_TIM_PWM_PulseFinishedCallback      0x08003a80   Section        0  stm32f1xx_hal_tim.o(i.HAL_TIM_PWM_PulseFinishedCallback)
    i.HAL_TIM_PWM_Start                      0x08003a84   Section        0  stm32f1xx_hal_tim.o(i.HAL_TIM_PWM_Start)
    i.HAL_TIM_PeriodElapsedCallback          0x08003b34   Section        0  main.o(i.HAL_TIM_PeriodElapsedCallback)
    i.HAL_TIM_TriggerCallback                0x08003b46   Section        0  stm32f1xx_hal_tim.o(i.HAL_TIM_TriggerCallback)
    i.HAL_UART_Init                          0x08003b48   Section        0  stm32f1xx_hal_uart.o(i.HAL_UART_Init)
    i.HAL_UART_MspInit                       0x08003bac   Section        0  usart.o(i.HAL_UART_MspInit)
    i.HAL_UART_Transmit                      0x08003c20   Section        0  stm32f1xx_hal_uart.o(i.HAL_UART_Transmit)
    i.HardFault_Handler                      0x08003d42   Section        0  stm32f1xx_it.o(i.HardFault_Handler)
    i.Hegiht_Calibration                     0x08003d44   Section        0  process.o(i.Hegiht_Calibration)
    i.I2C_RequestMemoryRead                  0x08003ed0   Section        0  stm32f1xx_hal_i2c.o(i.I2C_RequestMemoryRead)
    I2C_RequestMemoryRead                    0x08003ed1   Thumb Code   280  stm32f1xx_hal_i2c.o(i.I2C_RequestMemoryRead)
    i.I2C_RequestMemoryWrite                 0x08003fec   Section        0  stm32f1xx_hal_i2c.o(i.I2C_RequestMemoryWrite)
    I2C_RequestMemoryWrite                   0x08003fed   Thumb Code   174  stm32f1xx_hal_i2c.o(i.I2C_RequestMemoryWrite)
    i.I2C_WaitOnFlagUntilTimeout             0x080040a0   Section        0  stm32f1xx_hal_i2c.o(i.I2C_WaitOnFlagUntilTimeout)
    I2C_WaitOnFlagUntilTimeout               0x080040a1   Thumb Code   166  stm32f1xx_hal_i2c.o(i.I2C_WaitOnFlagUntilTimeout)
    i.I2C_WaitOnMasterAddressFlagUntilTimeout 0x08004146   Section        0  stm32f1xx_hal_i2c.o(i.I2C_WaitOnMasterAddressFlagUntilTimeout)
    I2C_WaitOnMasterAddressFlagUntilTimeout  0x08004147   Thumb Code   200  stm32f1xx_hal_i2c.o(i.I2C_WaitOnMasterAddressFlagUntilTimeout)
    i.I2C_WaitOnTXEFlagUntilTimeout          0x0800420e   Section        0  stm32f1xx_hal_i2c.o(i.I2C_WaitOnTXEFlagUntilTimeout)
    I2C_WaitOnTXEFlagUntilTimeout            0x0800420f   Thumb Code   136  stm32f1xx_hal_i2c.o(i.I2C_WaitOnTXEFlagUntilTimeout)
    i.MX_ADC1_Init                           0x08004298   Section        0  adc.o(i.MX_ADC1_Init)
    i.MX_CAN_Init                            0x08004334   Section        0  can.o(i.MX_CAN_Init)
    i.MX_DMA_Init                            0x08004378   Section        0  dma.o(i.MX_DMA_Init)
    i.MX_FREERTOS_Init                       0x08004394   Section        0  freertos.o(i.MX_FREERTOS_Init)
    i.MX_GPIO_Init                           0x08004434   Section        0  gpio.o(i.MX_GPIO_Init)
    i.MX_I2C1_Init                           0x080044b8   Section        0  i2c.o(i.MX_I2C1_Init)
    i.MX_IWDG_Init                           0x080044f8   Section        0  iwdg.o(i.MX_IWDG_Init)
    i.MX_TIM2_Init                           0x08004524   Section        0  tim.o(i.MX_TIM2_Init)
    i.MX_TIM3_Init                           0x08004638   Section        0  tim.o(i.MX_TIM3_Init)
    i.MX_USART1_UART_Init                    0x08004748   Section        0  usart.o(i.MX_USART1_UART_Init)
    i.MemManage_Handler                      0x08004780   Section        0  stm32f1xx_it.o(i.MemManage_Handler)
    i.NMI_Handler                            0x08004782   Section        0  stm32f1xx_it.o(i.NMI_Handler)
    i.Process_Data                           0x08004784   Section        0  process.o(i.Process_Data)
    i.Read_EEPROM                            0x08004858   Section        0  process.o(i.Read_EEPROM)
    i.StartDefaultTask                       0x08004a10   Section        0  freertos.o(i.StartDefaultTask)
    i.SysTick_Handler                        0x08004a98   Section        0  port.o(i.SysTick_Handler)
    i.SystemInit                             0x08004ac4   Section        0  system_stm32f1xx.o(i.SystemInit)
    i.TIM1_UP_IRQHandler                     0x08004ac8   Section        0  stm32f1xx_it.o(i.TIM1_UP_IRQHandler)
    i.TIM_Base_SetConfig                     0x08004ad4   Section        0  stm32f1xx_hal_tim.o(i.TIM_Base_SetConfig)
    i.Task_CAN_Tx                            0x08004b4c   Section        0  freertos.o(i.Task_CAN_Tx)
    i.Task_Collec_ProcessData                0x08004bbc   Section        0  freertos.o(i.Task_Collec_ProcessData)
    i.Task_MyHeart                           0x08004bd0   Section        0  freertos.o(i.Task_MyHeart)
    i.UART_SetConfig                         0x08004c18   Section        0  stm32f1xx_hal_uart.o(i.UART_SetConfig)
    UART_SetConfig                           0x08004c19   Thumb Code   198  stm32f1xx_hal_uart.o(i.UART_SetConfig)
    i.USB_LP_CAN1_RX0_IRQHandler             0x08004ce4   Section        0  stm32f1xx_it.o(i.USB_LP_CAN1_RX0_IRQHandler)
    i.UsageFault_Handler                     0x08004cf0   Section        0  stm32f1xx_it.o(i.UsageFault_Handler)
    i.__0printf$1                            0x08004cf4   Section        0  printf1.o(i.__0printf$1)
    i.__scatterload_copy                     0x08004d14   Section       14  handlers.o(i.__scatterload_copy)
    i.__scatterload_null                     0x08004d22   Section        2  handlers.o(i.__scatterload_null)
    i.__scatterload_zeroinit                 0x08004d24   Section       14  handlers.o(i.__scatterload_zeroinit)
    i._printf_core                           0x08004d34   Section        0  printf1.o(i._printf_core)
    _printf_core                             0x08004d35   Thumb Code   336  printf1.o(i._printf_core)
    i.fputc                                  0x08004e88   Section        0  usart.o(i.fputc)
    i.main                                   0x08004ea4   Section        0  main.o(i.main)
    i.makeFreeRtosPriority                   0x08004fbc   Section        0  cmsis_os.o(i.makeFreeRtosPriority)
    makeFreeRtosPriority                     0x08004fbd   Thumb Code    12  cmsis_os.o(i.makeFreeRtosPriority)
    i.osDelay                                0x08004fc8   Section        0  cmsis_os.o(i.osDelay)
    i.osKernelStart                          0x08004fd8   Section        0  cmsis_os.o(i.osKernelStart)
    i.osThreadCreate                         0x08004fe2   Section        0  cmsis_os.o(i.osThreadCreate)
    i.prvAddCurrentTaskToDelayedList         0x08005040   Section        0  tasks.o(i.prvAddCurrentTaskToDelayedList)
    prvAddCurrentTaskToDelayedList           0x08005041   Thumb Code   110  tasks.o(i.prvAddCurrentTaskToDelayedList)
    i.prvAddNewTaskToReadyList               0x080050b8   Section        0  tasks.o(i.prvAddNewTaskToReadyList)
    prvAddNewTaskToReadyList                 0x080050b9   Thumb Code   124  tasks.o(i.prvAddNewTaskToReadyList)
    i.prvCheckTasksWaitingTermination        0x08005140   Section        0  tasks.o(i.prvCheckTasksWaitingTermination)
    prvCheckTasksWaitingTermination          0x08005141   Thumb Code    56  tasks.o(i.prvCheckTasksWaitingTermination)
    i.prvDeleteTCB                           0x08005180   Section        0  tasks.o(i.prvDeleteTCB)
    prvDeleteTCB                             0x08005181   Thumb Code    64  tasks.o(i.prvDeleteTCB)
    i.prvHeapInit                            0x080051c0   Section        0  heap_4.o(i.prvHeapInit)
    prvHeapInit                              0x080051c1   Thumb Code    70  heap_4.o(i.prvHeapInit)
    i.prvIdleTask                            0x08005210   Section        0  tasks.o(i.prvIdleTask)
    prvIdleTask                              0x08005211   Thumb Code    30  tasks.o(i.prvIdleTask)
    i.prvInitialiseNewTask                   0x08005238   Section        0  tasks.o(i.prvInitialiseNewTask)
    prvInitialiseNewTask                     0x08005239   Thumb Code   116  tasks.o(i.prvInitialiseNewTask)
    i.prvInitialiseTaskLists                 0x080052ac   Section        0  tasks.o(i.prvInitialiseTaskLists)
    prvInitialiseTaskLists                   0x080052ad   Thumb Code    66  tasks.o(i.prvInitialiseTaskLists)
    i.prvInsertBlockIntoFreeList             0x0800530c   Section        0  heap_4.o(i.prvInsertBlockIntoFreeList)
    prvInsertBlockIntoFreeList               0x0800530d   Thumb Code    84  heap_4.o(i.prvInsertBlockIntoFreeList)
    i.prvResetNextTaskUnblockTime            0x08005368   Section        0  tasks.o(i.prvResetNextTaskUnblockTime)
    prvResetNextTaskUnblockTime              0x08005369   Thumb Code    30  tasks.o(i.prvResetNextTaskUnblockTime)
    i.prvTaskExitError                       0x0800538c   Section        0  port.o(i.prvTaskExitError)
    prvTaskExitError                         0x0800538d   Thumb Code    42  port.o(i.prvTaskExitError)
    i.pvPortMalloc                           0x080053bc   Section        0  heap_4.o(i.pvPortMalloc)
    i.pxPortInitialiseStack                  0x080054a0   Section        0  port.o(i.pxPortInitialiseStack)
    i.uxListRemove                           0x080054c4   Section        0  list.o(i.uxListRemove)
    i.vApplicationGetIdleTaskMemory          0x080054ec   Section        0  freertos.o(i.vApplicationGetIdleTaskMemory)
    i.vListInitialise                        0x08005500   Section        0  list.o(i.vListInitialise)
    i.vListInitialiseItem                    0x08005516   Section        0  list.o(i.vListInitialiseItem)
    i.vListInsert                            0x0800551c   Section        0  list.o(i.vListInsert)
    i.vListInsertEnd                         0x08005552   Section        0  list.o(i.vListInsertEnd)
    i.vPortEnterCritical                     0x0800556c   Section        0  port.o(i.vPortEnterCritical)
    i.vPortExitCritical                      0x080055ac   Section        0  port.o(i.vPortExitCritical)
    i.vPortFree                              0x080055d8   Section        0  heap_4.o(i.vPortFree)
    i.vPortSetupTimerInterrupt               0x08005634   Section        0  port.o(i.vPortSetupTimerInterrupt)
    i.vTaskDelay                             0x08005658   Section        0  tasks.o(i.vTaskDelay)
    i.vTaskStartScheduler                    0x080056a8   Section        0  tasks.o(i.vTaskStartScheduler)
    i.vTaskSuspendAll                        0x08005730   Section        0  tasks.o(i.vTaskSuspendAll)
    i.vTaskSwitchContext                     0x08005740   Section        0  tasks.o(i.vTaskSwitchContext)
    i.xPortStartScheduler                    0x080057a0   Section        0  port.o(i.xPortStartScheduler)
    i.xTaskCreate                            0x08005854   Section        0  tasks.o(i.xTaskCreate)
    i.xTaskCreateStatic                      0x080058c0   Section        0  tasks.o(i.xTaskCreateStatic)
    i.xTaskIncrementTick                     0x08005920   Section        0  tasks.o(i.xTaskIncrementTick)
    i.xTaskResumeAll                         0x080059f0   Section        0  tasks.o(i.xTaskResumeAll)
    .constdata                               0x08005abc   Section      112  freertos.o(.constdata)
    .constdata                               0x08005b2c   Section       16  system_stm32f1xx.o(.constdata)
    .constdata                               0x08005b3c   Section        8  system_stm32f1xx.o(.constdata)
    .conststring                             0x08005b44   Section       52  freertos.o(.conststring)
    .data                                    0x20000000   Section        2  process.o(.data)
    timeCnt                                  0x20000000   Data           2  process.o(.data)
    .data                                    0x20000004   Section       16  freertos.o(.data)
    .data                                    0x20000014   Section       20  can.o(.data)
    .data                                    0x20000028   Section       12  stm32f1xx_hal.o(.data)
    .data                                    0x20000034   Section        4  system_stm32f1xx.o(.data)
    .data                                    0x20000038   Section       60  tasks.o(.data)
    pxDelayedTaskList                        0x2000003c   Data           4  tasks.o(.data)
    pxOverflowDelayedTaskList                0x20000040   Data           4  tasks.o(.data)
    uxDeletedTasksWaitingCleanUp             0x20000044   Data           4  tasks.o(.data)
    uxCurrentNumberOfTasks                   0x20000048   Data           4  tasks.o(.data)
    xTickCount                               0x2000004c   Data           4  tasks.o(.data)
    uxTopReadyPriority                       0x20000050   Data           4  tasks.o(.data)
    xSchedulerRunning                        0x20000054   Data           4  tasks.o(.data)
    uxPendedTicks                            0x20000058   Data           4  tasks.o(.data)
    xYieldPending                            0x2000005c   Data           4  tasks.o(.data)
    xNumOfOverflows                          0x20000060   Data           4  tasks.o(.data)
    uxTaskNumber                             0x20000064   Data           4  tasks.o(.data)
    xNextTaskUnblockTime                     0x20000068   Data           4  tasks.o(.data)
    xIdleTaskHandle                          0x2000006c   Data           4  tasks.o(.data)
    uxSchedulerSuspended                     0x20000070   Data           4  tasks.o(.data)
    .data                                    0x20000074   Section       24  heap_4.o(.data)
    pxEnd                                    0x20000074   Data           4  heap_4.o(.data)
    xFreeBytesRemaining                      0x20000078   Data           4  heap_4.o(.data)
    xMinimumEverFreeBytesRemaining           0x2000007c   Data           4  heap_4.o(.data)
    xBlockAllocatedBit                       0x20000080   Data           4  heap_4.o(.data)
    xStart                                   0x20000084   Data           8  heap_4.o(.data)
    .data                                    0x2000008c   Section       12  port.o(.data)
    ucMaxSysCallPriority                     0x2000008c   Data           1  port.o(.data)
    uxCriticalNesting                        0x20000090   Data           4  port.o(.data)
    ulMaxPRIGROUPValue                       0x20000094   Data           4  port.o(.data)
    .data                                    0x20000098   Section        4  stdout.o(.data)
    .bss                                     0x2000009c   Section      820  freertos.o(.bss)
    .bss                                     0x200003d0   Section      468  freertos.o(.bss)
    xIdleTaskTCBBuffer                       0x20000450   Data          84  freertos.o(.bss)
    xIdleStack                               0x200004a4   Data         256  freertos.o(.bss)
    .bss                                     0x200005a4   Section       36  freertos.o(.bss)
    .bss                                     0x200005c8   Section       14  freertos.o(.bss)
    .bss                                     0x200005d8   Section      116  adc.o(.bss)
    .bss                                     0x2000064c   Section       92  can.o(.bss)
    .bss                                     0x200006a8   Section       84  i2c.o(.bss)
    .bss                                     0x200006fc   Section       12  iwdg.o(.bss)
    .bss                                     0x20000708   Section      144  tim.o(.bss)
    .bss                                     0x20000798   Section       68  usart.o(.bss)
    .bss                                     0x200007dc   Section       72  stm32f1xx_hal_timebase_tim.o(.bss)
    .bss                                     0x20000824   Section      240  tasks.o(.bss)
    pxReadyTasksLists                        0x20000824   Data         140  tasks.o(.bss)
    xDelayedTaskList1                        0x200008b0   Data          20  tasks.o(.bss)
    xDelayedTaskList2                        0x200008c4   Data          20  tasks.o(.bss)
    xPendingReadyList                        0x200008d8   Data          20  tasks.o(.bss)
    xTasksWaitingTermination                 0x200008ec   Data          20  tasks.o(.bss)
    xSuspendedTaskList                       0x20000900   Data          20  tasks.o(.bss)
    .bss                                     0x20000914   Section     3072  heap_4.o(.bss)
    ucHeap                                   0x20000914   Data        3072  heap_4.o(.bss)
    STACK                                    0x20001518   Section     1024  startup_stm32f103xb.o(STACK)

    Global Symbols

    Symbol Name                              Value     Ov Type        Size  Object(Section)

    BuildAttributes$$THM_ISAv4$P$D$K$B$S$PE$A:L22UL41UL21$X:L11$S22US41US21$IEEE1$IW$USESV6$~STKCKD$USESV7$~SHL$OTIME$ROPI$EBA8$MICROLIB$REQ8$PRES8$EABIv2 0x00000000   Number         0  anon$$obj.o ABSOLUTE
    __ARM_use_no_argv                        0x00000000   Number         0  main.o ABSOLUTE
    _printf_a                                0x00000000   Number         0  stubs.o ABSOLUTE
    _printf_c                                0x00000000   Number         0  stubs.o ABSOLUTE
    _printf_charcount                        0x00000000   Number         0  stubs.o ABSOLUTE
    _printf_d                                0x00000000   Number         0  stubs.o ABSOLUTE
    _printf_e                                0x00000000   Number         0  stubs.o ABSOLUTE
    _printf_f                                0x00000000   Number         0  stubs.o ABSOLUTE
    _printf_flags                            0x00000000   Number         0  stubs.o ABSOLUTE
    _printf_fp_dec                           0x00000000   Number         0  stubs.o ABSOLUTE
    _printf_fp_hex                           0x00000000   Number         0  stubs.o ABSOLUTE
    _printf_g                                0x00000000   Number         0  stubs.o ABSOLUTE
    _printf_i                                0x00000000   Number         0  stubs.o ABSOLUTE
    _printf_int_dec                          0x00000000   Number         0  stubs.o ABSOLUTE
    _printf_l                                0x00000000   Number         0  stubs.o ABSOLUTE
    _printf_lc                               0x00000000   Number         0  stubs.o ABSOLUTE
    _printf_ll                               0x00000000   Number         0  stubs.o ABSOLUTE
    _printf_lld                              0x00000000   Number         0  stubs.o ABSOLUTE
    _printf_lli                              0x00000000   Number         0  stubs.o ABSOLUTE
    _printf_llo                              0x00000000   Number         0  stubs.o ABSOLUTE
    _printf_llu                              0x00000000   Number         0  stubs.o ABSOLUTE
    _printf_llx                              0x00000000   Number         0  stubs.o ABSOLUTE
    _printf_longlong_dec                     0x00000000   Number         0  stubs.o ABSOLUTE
    _printf_longlong_hex                     0x00000000   Number         0  stubs.o ABSOLUTE
    _printf_longlong_oct                     0x00000000   Number         0  stubs.o ABSOLUTE
    _printf_ls                               0x00000000   Number         0  stubs.o ABSOLUTE
    _printf_mbtowc                           0x00000000   Number         0  stubs.o ABSOLUTE
    _printf_n                                0x00000000   Number         0  stubs.o ABSOLUTE
    _printf_o                                0x00000000   Number         0  stubs.o ABSOLUTE
    _printf_p                                0x00000000   Number         0  stubs.o ABSOLUTE
    _printf_percent                          0x00000000   Number         0  stubs.o ABSOLUTE
    _printf_pre_padding                      0x00000000   Number         0  stubs.o ABSOLUTE
    _printf_return_value                     0x00000000   Number         0  stubs.o ABSOLUTE
    _printf_s                                0x00000000   Number         0  stubs.o ABSOLUTE
    _printf_sizespec                         0x00000000   Number         0  stubs.o ABSOLUTE
    _printf_str                              0x00000000   Number         0  stubs.o ABSOLUTE
    _printf_truncate_signed                  0x00000000   Number         0  stubs.o ABSOLUTE
    _printf_truncate_unsigned                0x00000000   Number         0  stubs.o ABSOLUTE
    _printf_u                                0x00000000   Number         0  stubs.o ABSOLUTE
    _printf_wc                               0x00000000   Number         0  stubs.o ABSOLUTE
    _printf_wctomb                           0x00000000   Number         0  stubs.o ABSOLUTE
    _printf_widthprec                        0x00000000   Number         0  stubs.o ABSOLUTE
    _printf_x                                0x00000000   Number         0  stubs.o ABSOLUTE
    __cpp_initialize__aeabi_                  - Undefined Weak Reference
    __cxa_finalize                            - Undefined Weak Reference
    __decompress                              - Undefined Weak Reference
    _clock_init                               - Undefined Weak Reference
    _microlib_exit                            - Undefined Weak Reference
    __Vectors_Size                           0x000000ec   Number         0  startup_stm32f103xb.o ABSOLUTE
    __Vectors                                0x08000000   Data           4  startup_stm32f103xb.o(RESET)
    __Vectors_End                            0x080000ec   Data           0  startup_stm32f103xb.o(RESET)
    __main                                   0x080000ed   Thumb Code     0  entry.o(.ARM.Collect$$$$00000000)
    _main_stk                                0x080000ed   Thumb Code     0  entry2.o(.ARM.Collect$$$$00000001)
    _main_scatterload                        0x080000f1   Thumb Code     0  entry5.o(.ARM.Collect$$$$00000004)
    __main_after_scatterload                 0x080000f5   Thumb Code     0  entry5.o(.ARM.Collect$$$$00000004)
    _main_clock                              0x080000f5   Thumb Code     0  entry7b.o(.ARM.Collect$$$$00000008)
    _main_cpp_init                           0x080000f5   Thumb Code     0  entry8b.o(.ARM.Collect$$$$0000000A)
    _main_init                               0x080000f5   Thumb Code     0  entry9a.o(.ARM.Collect$$$$0000000B)
    __rt_final_cpp                           0x080000fd   Thumb Code     0  entry10a.o(.ARM.Collect$$$$0000000D)
    __rt_final_exit                          0x080000fd   Thumb Code     0  entry11a.o(.ARM.Collect$$$$0000000F)
    SVC_Handler                              0x08000101   Thumb Code    32  port.o(.emb_text)
    __asm___6_port_c_39a90d8d__prvStartFirstTask 0x08000125   Thumb Code    28  port.o(.emb_text)
    PendSV_Handler                           0x08000145   Thumb Code    72  port.o(.emb_text)
    vPortGetIPSR                             0x08000191   Thumb Code     6  port.o(.emb_text)
    Reset_Handler                            0x08000199   Thumb Code     8  startup_stm32f103xb.o(.text)
    ADC1_2_IRQHandler                        0x080001b3   Thumb Code     0  startup_stm32f103xb.o(.text)
    CAN1_RX1_IRQHandler                      0x080001b3   Thumb Code     0  startup_stm32f103xb.o(.text)
    CAN1_SCE_IRQHandler                      0x080001b3   Thumb Code     0  startup_stm32f103xb.o(.text)
    DMA1_Channel2_IRQHandler                 0x080001b3   Thumb Code     0  startup_stm32f103xb.o(.text)
    DMA1_Channel3_IRQHandler                 0x080001b3   Thumb Code     0  startup_stm32f103xb.o(.text)
    DMA1_Channel4_IRQHandler                 0x080001b3   Thumb Code     0  startup_stm32f103xb.o(.text)
    DMA1_Channel5_IRQHandler                 0x080001b3   Thumb Code     0  startup_stm32f103xb.o(.text)
    DMA1_Channel6_IRQHandler                 0x080001b3   Thumb Code     0  startup_stm32f103xb.o(.text)
    DMA1_Channel7_IRQHandler                 0x080001b3   Thumb Code     0  startup_stm32f103xb.o(.text)
    EXTI0_IRQHandler                         0x080001b3   Thumb Code     0  startup_stm32f103xb.o(.text)
    EXTI15_10_IRQHandler                     0x080001b3   Thumb Code     0  startup_stm32f103xb.o(.text)
    EXTI1_IRQHandler                         0x080001b3   Thumb Code     0  startup_stm32f103xb.o(.text)
    EXTI2_IRQHandler                         0x080001b3   Thumb Code     0  startup_stm32f103xb.o(.text)
    EXTI3_IRQHandler                         0x080001b3   Thumb Code     0  startup_stm32f103xb.o(.text)
    EXTI4_IRQHandler                         0x080001b3   Thumb Code     0  startup_stm32f103xb.o(.text)
    EXTI9_5_IRQHandler                       0x080001b3   Thumb Code     0  startup_stm32f103xb.o(.text)
    FLASH_IRQHandler                         0x080001b3   Thumb Code     0  startup_stm32f103xb.o(.text)
    I2C1_ER_IRQHandler                       0x080001b3   Thumb Code     0  startup_stm32f103xb.o(.text)
    I2C1_EV_IRQHandler                       0x080001b3   Thumb Code     0  startup_stm32f103xb.o(.text)
    I2C2_ER_IRQHandler                       0x080001b3   Thumb Code     0  startup_stm32f103xb.o(.text)
    I2C2_EV_IRQHandler                       0x080001b3   Thumb Code     0  startup_stm32f103xb.o(.text)
    PVD_IRQHandler                           0x080001b3   Thumb Code     0  startup_stm32f103xb.o(.text)
    RCC_IRQHandler                           0x080001b3   Thumb Code     0  startup_stm32f103xb.o(.text)
    RTC_Alarm_IRQHandler                     0x080001b3   Thumb Code     0  startup_stm32f103xb.o(.text)
    RTC_IRQHandler                           0x080001b3   Thumb Code     0  startup_stm32f103xb.o(.text)
    SPI1_IRQHandler                          0x080001b3   Thumb Code     0  startup_stm32f103xb.o(.text)
    SPI2_IRQHandler                          0x080001b3   Thumb Code     0  startup_stm32f103xb.o(.text)
    TAMPER_IRQHandler                        0x080001b3   Thumb Code     0  startup_stm32f103xb.o(.text)
    TIM1_BRK_IRQHandler                      0x080001b3   Thumb Code     0  startup_stm32f103xb.o(.text)
    TIM1_CC_IRQHandler                       0x080001b3   Thumb Code     0  startup_stm32f103xb.o(.text)
    TIM1_TRG_COM_IRQHandler                  0x080001b3   Thumb Code     0  startup_stm32f103xb.o(.text)
    TIM2_IRQHandler                          0x080001b3   Thumb Code     0  startup_stm32f103xb.o(.text)
    TIM3_IRQHandler                          0x080001b3   Thumb Code     0  startup_stm32f103xb.o(.text)
    TIM4_IRQHandler                          0x080001b3   Thumb Code     0  startup_stm32f103xb.o(.text)
    USART1_IRQHandler                        0x080001b3   Thumb Code     0  startup_stm32f103xb.o(.text)
    USART2_IRQHandler                        0x080001b3   Thumb Code     0  startup_stm32f103xb.o(.text)
    USART3_IRQHandler                        0x080001b3   Thumb Code     0  startup_stm32f103xb.o(.text)
    USBWakeUp_IRQHandler                     0x080001b3   Thumb Code     0  startup_stm32f103xb.o(.text)
    USB_HP_CAN1_TX_IRQHandler                0x080001b3   Thumb Code     0  startup_stm32f103xb.o(.text)
    WWDG_IRQHandler                          0x080001b3   Thumb Code     0  startup_stm32f103xb.o(.text)
    __aeabi_fadd                             0x080001bd   Thumb Code   164  fadd.o(.text)
    __aeabi_fsub                             0x08000261   Thumb Code     6  fadd.o(.text)
    __aeabi_frsub                            0x08000267   Thumb Code     6  fadd.o(.text)
    __aeabi_fmul                             0x0800026d   Thumb Code   100  fmul.o(.text)
    __aeabi_fdiv                             0x080002d1   Thumb Code   124  fdiv.o(.text)
    __aeabi_i2f                              0x0800034d   Thumb Code    18  fflti.o(.text)
    __aeabi_ui2f                             0x0800035f   Thumb Code    10  ffltui.o(.text)
    __aeabi_f2uiz                            0x08000369   Thumb Code    40  ffixui.o(.text)
    __aeabi_uidiv                            0x08000391   Thumb Code     0  uidiv.o(.text)
    __aeabi_uidivmod                         0x08000391   Thumb Code    44  uidiv.o(.text)
    __I$use$fp                               0x080003bd   Thumb Code     0  iusefp.o(.text)
    _float_round                             0x080003bd   Thumb Code    18  fepilogue.o(.text)
    _float_epilogue                          0x080003cf   Thumb Code    92  fepilogue.o(.text)
    __scatterload                            0x0800042d   Thumb Code    28  init.o(.text)
    __scatterload_rt2                        0x0800042d   Thumb Code     0  init.o(.text)
    ADC_ConversionStop_Disable               0x08000451   Thumb Code    94  stm32f1xx_hal_adc.o(i.ADC_ConversionStop_Disable)
    ADC_DMAConvCplt                          0x080004af   Thumb Code    84  stm32f1xx_hal_adc.o(i.ADC_DMAConvCplt)
    ADC_DMAError                             0x08000503   Thumb Code    26  stm32f1xx_hal_adc.o(i.ADC_DMAError)
    ADC_DMAHalfConvCplt                      0x0800051d   Thumb Code    10  stm32f1xx_hal_adc.o(i.ADC_DMAHalfConvCplt)
    ADC_Enable                               0x08000529   Thumb Code   184  stm32f1xx_hal_adc.o(i.ADC_Enable)
    ADC_Filter                               0x080005e9   Thumb Code    92  adc.o(i.ADC_Filter)
    AT24C02_Read                             0x08000645   Thumb Code    30  i2c.o(i.AT24C02_Read)
    AT24C02_ReadLenByte                      0x08000669   Thumb Code    82  i2c.o(i.AT24C02_ReadLenByte)
    AT24C02_Write                            0x080006c1   Thumb Code    30  i2c.o(i.AT24C02_Write)
    AT24C02_WriteLenByte                     0x080006e5   Thumb Code    96  i2c.o(i.AT24C02_WriteLenByte)
    BusFault_Handler                         0x08000749   Thumb Code     2  stm32f1xx_it.o(i.BusFault_Handler)
    CAN_Transmit_C1D7                        0x0800074d   Thumb Code   124  can.o(i.CAN_Transmit_C1D7)
    CAN_Transmit_C2D7orD8                    0x080007dd   Thumb Code    94  can.o(i.CAN_Transmit_C2D7orD8)
    CAN_Transmit_C4D7orD8                    0x08000859   Thumb Code   100  can.o(i.CAN_Transmit_C4D7orD8)
    CAN_Transmit_C5D7orD8                    0x080008d5   Thumb Code   104  can.o(i.CAN_Transmit_C5D7orD8)
    CAN_Transmit_C6D7orD8                    0x08000955   Thumb Code    96  can.o(i.CAN_Transmit_C6D7orD8)
    CAN_Transmit_C7D7orD8                    0x080009cd   Thumb Code    96  can.o(i.CAN_Transmit_C7D7orD8)
    CAN_Transmit_C8D7orD8                    0x08000a45   Thumb Code    96  can.o(i.CAN_Transmit_C8D7orD8)
    CAN_Transmit_Calibration                 0x08000abd   Thumb Code    70  can.o(i.CAN_Transmit_Calibration)
    CAN_User_Init                            0x08000b11   Thumb Code    84  can.o(i.CAN_User_Init)
    Collect_Data                             0x08000b91   Thumb Code   396  process.o(i.Collect_Data)
    Control_Out                              0x08000d35   Thumb Code    84  process.o(i.Control_Out)
    DMA1_Channel1_IRQHandler                 0x08000d99   Thumb Code     6  stm32f1xx_it.o(i.DMA1_Channel1_IRQHandler)
    DebugMon_Handler                         0x08000da5   Thumb Code     2  stm32f1xx_it.o(i.DebugMon_Handler)
    Default_Data_Init                        0x08000da9   Thumb Code    36  process.o(i.Default_Data_Init)
    EEPROM_DATA_Init                         0x08000dd5   Thumb Code   134  process.o(i.EEPROM_DATA_Init)
    EEPROM_Init                              0x08000ead   Thumb Code   260  process.o(i.EEPROM_Init)
    Error_Handler                            0x08000fb1   Thumb Code     4  main.o(i.Error_Handler)
    HAL_ADCEx_Calibration_Start              0x08000fb5   Thumb Code   296  stm32f1xx_hal_adc_ex.o(i.HAL_ADCEx_Calibration_Start)
    HAL_ADC_ConfigChannel                    0x080010e1   Thumb Code   338  stm32f1xx_hal_adc.o(i.HAL_ADC_ConfigChannel)
    HAL_ADC_ConvCpltCallback                 0x0800123d   Thumb Code     2  stm32f1xx_hal_adc.o(i.HAL_ADC_ConvCpltCallback)
    HAL_ADC_ConvHalfCpltCallback             0x0800123f   Thumb Code     2  stm32f1xx_hal_adc.o(i.HAL_ADC_ConvHalfCpltCallback)
    HAL_ADC_ErrorCallback                    0x08001241   Thumb Code     2  stm32f1xx_hal_adc.o(i.HAL_ADC_ErrorCallback)
    HAL_ADC_Init                             0x08001245   Thumb Code   290  stm32f1xx_hal_adc.o(i.HAL_ADC_Init)
    HAL_ADC_MspInit                          0x08001375   Thumb Code   166  adc.o(i.HAL_ADC_MspInit)
    HAL_ADC_Start_DMA                        0x08001431   Thumb Code   268  stm32f1xx_hal_adc.o(i.HAL_ADC_Start_DMA)
    HAL_CAN_ActivateNotification             0x08001551   Thumb Code    42  stm32f1xx_hal_can.o(i.HAL_CAN_ActivateNotification)
    HAL_CAN_AddTxMessage                     0x0800157b   Thumb Code   230  stm32f1xx_hal_can.o(i.HAL_CAN_AddTxMessage)
    HAL_CAN_ConfigFilter                     0x08001661   Thumb Code   254  stm32f1xx_hal_can.o(i.HAL_CAN_ConfigFilter)
    HAL_CAN_ErrorCallback                    0x0800175f   Thumb Code     2  stm32f1xx_hal_can.o(i.HAL_CAN_ErrorCallback)
    HAL_CAN_GetRxMessage                     0x08001761   Thumb Code   330  stm32f1xx_hal_can.o(i.HAL_CAN_GetRxMessage)
    HAL_CAN_IRQHandler                       0x080018ab   Thumb Code   566  stm32f1xx_hal_can.o(i.HAL_CAN_IRQHandler)
    HAL_CAN_Init                             0x08001ae1   Thumb Code   298  stm32f1xx_hal_can.o(i.HAL_CAN_Init)
    HAL_CAN_MspInit                          0x08001c0d   Thumb Code   120  can.o(i.HAL_CAN_MspInit)
    HAL_CAN_RxFifo0FullCallback              0x08001c8d   Thumb Code     2  stm32f1xx_hal_can.o(i.HAL_CAN_RxFifo0FullCallback)
    HAL_CAN_RxFifo0MsgPendingCallback        0x08001c91   Thumb Code   114  can.o(i.HAL_CAN_RxFifo0MsgPendingCallback)
    HAL_CAN_RxFifo1FullCallback              0x08001d1d   Thumb Code     2  stm32f1xx_hal_can.o(i.HAL_CAN_RxFifo1FullCallback)
    HAL_CAN_RxFifo1MsgPendingCallback        0x08001d1f   Thumb Code     2  stm32f1xx_hal_can.o(i.HAL_CAN_RxFifo1MsgPendingCallback)
    HAL_CAN_SleepCallback                    0x08001d21   Thumb Code     2  stm32f1xx_hal_can.o(i.HAL_CAN_SleepCallback)
    HAL_CAN_Start                            0x08001d25   Thumb Code   100  stm32f1xx_hal_can.o(i.HAL_CAN_Start)
    HAL_CAN_TxMailbox0AbortCallback          0x08001d89   Thumb Code     2  stm32f1xx_hal_can.o(i.HAL_CAN_TxMailbox0AbortCallback)
    HAL_CAN_TxMailbox0CompleteCallback       0x08001d8b   Thumb Code     2  stm32f1xx_hal_can.o(i.HAL_CAN_TxMailbox0CompleteCallback)
    HAL_CAN_TxMailbox1AbortCallback          0x08001d8d   Thumb Code     2  stm32f1xx_hal_can.o(i.HAL_CAN_TxMailbox1AbortCallback)
    HAL_CAN_TxMailbox1CompleteCallback       0x08001d8f   Thumb Code     2  stm32f1xx_hal_can.o(i.HAL_CAN_TxMailbox1CompleteCallback)
    HAL_CAN_TxMailbox2AbortCallback          0x08001d91   Thumb Code     2  stm32f1xx_hal_can.o(i.HAL_CAN_TxMailbox2AbortCallback)
    HAL_CAN_TxMailbox2CompleteCallback       0x08001d93   Thumb Code     2  stm32f1xx_hal_can.o(i.HAL_CAN_TxMailbox2CompleteCallback)
    HAL_CAN_WakeUpFromRxMsgCallback          0x08001d95   Thumb Code     2  stm32f1xx_hal_can.o(i.HAL_CAN_WakeUpFromRxMsgCallback)
    HAL_DMA_IRQHandler                       0x08001d99   Thumb Code   326  stm32f1xx_hal_dma.o(i.HAL_DMA_IRQHandler)
    HAL_DMA_Init                             0x08001efd   Thumb Code   112  stm32f1xx_hal_dma.o(i.HAL_DMA_Init)
    HAL_DMA_Start_IT                         0x08001f79   Thumb Code   150  stm32f1xx_hal_dma.o(i.HAL_DMA_Start_IT)
    HAL_Delay                                0x08002011   Thumb Code    34  stm32f1xx_hal.o(i.HAL_Delay)
    HAL_GPIO_Init                            0x08002039   Thumb Code   462  stm32f1xx_hal_gpio.o(i.HAL_GPIO_Init)
    HAL_GPIO_ReadPin                         0x0800221d   Thumb Code    10  stm32f1xx_hal_gpio.o(i.HAL_GPIO_ReadPin)
    HAL_GPIO_TogglePin                       0x08002227   Thumb Code    16  stm32f1xx_hal_gpio.o(i.HAL_GPIO_TogglePin)
    HAL_GPIO_WritePin                        0x08002237   Thumb Code    10  stm32f1xx_hal_gpio.o(i.HAL_GPIO_WritePin)
    HAL_GetTick                              0x08002241   Thumb Code     6  stm32f1xx_hal.o(i.HAL_GetTick)
    HAL_I2C_Init                             0x0800224d   Thumb Code   408  stm32f1xx_hal_i2c.o(i.HAL_I2C_Init)
    HAL_I2C_Mem_Read                         0x080023f5   Thumb Code   752  stm32f1xx_hal_i2c.o(i.HAL_I2C_Mem_Read)
    HAL_I2C_Mem_Write                        0x080026f5   Thumb Code   418  stm32f1xx_hal_i2c.o(i.HAL_I2C_Mem_Write)
    HAL_I2C_MspInit                          0x080028a1   Thumb Code    88  i2c.o(i.HAL_I2C_MspInit)
    HAL_IWDG_Init                            0x08002901   Thumb Code   102  stm32f1xx_hal_iwdg.o(i.HAL_IWDG_Init)
    HAL_IWDG_Refresh                         0x08002967   Thumb Code    12  stm32f1xx_hal_iwdg.o(i.HAL_IWDG_Refresh)
    HAL_IncTick                              0x08002975   Thumb Code    12  stm32f1xx_hal.o(i.HAL_IncTick)
    HAL_Init                                 0x08002985   Thumb Code    32  stm32f1xx_hal.o(i.HAL_Init)
    HAL_InitTick                             0x080029a9   Thumb Code    98  stm32f1xx_hal_timebase_tim.o(i.HAL_InitTick)
    HAL_MspInit                              0x08002a1d   Thumb Code    62  stm32f1xx_hal_msp.o(i.HAL_MspInit)
    HAL_NVIC_EnableIRQ                       0x08002a65   Thumb Code    30  stm32f1xx_hal_cortex.o(i.HAL_NVIC_EnableIRQ)
    HAL_NVIC_SetPriority                     0x08002a85   Thumb Code    96  stm32f1xx_hal_cortex.o(i.HAL_NVIC_SetPriority)
    HAL_NVIC_SetPriorityGrouping             0x08002ae9   Thumb Code    30  stm32f1xx_hal_cortex.o(i.HAL_NVIC_SetPriorityGrouping)
    HAL_RCCEx_GetPeriphCLKFreq               0x08002b0d   Thumb Code   222  stm32f1xx_hal_rcc_ex.o(i.HAL_RCCEx_GetPeriphCLKFreq)
    HAL_RCCEx_PeriphCLKConfig                0x08002c11   Thumb Code   286  stm32f1xx_hal_rcc_ex.o(i.HAL_RCCEx_PeriphCLKConfig)
    HAL_RCC_ClockConfig                      0x08002d3d   Thumb Code   414  stm32f1xx_hal_rcc.o(i.HAL_RCC_ClockConfig)
    HAL_RCC_GetClockConfig                   0x08002f01   Thumb Code    54  stm32f1xx_hal_rcc.o(i.HAL_RCC_GetClockConfig)
    HAL_RCC_GetPCLK1Freq                     0x08002f41   Thumb Code    20  stm32f1xx_hal_rcc.o(i.HAL_RCC_GetPCLK1Freq)
    HAL_RCC_GetPCLK2Freq                     0x08002f61   Thumb Code    20  stm32f1xx_hal_rcc.o(i.HAL_RCC_GetPCLK2Freq)
    HAL_RCC_GetSysClockFreq                  0x08002f81   Thumb Code    86  stm32f1xx_hal_rcc.o(i.HAL_RCC_GetSysClockFreq)
    HAL_RCC_OscConfig                        0x08002ff9   Thumb Code   948  stm32f1xx_hal_rcc.o(i.HAL_RCC_OscConfig)
    HAL_TIMEx_BreakCallback                  0x080033c1   Thumb Code     2  stm32f1xx_hal_tim_ex.o(i.HAL_TIMEx_BreakCallback)
    HAL_TIMEx_CommutCallback                 0x080033c3   Thumb Code     2  stm32f1xx_hal_tim_ex.o(i.HAL_TIMEx_CommutCallback)
    HAL_TIMEx_MasterConfigSynchronization    0x080033c5   Thumb Code   110  stm32f1xx_hal_tim_ex.o(i.HAL_TIMEx_MasterConfigSynchronization)
    HAL_TIM_Base_Init                        0x08003433   Thumb Code    90  stm32f1xx_hal_tim.o(i.HAL_TIM_Base_Init)
    HAL_TIM_Base_MspInit                     0x0800348d   Thumb Code    62  tim.o(i.HAL_TIM_Base_MspInit)
    HAL_TIM_Base_Start_IT                    0x080034d1   Thumb Code    88  stm32f1xx_hal_tim.o(i.HAL_TIM_Base_Start_IT)
    HAL_TIM_ConfigClockSource                0x08003529   Thumb Code   388  stm32f1xx_hal_tim.o(i.HAL_TIM_ConfigClockSource)
    HAL_TIM_IC_CaptureCallback               0x080036ad   Thumb Code     2  stm32f1xx_hal_tim.o(i.HAL_TIM_IC_CaptureCallback)
    HAL_TIM_IRQHandler                       0x080036af   Thumb Code   364  stm32f1xx_hal_tim.o(i.HAL_TIM_IRQHandler)
    HAL_TIM_OC_DelayElapsedCallback          0x0800381b   Thumb Code     2  stm32f1xx_hal_tim.o(i.HAL_TIM_OC_DelayElapsedCallback)
    HAL_TIM_PWM_ConfigChannel                0x0800381d   Thumb Code   516  stm32f1xx_hal_tim.o(i.HAL_TIM_PWM_ConfigChannel)
    HAL_TIM_PWM_Init                         0x08003a25   Thumb Code    90  stm32f1xx_hal_tim.o(i.HAL_TIM_PWM_Init)
    HAL_TIM_PWM_MspInit                      0x08003a7f   Thumb Code     2  stm32f1xx_hal_tim.o(i.HAL_TIM_PWM_MspInit)
    HAL_TIM_PWM_PulseFinishedCallback        0x08003a81   Thumb Code     2  stm32f1xx_hal_tim.o(i.HAL_TIM_PWM_PulseFinishedCallback)
    HAL_TIM_PWM_Start                        0x08003a85   Thumb Code   170  stm32f1xx_hal_tim.o(i.HAL_TIM_PWM_Start)
    HAL_TIM_PeriodElapsedCallback            0x08003b35   Thumb Code    18  main.o(i.HAL_TIM_PeriodElapsedCallback)
    HAL_TIM_TriggerCallback                  0x08003b47   Thumb Code     2  stm32f1xx_hal_tim.o(i.HAL_TIM_TriggerCallback)
    HAL_UART_Init                            0x08003b49   Thumb Code    98  stm32f1xx_hal_uart.o(i.HAL_UART_Init)
    HAL_UART_MspInit                         0x08003bad   Thumb Code   108  usart.o(i.HAL_UART_MspInit)
    HAL_UART_Transmit                        0x08003c21   Thumb Code   290  stm32f1xx_hal_uart.o(i.HAL_UART_Transmit)
    HardFault_Handler                        0x08003d43   Thumb Code     2  stm32f1xx_it.o(i.HardFault_Handler)
    Hegiht_Calibration                       0x08003d45   Thumb Code   378  process.o(i.Hegiht_Calibration)
    MX_ADC1_Init                             0x08004299   Thumb Code   148  adc.o(i.MX_ADC1_Init)
    MX_CAN_Init                              0x08004335   Thumb Code    60  can.o(i.MX_CAN_Init)
    MX_DMA_Init                              0x08004379   Thumb Code    24  dma.o(i.MX_DMA_Init)
    MX_FREERTOS_Init                         0x08004395   Thumb Code   150  freertos.o(i.MX_FREERTOS_Init)
    MX_GPIO_Init                             0x08004435   Thumb Code   124  gpio.o(i.MX_GPIO_Init)
    MX_I2C1_Init                             0x080044b9   Thumb Code    50  i2c.o(i.MX_I2C1_Init)
    MX_IWDG_Init                             0x080044f9   Thumb Code    36  iwdg.o(i.MX_IWDG_Init)
    MX_TIM2_Init                             0x08004525   Thumb Code   262  tim.o(i.MX_TIM2_Init)
    MX_TIM3_Init                             0x08004639   Thumb Code   254  tim.o(i.MX_TIM3_Init)
    MX_USART1_UART_Init                      0x08004749   Thumb Code    48  usart.o(i.MX_USART1_UART_Init)
    MemManage_Handler                        0x08004781   Thumb Code     2  stm32f1xx_it.o(i.MemManage_Handler)
    NMI_Handler                              0x08004783   Thumb Code     2  stm32f1xx_it.o(i.NMI_Handler)
    Process_Data                             0x08004785   Thumb Code   190  process.o(i.Process_Data)
    Read_EEPROM                              0x08004859   Thumb Code   426  process.o(i.Read_EEPROM)
    StartDefaultTask                         0x08004a11   Thumb Code   132  freertos.o(i.StartDefaultTask)
    SysTick_Handler                          0x08004a99   Thumb Code    38  port.o(i.SysTick_Handler)
    SystemInit                               0x08004ac5   Thumb Code     2  system_stm32f1xx.o(i.SystemInit)
    TIM1_UP_IRQHandler                       0x08004ac9   Thumb Code     6  stm32f1xx_it.o(i.TIM1_UP_IRQHandler)
    TIM_Base_SetConfig                       0x08004ad5   Thumb Code   108  stm32f1xx_hal_tim.o(i.TIM_Base_SetConfig)
    Task_CAN_Tx                              0x08004b4d   Thumb Code   108  freertos.o(i.Task_CAN_Tx)
    Task_Collec_ProcessData                  0x08004bbd   Thumb Code    20  freertos.o(i.Task_Collec_ProcessData)
    Task_MyHeart                             0x08004bd1   Thumb Code    48  freertos.o(i.Task_MyHeart)
    USB_LP_CAN1_RX0_IRQHandler               0x08004ce5   Thumb Code     6  stm32f1xx_it.o(i.USB_LP_CAN1_RX0_IRQHandler)
    UsageFault_Handler                       0x08004cf1   Thumb Code     2  stm32f1xx_it.o(i.UsageFault_Handler)
    __0printf$1                              0x08004cf5   Thumb Code    22  printf1.o(i.__0printf$1)
    __1printf$1                              0x08004cf5   Thumb Code     0  printf1.o(i.__0printf$1)
    __2printf                                0x08004cf5   Thumb Code     0  printf1.o(i.__0printf$1)
    __scatterload_copy                       0x08004d15   Thumb Code    14  handlers.o(i.__scatterload_copy)
    __scatterload_null                       0x08004d23   Thumb Code     2  handlers.o(i.__scatterload_null)
    __scatterload_zeroinit                   0x08004d25   Thumb Code    14  handlers.o(i.__scatterload_zeroinit)
    fputc                                    0x08004e89   Thumb Code    22  usart.o(i.fputc)
    main                                     0x08004ea5   Thumb Code   230  main.o(i.main)
    osDelay                                  0x08004fc9   Thumb Code    16  cmsis_os.o(i.osDelay)
    osKernelStart                            0x08004fd9   Thumb Code    10  cmsis_os.o(i.osKernelStart)
    osThreadCreate                           0x08004fe3   Thumb Code    92  cmsis_os.o(i.osThreadCreate)
    pvPortMalloc                             0x080053bd   Thumb Code   218  heap_4.o(i.pvPortMalloc)
    pxPortInitialiseStack                    0x080054a1   Thumb Code    30  port.o(i.pxPortInitialiseStack)
    uxListRemove                             0x080054c5   Thumb Code    38  list.o(i.uxListRemove)
    vApplicationGetIdleTaskMemory            0x080054ed   Thumb Code    16  freertos.o(i.vApplicationGetIdleTaskMemory)
    vListInitialise                          0x08005501   Thumb Code    22  list.o(i.vListInitialise)
    vListInitialiseItem                      0x08005517   Thumb Code     6  list.o(i.vListInitialiseItem)
    vListInsert                              0x0800551d   Thumb Code    54  list.o(i.vListInsert)
    vListInsertEnd                           0x08005553   Thumb Code    24  list.o(i.vListInsertEnd)
    vPortEnterCritical                       0x0800556d   Thumb Code    54  port.o(i.vPortEnterCritical)
    vPortExitCritical                        0x080055ad   Thumb Code    38  port.o(i.vPortExitCritical)
    vPortFree                                0x080055d9   Thumb Code    88  heap_4.o(i.vPortFree)
    vPortSetupTimerInterrupt                 0x08005635   Thumb Code    32  port.o(i.vPortSetupTimerInterrupt)
    vTaskDelay                               0x08005659   Thumb Code    70  tasks.o(i.vTaskDelay)
    vTaskStartScheduler                      0x080056a9   Thumb Code   120  tasks.o(i.vTaskStartScheduler)
    vTaskSuspendAll                          0x08005731   Thumb Code    10  tasks.o(i.vTaskSuspendAll)
    vTaskSwitchContext                       0x08005741   Thumb Code    86  tasks.o(i.vTaskSwitchContext)
    xPortStartScheduler                      0x080057a1   Thumb Code   168  port.o(i.xPortStartScheduler)
    xTaskCreate                              0x08005855   Thumb Code   108  tasks.o(i.xTaskCreate)
    xTaskCreateStatic                        0x080058c1   Thumb Code    96  tasks.o(i.xTaskCreateStatic)
    xTaskIncrementTick                       0x08005921   Thumb Code   200  tasks.o(i.xTaskIncrementTick)
    xTaskResumeAll                           0x080059f1   Thumb Code   190  tasks.o(i.xTaskResumeAll)
    AHBPrescTable                            0x08005b2c   Data          16  system_stm32f1xx.o(.constdata)
    APBPrescTable                            0x08005b3c   Data           8  system_stm32f1xx.o(.constdata)
    Region$$Table$$Base                      0x08005b78   Number         0  anon$$obj.o(Region$$Table)
    Region$$Table$$Limit                     0x08005b98   Number         0  anon$$obj.o(Region$$Table)
    defaultTaskHandle                        0x20000004   Data           4  freertos.o(.data)
    MyHeartTaskHandle                        0x20000008   Data           4  freertos.o(.data)
    CAN_TxTaskHandle                         0x2000000c   Data           4  freertos.o(.data)
    Collect_ProcessHandle                    0x20000010   Data           4  freertos.o(.data)
    TxMailbox                                0x20000014   Data           4  can.o(.data)
    TxData                                   0x20000018   Data           8  can.o(.data)
    Rx_Data                                  0x20000020   Data           8  can.o(.data)
    uwTickFreq                               0x20000028   Data           1  stm32f1xx_hal.o(.data)
    uwTickPrio                               0x2000002c   Data           4  stm32f1xx_hal.o(.data)
    uwTick                                   0x20000030   Data           4  stm32f1xx_hal.o(.data)
    SystemCoreClock                          0x20000034   Data           4  system_stm32f1xx.o(.data)
    pxCurrentTCB                             0x20000038   Data           4  tasks.o(.data)
    __stdout                                 0x20000098   Data           4  stdout.o(.data)
    data_collect                             0x2000009c   Data         820  freertos.o(.bss)
    data_storage                             0x200003d0   Data         112  freertos.o(.bss)
    bit_flag                                 0x20000440   Data          15  freertos.o(.bss)
    data_result                              0x200005a4   Data          36  freertos.o(.bss)
    out_par                                  0x200005c8   Data          14  freertos.o(.bss)
    hadc1                                    0x200005d8   Data          48  adc.o(.bss)
    hdma_adc1                                0x20000608   Data          68  adc.o(.bss)
    TxHeader                                 0x2000064c   Data          24  can.o(.bss)
    RxHeader                                 0x20000664   Data          28  can.o(.bss)
    hcan                                     0x20000680   Data          40  can.o(.bss)
    hi2c1                                    0x200006a8   Data          84  i2c.o(.bss)
    hiwdg                                    0x200006fc   Data          12  iwdg.o(.bss)
    htim2                                    0x20000708   Data          72  tim.o(.bss)
    htim3                                    0x20000750   Data          72  tim.o(.bss)
    huart1                                   0x20000798   Data          68  usart.o(.bss)
    htim1                                    0x200007dc   Data          72  stm32f1xx_hal_timebase_tim.o(.bss)
    __initial_sp                             0x20001918   Data           0  startup_stm32f103xb.o(STACK)



==============================================================================

Memory Map of the image

  Image Entry point : 0x080000ed

  Load Region LR_IROM1 (Base: 0x08000000, Size: 0x00005c34, Max: 0x00010000, ABSOLUTE)

    Execution Region ER_IROM1 (Exec base: 0x08000000, Load base: 0x08000000, Size: 0x00005b98, Max: 0x00010000, ABSOLUTE)

    Exec Addr    Load Addr    Size         Type   Attr      Idx    E Section Name        Object

    0x08000000   0x08000000   0x000000ec   Data   RO            3    RESET               startup_stm32f103xb.o
    0x080000ec   0x080000ec   0x00000000   Code   RO         5456  * .ARM.Collect$$$$00000000  mc_w.l(entry.o)
    0x080000ec   0x080000ec   0x00000004   Code   RO         5752    .ARM.Collect$$$$00000001  mc_w.l(entry2.o)
    0x080000f0   0x080000f0   0x00000004   Code   RO         5755    .ARM.Collect$$$$00000004  mc_w.l(entry5.o)
    0x080000f4   0x080000f4   0x00000000   Code   RO         5757    .ARM.Collect$$$$00000008  mc_w.l(entry7b.o)
    0x080000f4   0x080000f4   0x00000000   Code   RO         5759    .ARM.Collect$$$$0000000A  mc_w.l(entry8b.o)
    0x080000f4   0x080000f4   0x00000008   Code   RO         5760    .ARM.Collect$$$$0000000B  mc_w.l(entry9a.o)
    0x080000fc   0x080000fc   0x00000000   Code   RO         5762    .ARM.Collect$$$$0000000D  mc_w.l(entry10a.o)
    0x080000fc   0x080000fc   0x00000000   Code   RO         5764    .ARM.Collect$$$$0000000F  mc_w.l(entry11a.o)
    0x080000fc   0x080000fc   0x00000004   Code   RO         5753    .ARM.Collect$$$$00002712  mc_w.l(entry2.o)
    0x08000100   0x08000100   0x00000096   Code   RO         5379    .emb_text           port.o
    0x08000196   0x08000196   0x00000002   PAD
    0x08000198   0x08000198   0x00000024   Code   RO            4    .text               startup_stm32f103xb.o
    0x080001bc   0x080001bc   0x000000b0   Code   RO         5730    .text               mf_w.l(fadd.o)
    0x0800026c   0x0800026c   0x00000064   Code   RO         5732    .text               mf_w.l(fmul.o)
    0x080002d0   0x080002d0   0x0000007c   Code   RO         5734    .text               mf_w.l(fdiv.o)
    0x0800034c   0x0800034c   0x00000012   Code   RO         5740    .text               mf_w.l(fflti.o)
    0x0800035e   0x0800035e   0x0000000a   Code   RO         5742    .text               mf_w.l(ffltui.o)
    0x08000368   0x08000368   0x00000028   Code   RO         5746    .text               mf_w.l(ffixui.o)
    0x08000390   0x08000390   0x0000002c   Code   RO         5767    .text               mc_w.l(uidiv.o)
    0x080003bc   0x080003bc   0x00000000   Code   RO         5775    .text               mc_w.l(iusefp.o)
    0x080003bc   0x080003bc   0x0000006e   Code   RO         5776    .text               mf_w.l(fepilogue.o)
    0x0800042a   0x0800042a   0x00000002   PAD
    0x0800042c   0x0800042c   0x00000024   Code   RO         5786    .text               mc_w.l(init.o)
    0x08000450   0x08000450   0x0000005e   Code   RO         1032    i.ADC_ConversionStop_Disable  stm32f1xx_hal_adc.o
    0x080004ae   0x080004ae   0x00000054   Code   RO         1033    i.ADC_DMAConvCplt   stm32f1xx_hal_adc.o
    0x08000502   0x08000502   0x0000001a   Code   RO         1034    i.ADC_DMAError      stm32f1xx_hal_adc.o
    0x0800051c   0x0800051c   0x0000000a   Code   RO         1035    i.ADC_DMAHalfConvCplt  stm32f1xx_hal_adc.o
    0x08000526   0x08000526   0x00000002   PAD
    0x08000528   0x08000528   0x000000c0   Code   RO         1036    i.ADC_Enable        stm32f1xx_hal_adc.o
    0x080005e8   0x080005e8   0x0000005c   Code   RO          447    i.ADC_Filter        adc.o
    0x08000644   0x08000644   0x00000024   Code   RO          651    i.AT24C02_Read      i2c.o
    0x08000668   0x08000668   0x00000058   Code   RO          652    i.AT24C02_ReadLenByte  i2c.o
    0x080006c0   0x080006c0   0x00000024   Code   RO          653    i.AT24C02_Write     i2c.o
    0x080006e4   0x080006e4   0x00000064   Code   RO          654    i.AT24C02_WriteLenByte  i2c.o
    0x08000748   0x08000748   0x00000002   Code   RO          857    i.BusFault_Handler  stm32f1xx_it.o
    0x0800074a   0x0800074a   0x00000002   PAD
    0x0800074c   0x0800074c   0x00000090   Code   RO          514    i.CAN_Transmit_C1D7  can.o
    0x080007dc   0x080007dc   0x0000007c   Code   RO          515    i.CAN_Transmit_C2D7orD8  can.o
    0x08000858   0x08000858   0x0000007c   Code   RO          516    i.CAN_Transmit_C4D7orD8  can.o
    0x080008d4   0x080008d4   0x00000080   Code   RO          517    i.CAN_Transmit_C5D7orD8  can.o
    0x08000954   0x08000954   0x00000078   Code   RO          518    i.CAN_Transmit_C6D7orD8  can.o
    0x080009cc   0x080009cc   0x00000078   Code   RO          519    i.CAN_Transmit_C7D7orD8  can.o
    0x08000a44   0x08000a44   0x00000078   Code   RO          520    i.CAN_Transmit_C8D7orD8  can.o
    0x08000abc   0x08000abc   0x00000054   Code   RO          521    i.CAN_Transmit_Calibration  can.o
    0x08000b10   0x08000b10   0x00000080   Code   RO          522    i.CAN_User_Init     can.o
    0x08000b90   0x08000b90   0x000001a4   Code   RO           14    i.Collect_Data      process.o
    0x08000d34   0x08000d34   0x00000064   Code   RO           15    i.Control_Out       process.o
    0x08000d98   0x08000d98   0x0000000c   Code   RO          858    i.DMA1_Channel1_IRQHandler  stm32f1xx_it.o
    0x08000da4   0x08000da4   0x00000002   Code   RO          859    i.DebugMon_Handler  stm32f1xx_it.o
    0x08000da6   0x08000da6   0x00000002   PAD
    0x08000da8   0x08000da8   0x0000002c   Code   RO           16    i.Default_Data_Init  process.o
    0x08000dd4   0x08000dd4   0x000000d8   Code   RO           18    i.EEPROM_DATA_Init  process.o
    0x08000eac   0x08000eac   0x00000104   Code   RO           19    i.EEPROM_Init       process.o
    0x08000fb0   0x08000fb0   0x00000004   Code   RO          255    i.Error_Handler     main.o
    0x08000fb4   0x08000fb4   0x0000012c   Code   RO         1212    i.HAL_ADCEx_Calibration_Start  stm32f1xx_hal_adc_ex.o
    0x080010e0   0x080010e0   0x0000015c   Code   RO         1038    i.HAL_ADC_ConfigChannel  stm32f1xx_hal_adc.o
    0x0800123c   0x0800123c   0x00000002   Code   RO         1039    i.HAL_ADC_ConvCpltCallback  stm32f1xx_hal_adc.o
    0x0800123e   0x0800123e   0x00000002   Code   RO         1040    i.HAL_ADC_ConvHalfCpltCallback  stm32f1xx_hal_adc.o
    0x08001240   0x08001240   0x00000002   Code   RO         1042    i.HAL_ADC_ErrorCallback  stm32f1xx_hal_adc.o
    0x08001242   0x08001242   0x00000002   PAD
    0x08001244   0x08001244   0x00000130   Code   RO         1047    i.HAL_ADC_Init      stm32f1xx_hal_adc.o
    0x08001374   0x08001374   0x000000bc   Code   RO          452    i.HAL_ADC_MspInit   adc.o
    0x08001430   0x08001430   0x00000120   Code   RO         1054    i.HAL_ADC_Start_DMA  stm32f1xx_hal_adc.o
    0x08001550   0x08001550   0x0000002a   Code   RO         2237    i.HAL_CAN_ActivateNotification  stm32f1xx_hal_can.o
    0x0800157a   0x0800157a   0x000000e6   Code   RO         2238    i.HAL_CAN_AddTxMessage  stm32f1xx_hal_can.o
    0x08001660   0x08001660   0x000000fe   Code   RO         2239    i.HAL_CAN_ConfigFilter  stm32f1xx_hal_can.o
    0x0800175e   0x0800175e   0x00000002   Code   RO         2242    i.HAL_CAN_ErrorCallback  stm32f1xx_hal_can.o
    0x08001760   0x08001760   0x0000014a   Code   RO         2245    i.HAL_CAN_GetRxMessage  stm32f1xx_hal_can.o
    0x080018aa   0x080018aa   0x00000236   Code   RO         2249    i.HAL_CAN_IRQHandler  stm32f1xx_hal_can.o
    0x08001ae0   0x08001ae0   0x0000012a   Code   RO         2250    i.HAL_CAN_Init      stm32f1xx_hal_can.o
    0x08001c0a   0x08001c0a   0x00000002   PAD
    0x08001c0c   0x08001c0c   0x00000080   Code   RO          524    i.HAL_CAN_MspInit   can.o
    0x08001c8c   0x08001c8c   0x00000002   Code   RO         2257    i.HAL_CAN_RxFifo0FullCallback  stm32f1xx_hal_can.o
    0x08001c8e   0x08001c8e   0x00000002   PAD
    0x08001c90   0x08001c90   0x0000008c   Code   RO          525    i.HAL_CAN_RxFifo0MsgPendingCallback  can.o
    0x08001d1c   0x08001d1c   0x00000002   Code   RO         2259    i.HAL_CAN_RxFifo1FullCallback  stm32f1xx_hal_can.o
    0x08001d1e   0x08001d1e   0x00000002   Code   RO         2260    i.HAL_CAN_RxFifo1MsgPendingCallback  stm32f1xx_hal_can.o
    0x08001d20   0x08001d20   0x00000002   Code   RO         2261    i.HAL_CAN_SleepCallback  stm32f1xx_hal_can.o
    0x08001d22   0x08001d22   0x00000002   PAD
    0x08001d24   0x08001d24   0x00000064   Code   RO         2262    i.HAL_CAN_Start     stm32f1xx_hal_can.o
    0x08001d88   0x08001d88   0x00000002   Code   RO         2264    i.HAL_CAN_TxMailbox0AbortCallback  stm32f1xx_hal_can.o
    0x08001d8a   0x08001d8a   0x00000002   Code   RO         2265    i.HAL_CAN_TxMailbox0CompleteCallback  stm32f1xx_hal_can.o
    0x08001d8c   0x08001d8c   0x00000002   Code   RO         2266    i.HAL_CAN_TxMailbox1AbortCallback  stm32f1xx_hal_can.o
    0x08001d8e   0x08001d8e   0x00000002   Code   RO         2267    i.HAL_CAN_TxMailbox1CompleteCallback  stm32f1xx_hal_can.o
    0x08001d90   0x08001d90   0x00000002   Code   RO         2268    i.HAL_CAN_TxMailbox2AbortCallback  stm32f1xx_hal_can.o
    0x08001d92   0x08001d92   0x00000002   Code   RO         2269    i.HAL_CAN_TxMailbox2CompleteCallback  stm32f1xx_hal_can.o
    0x08001d94   0x08001d94   0x00000002   Code   RO         2271    i.HAL_CAN_WakeUpFromRxMsgCallback  stm32f1xx_hal_can.o
    0x08001d96   0x08001d96   0x00000002   PAD
    0x08001d98   0x08001d98   0x00000164   Code   RO         1690    i.HAL_DMA_IRQHandler  stm32f1xx_hal_dma.o
    0x08001efc   0x08001efc   0x0000007c   Code   RO         1691    i.HAL_DMA_Init      stm32f1xx_hal_dma.o
    0x08001f78   0x08001f78   0x00000096   Code   RO         1695    i.HAL_DMA_Start_IT  stm32f1xx_hal_dma.o
    0x0800200e   0x0800200e   0x00000002   PAD
    0x08002010   0x08002010   0x00000028   Code   RO         1315    i.HAL_Delay         stm32f1xx_hal.o
    0x08002038   0x08002038   0x000001e4   Code   RO         1622    i.HAL_GPIO_Init     stm32f1xx_hal_gpio.o
    0x0800221c   0x0800221c   0x0000000a   Code   RO         1624    i.HAL_GPIO_ReadPin  stm32f1xx_hal_gpio.o
    0x08002226   0x08002226   0x00000010   Code   RO         1625    i.HAL_GPIO_TogglePin  stm32f1xx_hal_gpio.o
    0x08002236   0x08002236   0x0000000a   Code   RO         1626    i.HAL_GPIO_WritePin  stm32f1xx_hal_gpio.o
    0x08002240   0x08002240   0x0000000c   Code   RO         1319    i.HAL_GetTick       stm32f1xx_hal.o
    0x0800224c   0x0800224c   0x000001a8   Code   RO         2481    i.HAL_I2C_Init      stm32f1xx_hal_i2c.o
    0x080023f4   0x080023f4   0x00000300   Code   RO         2499    i.HAL_I2C_Mem_Read  stm32f1xx_hal_i2c.o
    0x080026f4   0x080026f4   0x000001ac   Code   RO         2502    i.HAL_I2C_Mem_Write  stm32f1xx_hal_i2c.o
    0x080028a0   0x080028a0   0x00000060   Code   RO          657    i.HAL_I2C_MspInit   i2c.o
    0x08002900   0x08002900   0x00000066   Code   RO         2832    i.HAL_IWDG_Init     stm32f1xx_hal_iwdg.o
    0x08002966   0x08002966   0x0000000c   Code   RO         2833    i.HAL_IWDG_Refresh  stm32f1xx_hal_iwdg.o
    0x08002972   0x08002972   0x00000002   PAD
    0x08002974   0x08002974   0x00000010   Code   RO         1325    i.HAL_IncTick       stm32f1xx_hal.o
    0x08002984   0x08002984   0x00000024   Code   RO         1326    i.HAL_Init          stm32f1xx_hal.o
    0x080029a8   0x080029a8   0x00000074   Code   RO          957    i.HAL_InitTick      stm32f1xx_hal_timebase_tim.o
    0x08002a1c   0x08002a1c   0x00000048   Code   RO          933    i.HAL_MspInit       stm32f1xx_hal_msp.o
    0x08002a64   0x08002a64   0x0000001e   Code   RO         1777    i.HAL_NVIC_EnableIRQ  stm32f1xx_hal_cortex.o
    0x08002a82   0x08002a82   0x00000002   PAD
    0x08002a84   0x08002a84   0x00000064   Code   RO         1783    i.HAL_NVIC_SetPriority  stm32f1xx_hal_cortex.o
    0x08002ae8   0x08002ae8   0x00000024   Code   RO         1784    i.HAL_NVIC_SetPriorityGrouping  stm32f1xx_hal_cortex.o
    0x08002b0c   0x08002b0c   0x00000104   Code   RO         1584    i.HAL_RCCEx_GetPeriphCLKFreq  stm32f1xx_hal_rcc_ex.o
    0x08002c10   0x08002c10   0x0000012c   Code   RO         1585    i.HAL_RCCEx_PeriphCLKConfig  stm32f1xx_hal_rcc_ex.o
    0x08002d3c   0x08002d3c   0x000001c4   Code   RO         1483    i.HAL_RCC_ClockConfig  stm32f1xx_hal_rcc.o
    0x08002f00   0x08002f00   0x00000040   Code   RO         1487    i.HAL_RCC_GetClockConfig  stm32f1xx_hal_rcc.o
    0x08002f40   0x08002f40   0x00000020   Code   RO         1490    i.HAL_RCC_GetPCLK1Freq  stm32f1xx_hal_rcc.o
    0x08002f60   0x08002f60   0x00000020   Code   RO         1491    i.HAL_RCC_GetPCLK2Freq  stm32f1xx_hal_rcc.o
    0x08002f80   0x08002f80   0x00000078   Code   RO         1492    i.HAL_RCC_GetSysClockFreq  stm32f1xx_hal_rcc.o
    0x08002ff8   0x08002ff8   0x000003c8   Code   RO         1495    i.HAL_RCC_OscConfig  stm32f1xx_hal_rcc.o
    0x080033c0   0x080033c0   0x00000002   Code   RO         3530    i.HAL_TIMEx_BreakCallback  stm32f1xx_hal_tim_ex.o
    0x080033c2   0x080033c2   0x00000002   Code   RO         3531    i.HAL_TIMEx_CommutCallback  stm32f1xx_hal_tim_ex.o
    0x080033c4   0x080033c4   0x0000006e   Code   RO         3549    i.HAL_TIMEx_MasterConfigSynchronization  stm32f1xx_hal_tim_ex.o
    0x08003432   0x08003432   0x0000005a   Code   RO         2864    i.HAL_TIM_Base_Init  stm32f1xx_hal_tim.o
    0x0800348c   0x0800348c   0x00000044   Code   RO          755    i.HAL_TIM_Base_MspInit  tim.o
    0x080034d0   0x080034d0   0x00000058   Code   RO         2869    i.HAL_TIM_Base_Start_IT  stm32f1xx_hal_tim.o
    0x08003528   0x08003528   0x00000184   Code   RO         2873    i.HAL_TIM_ConfigClockSource  stm32f1xx_hal_tim.o
    0x080036ac   0x080036ac   0x00000002   Code   RO         2898    i.HAL_TIM_IC_CaptureCallback  stm32f1xx_hal_tim.o
    0x080036ae   0x080036ae   0x0000016c   Code   RO         2912    i.HAL_TIM_IRQHandler  stm32f1xx_hal_tim.o
    0x0800381a   0x0800381a   0x00000002   Code   RO         2915    i.HAL_TIM_OC_DelayElapsedCallback  stm32f1xx_hal_tim.o
    0x0800381c   0x0800381c   0x00000208   Code   RO         2936    i.HAL_TIM_PWM_ConfigChannel  stm32f1xx_hal_tim.o
    0x08003a24   0x08003a24   0x0000005a   Code   RO         2939    i.HAL_TIM_PWM_Init  stm32f1xx_hal_tim.o
    0x08003a7e   0x08003a7e   0x00000002   Code   RO         2941    i.HAL_TIM_PWM_MspInit  stm32f1xx_hal_tim.o
    0x08003a80   0x08003a80   0x00000002   Code   RO         2942    i.HAL_TIM_PWM_PulseFinishedCallback  stm32f1xx_hal_tim.o
    0x08003a82   0x08003a82   0x00000002   PAD
    0x08003a84   0x08003a84   0x000000b0   Code   RO         2944    i.HAL_TIM_PWM_Start  stm32f1xx_hal_tim.o
    0x08003b34   0x08003b34   0x00000012   Code   RO          256    i.HAL_TIM_PeriodElapsedCallback  main.o
    0x08003b46   0x08003b46   0x00000002   Code   RO         2955    i.HAL_TIM_TriggerCallback  stm32f1xx_hal_tim.o
    0x08003b48   0x08003b48   0x00000062   Code   RO         3821    i.HAL_UART_Init     stm32f1xx_hal_uart.o
    0x08003baa   0x08003baa   0x00000002   PAD
    0x08003bac   0x08003bac   0x00000074   Code   RO          810    i.HAL_UART_MspInit  usart.o
    0x08003c20   0x08003c20   0x00000122   Code   RO         3829    i.HAL_UART_Transmit  stm32f1xx_hal_uart.o
    0x08003d42   0x08003d42   0x00000002   Code   RO          860    i.HardFault_Handler  stm32f1xx_it.o
    0x08003d44   0x08003d44   0x0000018c   Code   RO           20    i.Hegiht_Calibration  process.o
    0x08003ed0   0x08003ed0   0x0000011c   Code   RO         2524    i.I2C_RequestMemoryRead  stm32f1xx_hal_i2c.o
    0x08003fec   0x08003fec   0x000000b4   Code   RO         2525    i.I2C_RequestMemoryWrite  stm32f1xx_hal_i2c.o
    0x080040a0   0x080040a0   0x000000a6   Code   RO         2526    i.I2C_WaitOnFlagUntilTimeout  stm32f1xx_hal_i2c.o
    0x08004146   0x08004146   0x000000c8   Code   RO         2527    i.I2C_WaitOnMasterAddressFlagUntilTimeout  stm32f1xx_hal_i2c.o
    0x0800420e   0x0800420e   0x00000088   Code   RO         2528    i.I2C_WaitOnTXEFlagUntilTimeout  stm32f1xx_hal_i2c.o
    0x08004296   0x08004296   0x00000002   PAD
    0x08004298   0x08004298   0x0000009c   Code   RO          453    i.MX_ADC1_Init      adc.o
    0x08004334   0x08004334   0x00000044   Code   RO          526    i.MX_CAN_Init       can.o
    0x08004378   0x08004378   0x0000001c   Code   RO          627    i.MX_DMA_Init       dma.o
    0x08004394   0x08004394   0x000000a0   Code   RO          372    i.MX_FREERTOS_Init  freertos.o
    0x08004434   0x08004434   0x00000084   Code   RO          348    i.MX_GPIO_Init      gpio.o
    0x080044b8   0x080044b8   0x00000040   Code   RO          658    i.MX_I2C1_Init      i2c.o
    0x080044f8   0x080044f8   0x0000002c   Code   RO          724    i.MX_IWDG_Init      iwdg.o
    0x08004524   0x08004524   0x00000114   Code   RO          757    i.MX_TIM2_Init      tim.o
    0x08004638   0x08004638   0x00000110   Code   RO          758    i.MX_TIM3_Init      tim.o
    0x08004748   0x08004748   0x00000038   Code   RO          811    i.MX_USART1_UART_Init  usart.o
    0x08004780   0x08004780   0x00000002   Code   RO          861    i.MemManage_Handler  stm32f1xx_it.o
    0x08004782   0x08004782   0x00000002   Code   RO          862    i.NMI_Handler       stm32f1xx_it.o
    0x08004784   0x08004784   0x000000d4   Code   RO           25    i.Process_Data      process.o
    0x08004858   0x08004858   0x000001b8   Code   RO           26    i.Read_EEPROM       process.o
    0x08004a10   0x08004a10   0x00000088   Code   RO          373    i.StartDefaultTask  freertos.o
    0x08004a98   0x08004a98   0x0000002c   Code   RO         5380    i.SysTick_Handler   port.o
    0x08004ac4   0x08004ac4   0x00000002   Code   RO         4134    i.SystemInit        system_stm32f1xx.o
    0x08004ac6   0x08004ac6   0x00000002   PAD
    0x08004ac8   0x08004ac8   0x0000000c   Code   RO          863    i.TIM1_UP_IRQHandler  stm32f1xx_it.o
    0x08004ad4   0x08004ad4   0x00000078   Code   RO         2957    i.TIM_Base_SetConfig  stm32f1xx_hal_tim.o
    0x08004b4c   0x08004b4c   0x00000070   Code   RO          374    i.Task_CAN_Tx       freertos.o
    0x08004bbc   0x08004bbc   0x00000014   Code   RO          375    i.Task_Collec_ProcessData  freertos.o
    0x08004bd0   0x08004bd0   0x00000048   Code   RO          376    i.Task_MyHeart      freertos.o
    0x08004c18   0x08004c18   0x000000cc   Code   RO         3845    i.UART_SetConfig    stm32f1xx_hal_uart.o
    0x08004ce4   0x08004ce4   0x0000000c   Code   RO          864    i.USB_LP_CAN1_RX0_IRQHandler  stm32f1xx_it.o
    0x08004cf0   0x08004cf0   0x00000002   Code   RO          865    i.UsageFault_Handler  stm32f1xx_it.o
    0x08004cf2   0x08004cf2   0x00000002   PAD
    0x08004cf4   0x08004cf4   0x00000020   Code   RO         5514    i.__0printf$1       mc_w.l(printf1.o)
    0x08004d14   0x08004d14   0x0000000e   Code   RO         5790    i.__scatterload_copy  mc_w.l(handlers.o)
    0x08004d22   0x08004d22   0x00000002   Code   RO         5791    i.__scatterload_null  mc_w.l(handlers.o)
    0x08004d24   0x08004d24   0x0000000e   Code   RO         5792    i.__scatterload_zeroinit  mc_w.l(handlers.o)
    0x08004d32   0x08004d32   0x00000002   PAD
    0x08004d34   0x08004d34   0x00000154   Code   RO         5521    i._printf_core      mc_w.l(printf1.o)
    0x08004e88   0x08004e88   0x0000001c   Code   RO          812    i.fputc             usart.o
    0x08004ea4   0x08004ea4   0x00000118   Code   RO          258    i.main              main.o
    0x08004fbc   0x08004fbc   0x0000000c   Code   RO         4951    i.makeFreeRtosPriority  cmsis_os.o
    0x08004fc8   0x08004fc8   0x00000010   Code   RO         4953    i.osDelay           cmsis_os.o
    0x08004fd8   0x08004fd8   0x0000000a   Code   RO         4956    i.osKernelStart     cmsis_os.o
    0x08004fe2   0x08004fe2   0x0000005c   Code   RO         4990    i.osThreadCreate    cmsis_os.o
    0x0800503e   0x0800503e   0x00000002   PAD
    0x08005040   0x08005040   0x00000078   Code   RO         4637    i.prvAddCurrentTaskToDelayedList  tasks.o
    0x080050b8   0x080050b8   0x00000088   Code   RO         4638    i.prvAddNewTaskToReadyList  tasks.o
    0x08005140   0x08005140   0x00000040   Code   RO         4639    i.prvCheckTasksWaitingTermination  tasks.o
    0x08005180   0x08005180   0x00000040   Code   RO         4640    i.prvDeleteTCB      tasks.o
    0x080051c0   0x080051c0   0x00000050   Code   RO         5318    i.prvHeapInit       heap_4.o
    0x08005210   0x08005210   0x00000028   Code   RO         4641    i.prvIdleTask       tasks.o
    0x08005238   0x08005238   0x00000074   Code   RO         4642    i.prvInitialiseNewTask  tasks.o
    0x080052ac   0x080052ac   0x00000060   Code   RO         4643    i.prvInitialiseTaskLists  tasks.o
    0x0800530c   0x0800530c   0x0000005c   Code   RO         5319    i.prvInsertBlockIntoFreeList  heap_4.o
    0x08005368   0x08005368   0x00000024   Code   RO         4644    i.prvResetNextTaskUnblockTime  tasks.o
    0x0800538c   0x0800538c   0x00000030   Code   RO         5381    i.prvTaskExitError  port.o
    0x080053bc   0x080053bc   0x000000e4   Code   RO         5320    i.pvPortMalloc      heap_4.o
    0x080054a0   0x080054a0   0x00000024   Code   RO         5382    i.pxPortInitialiseStack  port.o
    0x080054c4   0x080054c4   0x00000026   Code   RO         4272    i.uxListRemove      list.o
    0x080054ea   0x080054ea   0x00000002   PAD
    0x080054ec   0x080054ec   0x00000014   Code   RO          377    i.vApplicationGetIdleTaskMemory  freertos.o
    0x08005500   0x08005500   0x00000016   Code   RO         4273    i.vListInitialise   list.o
    0x08005516   0x08005516   0x00000006   Code   RO         4274    i.vListInitialiseItem  list.o
    0x0800551c   0x0800551c   0x00000036   Code   RO         4275    i.vListInsert       list.o
    0x08005552   0x08005552   0x00000018   Code   RO         4276    i.vListInsertEnd    list.o
    0x0800556a   0x0800556a   0x00000002   PAD
    0x0800556c   0x0800556c   0x00000040   Code   RO         5384    i.vPortEnterCritical  port.o
    0x080055ac   0x080055ac   0x0000002c   Code   RO         5385    i.vPortExitCritical  port.o
    0x080055d8   0x080055d8   0x0000005c   Code   RO         5321    i.vPortFree         heap_4.o
    0x08005634   0x08005634   0x00000024   Code   RO         5386    i.vPortSetupTimerInterrupt  port.o
    0x08005658   0x08005658   0x00000050   Code   RO         4652    i.vTaskDelay        tasks.o
    0x080056a8   0x080056a8   0x00000088   Code   RO         4665    i.vTaskStartScheduler  tasks.o
    0x08005730   0x08005730   0x00000010   Code   RO         4667    i.vTaskSuspendAll   tasks.o
    0x08005740   0x08005740   0x00000060   Code   RO         4668    i.vTaskSwitchContext  tasks.o
    0x080057a0   0x080057a0   0x000000b4   Code   RO         5388    i.xPortStartScheduler  port.o
    0x08005854   0x08005854   0x0000006c   Code   RO         4670    i.xTaskCreate       tasks.o
    0x080058c0   0x080058c0   0x00000060   Code   RO         4671    i.xTaskCreateStatic  tasks.o
    0x08005920   0x08005920   0x000000d0   Code   RO         4678    i.xTaskIncrementTick  tasks.o
    0x080059f0   0x080059f0   0x000000cc   Code   RO         4684    i.xTaskResumeAll    tasks.o
    0x08005abc   0x08005abc   0x00000070   Data   RO          382    .constdata          freertos.o
    0x08005b2c   0x08005b2c   0x00000010   Data   RO         4135    .constdata          system_stm32f1xx.o
    0x08005b3c   0x08005b3c   0x00000008   Data   RO         4136    .constdata          system_stm32f1xx.o
    0x08005b44   0x08005b44   0x00000034   Data   RO          383    .conststring        freertos.o
    0x08005b78   0x08005b78   0x00000020   Data   RO         5788    Region$$Table       anon$$obj.o


    Execution Region RW_IRAM1 (Exec base: 0x20000000, Load base: 0x08005b98, Size: 0x00001918, Max: 0x00005000, ABSOLUTE)

    Exec Addr    Load Addr    Size         Type   Attr      Idx    E Section Name        Object

    0x20000000   0x08005b98   0x00000002   Data   RW           28    .data               process.o
    0x20000002   0x08005b9a   0x00000002   PAD
    0x20000004   0x08005b9c   0x00000010   Data   RW          384    .data               freertos.o
    0x20000014   0x08005bac   0x00000014   Data   RW          528    .data               can.o
    0x20000028   0x08005bc0   0x0000000c   Data   RW         1333    .data               stm32f1xx_hal.o
    0x20000034   0x08005bcc   0x00000004   Data   RW         4137    .data               system_stm32f1xx.o
    0x20000038   0x08005bd0   0x0000003c   Data   RW         4687    .data               tasks.o
    0x20000074   0x08005c0c   0x00000018   Data   RW         5326    .data               heap_4.o
    0x2000008c   0x08005c24   0x0000000c   Data   RW         5389    .data               port.o
    0x20000098   0x08005c30   0x00000004   Data   RW         5766    .data               mc_w.l(stdout.o)
    0x2000009c        -       0x00000334   Zero   RW          378    .bss                freertos.o
    0x200003d0        -       0x000001d4   Zero   RW          379    .bss                freertos.o
    0x200005a4        -       0x00000024   Zero   RW          380    .bss                freertos.o
    0x200005c8        -       0x0000000e   Zero   RW          381    .bss                freertos.o
    0x200005d6   0x08005c34   0x00000002   PAD
    0x200005d8        -       0x00000074   Zero   RW          454    .bss                adc.o
    0x2000064c        -       0x0000005c   Zero   RW          527    .bss                can.o
    0x200006a8        -       0x00000054   Zero   RW          661    .bss                i2c.o
    0x200006fc        -       0x0000000c   Zero   RW          725    .bss                iwdg.o
    0x20000708        -       0x00000090   Zero   RW          759    .bss                tim.o
    0x20000798        -       0x00000044   Zero   RW          813    .bss                usart.o
    0x200007dc        -       0x00000048   Zero   RW          960    .bss                stm32f1xx_hal_timebase_tim.o
    0x20000824        -       0x000000f0   Zero   RW         4686    .bss                tasks.o
    0x20000914        -       0x00000c00   Zero   RW         5325    .bss                heap_4.o
    0x20001514   0x08005c34   0x00000004   PAD
    0x20001518        -       0x00000400   Zero   RW            1    STACK               startup_stm32f103xb.o


==============================================================================

Image component sizes


      Code (inc. data)   RO Data    RW Data    ZI Data      Debug   Object Name

       436         30          0          0        116       2874   adc.o
      1428        270          0         20         92       7401   can.o
       130          0          0          0          0      22107   cmsis_os.o
        28          4          0          0          0        746   dma.o
         0          0          0          0          0      18180   event_groups.o
       520         46        164         16       1338       8008   freertos.o
       132          8          0          0          0        919   gpio.o
       492         32          0         24       3072       7367   heap_4.o
       420         44          0          0         84       4780   i2c.o
        44          8          0          0         12        687   iwdg.o
       144          0          0          0          0       3414   list.o
       302         50          0          0          0      33054   main.o
       602         62          0         12          0      10324   port.o
      2088        184          0          2          0     478284   process.o
        36          8        236          0       1024        800   startup_stm32f103xb.o
       104         20          0         12          0       5222   stm32f1xx_hal.o
      1352         52          0          0          0       9226   stm32f1xx_hal_adc.o
       300          4          0          0          0       1802   stm32f1xx_hal_adc_ex.o
      1844          0          0          0          0      14130   stm32f1xx_hal_can.o
       166         10          0          0          0      27758   stm32f1xx_hal_cortex.o
       630         42          0          0          0       3099   stm32f1xx_hal_dma.o
       520         22          0          0          0       4020   stm32f1xx_hal_gpio.o
      2586         52          0          0          0      12778   stm32f1xx_hal_i2c.o
       114          0          0          0          0       1855   stm32f1xx_hal_iwdg.o
        72         10          0          0          0        866   stm32f1xx_hal_msp.o
      1668        126          0          0          0       6355   stm32f1xx_hal_rcc.o
       560         52          0          0          0       2877   stm32f1xx_hal_rcc_ex.o
      1846         22          0          0          0      12240   stm32f1xx_hal_tim.o
       114          0          0          0          0       2357   stm32f1xx_hal_tim_ex.o
       116         18          0          0         72       1359   stm32f1xx_hal_timebase_tim.o
       592          6          0          0          0       4015   stm32f1xx_hal_uart.o
        48         18          0          0          0       3902   stm32f1xx_it.o
         0          0          0          0          0        392   stream_buffer.o
         2          0         24          4          0       1107   system_stm32f1xx.o
      1616        140          0         60        240      17133   tasks.o
       616         38          0          0        144       3117   tim.o
       200         22          0          0         68       2230   usart.o

    ----------------------------------------------------------------------
     21908       1400        456        152       6268     736785   Object Totals
         0          0         32          0          0          0   (incl. Generated)
        40          0          0          2          6          0   (incl. Padding)

    ----------------------------------------------------------------------

      Code (inc. data)   RO Data    RW Data    ZI Data      Debug   Library Member Name

         0          0          0          0          0          0   entry.o
         0          0          0          0          0          0   entry10a.o
         0          0          0          0          0          0   entry11a.o
         8          4          0          0          0          0   entry2.o
         4          0          0          0          0          0   entry5.o
         0          0          0          0          0          0   entry7b.o
         0          0          0          0          0          0   entry8b.o
         8          4          0          0          0          0   entry9a.o
        30          0          0          0          0          0   handlers.o
        36          8          0          0          0         68   init.o
         0          0          0          0          0          0   iusefp.o
       372         14          0          0          0        184   printf1.o
         0          0          0          4          0          0   stdout.o
        44          0          0          0          0         80   uidiv.o
       176          0          0          0          0        140   fadd.o
       124          0          0          0          0         88   fdiv.o
       110          0          0          0          0        168   fepilogue.o
        40          0          0          0          0         68   ffixui.o
        18          0          0          0          0         68   fflti.o
        10          0          0          0          0         68   ffltui.o
       100          0          0          0          0         76   fmul.o

    ----------------------------------------------------------------------
      1084         30          0          4          0       1008   Library Totals
         4          0          0          0          0          0   (incl. Padding)

    ----------------------------------------------------------------------

      Code (inc. data)   RO Data    RW Data    ZI Data      Debug   Library Name

       502         30          0          4          0        332   mc_w.l
       578          0          0          0          0        676   mf_w.l

    ----------------------------------------------------------------------
      1084         30          0          4          0       1008   Library Totals

    ----------------------------------------------------------------------

==============================================================================


      Code (inc. data)   RO Data    RW Data    ZI Data      Debug   

     22992       1430        456        156       6268     728481   Grand Totals
     22992       1430        456        156       6268     728481   ELF Image Totals
     22992       1430        456        156          0          0   ROM Totals

==============================================================================

    Total RO  Size (Code + RO Data)                23448 (  22.90kB)
    Total RW  Size (RW Data + ZI Data)              6424 (   6.27kB)
    Total ROM Size (Code + RO Data + RW Data)      23604 (  23.05kB)

==============================================================================

